BL51 BANKED LINKER/LOCATER V4.02                                                        12/07/2019  23:59:12  PAGE 1


BL51 BANKED LINKER/LOCATER V4.02, INVOKED BY:
C:\KEIL\C51\BIN\BL51.EXE Directory_Functions_struct.obj, LCD_hardware_functions.obj, LCD_routines.obj, LED_Control.obj, 
>> Long_Serial_In.obj, Outputs.obj, print_bytes.obj, Read_Sector.obj, SD_card_test.obj, SDCard.obj, SPI.obj, Timer0_hard
>> ware_delay_1ms.obj, UART.obj, sEOS.obj TO CPE5160_Final RAMSIZE (256)


MEMORY MODEL: SMALL


INPUT MODULES INCLUDED:
  Directory_Functions_struct.obj (DIRECTORY_FUNCTIONS_STRUCT)
  LCD_hardware_functions.obj (LCD_HARDWARE_FUNCTIONS)
  LCD_routines.obj (LCD_ROUTINES)
  LED_Control.obj (LED_CONTROL)
  Long_Serial_In.obj (LONG_SERIAL_IN)
  Outputs.obj (OUTPUTS)
  print_bytes.obj (PRINT_BYTES)
  Read_Sector.obj (READ_SECTOR)
  SD_card_test.obj (SD_CARD_TEST)
  SDCard.obj (SDCARD)
  SPI.obj (SPI)
  Timer0_hardware_delay_1ms.obj (TIMER0_HARDWARE_DELAY_1MS)
  UART.obj (UART)
  sEOS.obj (SEOS)
  C:\KEIL\C51\LIB\C51S.LIB (?C_STARTUP)
  C:\KEIL\C51\LIB\C51S.LIB (?C?CLDPTR)
  C:\KEIL\C51\LIB\C51S.LIB (?C?CLDOPTR)
  C:\KEIL\C51\LIB\C51S.LIB (?C?CSTPTR)
  C:\KEIL\C51\LIB\C51S.LIB (?C?CSTOPTR)
  C:\KEIL\C51\LIB\C51S.LIB (?C?UIDIV)
  C:\KEIL\C51\LIB\C51S.LIB (?C?LMUL)
  C:\KEIL\C51\LIB\C51S.LIB (?C?ULDIV)
  C:\KEIL\C51\LIB\C51S.LIB (?C?SLCMP)
  C:\KEIL\C51\LIB\C51S.LIB (?C?ULCMP)
  C:\KEIL\C51\LIB\C51S.LIB (?C?ULSHR)
  C:\KEIL\C51\LIB\C51S.LIB (?C?LSHL)
  C:\KEIL\C51\LIB\C51S.LIB (?C?LLDOPTR)
  C:\KEIL\C51\LIB\C51S.LIB (?C?LLDIDATA)
  C:\KEIL\C51\LIB\C51S.LIB (?C?LLDIDATA0)
  C:\KEIL\C51\LIB\C51S.LIB (?C?LSTIDATA)
  C:\KEIL\C51\LIB\C51S.LIB (?C?LSTXDATA)
  C:\KEIL\C51\LIB\C51S.LIB (PUTCHAR)
  C:\KEIL\C51\LIB\C51S.LIB (PRINTF)
  C:\KEIL\C51\LIB\C51S.LIB (ATOL)
  C:\KEIL\C51\LIB\C51S.LIB (?C?LNEG)
  C:\KEIL\C51\LIB\C51S.LIB (?C?LLDXDATA)
  C:\KEIL\C51\LIB\C51S.LIB (?C?LLDPDATA)
  C:\KEIL\C51\LIB\C51S.LIB (?C?LLDCODE)
  C:\KEIL\C51\LIB\C51S.LIB (?C?PLDIIDATA)
  C:\KEIL\C51\LIB\C51S.LIB (?C?CCASE)
  C:\KEIL\C51\LIB\C51S.LIB (ISDIGIT)
  C:\KEIL\C51\LIB\C51S.LIB (ISSPACE)


LINK MAP OF MODULE:  CPE5160_Final (DIRECTORY_FUNCTIONS_STRUCT)


            TYPE    BASE      LENGTH    RELOCATION   SEGMENT NAME
BL51 BANKED LINKER/LOCATER V4.02                                                      12/07/2019  23:59:12  PAGE 2


            -----------------------------------------------------

            * * * * * * *   D A T A   M E M O R Y   * * * * * * *
            REG     0000H     0008H     ABSOLUTE     "REG BANK 0"
            IDATA   0008H     0016H     UNIT         ?ID?DIRECTORY_FUNCTIONS_STRUCT
            IDATA   001EH     0001H     UNIT         ?ID?SDCARD
                    001FH     0001H                  *** GAP ***
            BIT     0020H.0   0001H.1   UNIT         _BIT_GROUP_
                    0021H.1   0000H.7                *** GAP ***
            DATA    0022H     005DH     UNIT         _DATA_GROUP_
            IDATA   007FH     0001H     UNIT         ?STACK

            * * * * * * *  X D A T A   M E M O R Y  * * * * * * *
            XDATA   0000H     0400H     UNIT         ?XD?SD_CARD_TEST
            XDATA   0400H     0008H     UNIT         _XDATA_GROUP_

            * * * * * * *   C O D E   M E M O R Y   * * * * * * *
            CODE    0000H     0003H     ABSOLUTE     
            CODE    0003H     0444H     UNIT         ?PR?_MOUNT_DRIVE?DIRECTORY_FUNCTIONS_STRUCT
            CODE    0447H     03F2H     UNIT         ?PR?SD_CARD_INIT?SDCARD
            CODE    0839H     035CH     UNIT         ?PR?PRINTF?PRINTF
            CODE    0B95H     0306H     UNIT         ?C?LIB_CODE
            CODE    0E9BH     0271H     UNIT         ?CO?DIRECTORY_FUNCTIONS_STRUCT
            CODE    110CH     0233H     UNIT         ?PR?_READ_DIR_ENTRY?DIRECTORY_FUNCTIONS_STRUCT
            CODE    133FH     0224H     UNIT         ?PR?MAIN?SD_CARD_TEST
            CODE    1563H     020EH     UNIT         ?CO?SDCARD
            CODE    1771H     01EFH     UNIT         ?PR?_PRINT_DIRECTORY?DIRECTORY_FUNCTIONS_STRUCT
            CODE    1960H     014DH     UNIT         ?PR?_OPEN_FILE?DIRECTORY_FUNCTIONS_STRUCT
            CODE    1AADH     010BH     UNIT         ?PR?_SEND_COMMAND?SDCARD
            CODE    1BB8H     00FFH     UNIT         ?PR?_READ_BLOCK?SDCARD
            CODE    1CB7H     00DEH     UNIT         ?PR?_ATOL?ATOL
            CODE    1D95H     00D1H     UNIT         ?PR?LONG_SERIAL_INPUT?LONG_SERIAL_IN
            CODE    1E66H     00D0H     UNIT         ?CO?SD_CARD_TEST
            CODE    1F36H     00B4H     UNIT         ?PR?_RESPONSE?SDCARD
            CODE    1FEAH     00ABH     UNIT         ?PR?_FIND_NEXT_CLUS?DIRECTORY_FUNCTIONS_STRUCT
            CODE    2095H     008CH     UNIT         ?PR?_SPI_MASTER_INIT?SPI
            CODE    2121H     0085H     UNIT         ?PR?_LCD_PRINT?LCD_ROUTINES
            CODE    21A6H     0078H     UNIT         ?PR?_PRINT_16BYTES?PRINT_BYTES
            CODE    221EH     0071H     UNIT         ?PR?_FIRST_SECTOR?DIRECTORY_FUNCTIONS_STRUCT
            CODE    228FH     006EH     UNIT         ?PR?_READ32?DIRECTORY_FUNCTIONS_STRUCT
            CODE    22FDH     006EH     UNIT         ?PR?_PRINT_ERROR?SDCARD
            CODE    236BH     006AH     UNIT         ?PR?_READ16?DIRECTORY_FUNCTIONS_STRUCT
            CODE    23D5H     005FH     UNIT         ?PR?_PRINT_MEMORY?PRINT_BYTES
            CODE    2434H     0055H     UNIT         ?PR?_READ_SECTOR?READ_SECTOR
            CODE    2489H     0045H     UNIT         ?CO?PRINT_BYTES
            CODE    24CEH     0045H     UNIT         ?PR?_SPI_TRANSFER?SPI
            CODE    2513H     0038H     UNIT         ?PR?LCD_INIT?LCD_ROUTINES
            CODE    254BH     0035H     UNIT         ?PR?_UART_INIT?UART
            CODE    2580H     0035H     UNIT         ?PR?_SEOS_INIT?SEOS
            CODE    25B5H     002AH     UNIT         ?PR?_LCD_WRITE?LCD_HARDWARE_FUNCTIONS
            CODE    25DFH     0027H     UNIT         ?PR?PUTCHAR?PUTCHAR
            CODE    2606H     0026H     UNIT         ?PR?_TIMER0_DELAY_1MS?TIMER0_HARDWARE_DELAY_1MS
            CODE    262CH     0020H     UNIT         ?PR?_UART_TRANSMIT?UART
            CODE    264CH     0018H     UNIT         ?PR?_READ8?DIRECTORY_FUNCTIONS_STRUCT
            CODE    2664H     0013H     UNIT         ?PR?_ISSPACE?ISSPACE
            CODE    2677H     000FH     UNIT         ?PR?_ISDIGIT?ISDIGIT
            CODE    2686H     000CH     UNIT         ?C_C51STARTUP
BL51 BANKED LINKER/LOCATER V4.02                                                      12/07/2019  23:59:12  PAGE 3


            CODE    2692H     0008H     UNIT         ?PR?UART_RECEIVE?UART
            CODE    269AH     0007H     UNIT         ?PR?EXPORT_DRIVE_VALUES?DIRECTORY_FUNCTIONS_STRUCT
            CODE    26A1H     0005H     UNIT         ?PR?_LEDS_ON?LED_CONTROL
            CODE    26A6H     0005H     UNIT         ?PR?_P3_CLEAR_BIT?OUTPUTS
            CODE    26ABH     0005H     UNIT         ?PR?RETURN_SD_CARD_TYPE?SDCARD
            CODE    26B0H     0005H     UNIT         ?PR?_SPI_SELECT_CLEAR?SPI
            CODE    26B5H     0004H     UNIT         ?PR?_LEDS_OFF?LED_CONTROL
            CODE    26B9H     0004H     UNIT         ?PR?_P2_SET_BIT?OUTPUTS
            CODE    26BDH     0004H     UNIT         ?PR?_P3_SET_BIT?OUTPUTS
            CODE    26C1H     0004H     UNIT         ?PR?_SPI_SELECT_SET?SPI
            CODE    26C5H     0004H     UNIT         ?PR?GO_TO_SLEEP?SEOS
            CODE    26C9H     0003H     UNIT         ?PR?_P0_OUTPUT_BITS?OUTPUTS



OVERLAY MAP OF MODULE:   CPE5160_Final (DIRECTORY_FUNCTIONS_STRUCT)


SEGMENT                                                       BIT_GROUP          DATA_GROUP          XDATA_GROUP
  +--> CALLED SEGMENT                                      START    LENGTH     START    LENGTH     START    LENGTH
------------------------------------------------------------------------------------------------------------------
?C_C51STARTUP                                              -----    -----      -----    -----      -----    -----
  +--> ?PR?MAIN?SD_CARD_TEST

?PR?MAIN?SD_CARD_TEST                                      -----    -----      0022H    0017H      -----    -----
  +--> ?PR?EXPORT_DRIVE_VALUES?DIRECTORY_FUNCTIONS_STRUCT
  +--> ?PR?_P2_SET_BIT?OUTPUTS
  +--> ?PR?_LEDS_OFF?LED_CONTROL
  +--> ?PR?_LEDS_ON?LED_CONTROL
  +--> ?PR?_UART_INIT?UART
  +--> ?PR?LCD_INIT?LCD_ROUTINES
  +--> ?CO?SD_CARD_TEST
  +--> ?PR?PRINTF?PRINTF
  +--> ?PR?_LCD_PRINT?LCD_ROUTINES
  +--> ?PR?_SPI_MASTER_INIT?SPI
  +--> ?PR?_UART_TRANSMIT?UART
  +--> ?PR?SD_CARD_INIT?SDCARD
  +--> ?PR?RETURN_SD_CARD_TYPE?SDCARD
  +--> ?PR?_MOUNT_DRIVE?DIRECTORY_FUNCTIONS_STRUCT
  +--> ?PR?_PRINT_DIRECTORY?DIRECTORY_FUNCTIONS_STRUCT
  +--> ?PR?LONG_SERIAL_INPUT?LONG_SERIAL_IN
  +--> ?PR?_READ_DIR_ENTRY?DIRECTORY_FUNCTIONS_STRUCT
  +--> ?PR?_FIRST_SECTOR?DIRECTORY_FUNCTIONS_STRUCT
  +--> ?PR?_OPEN_FILE?DIRECTORY_FUNCTIONS_STRUCT

?PR?LCD_INIT?LCD_ROUTINES                                  -----    -----      -----    -----      -----    -----
  +--> ?PR?_LCD_WRITE?LCD_HARDWARE_FUNCTIONS
  +--> ?PR?_TIMER0_DELAY_1MS?TIMER0_HARDWARE_DELAY_1MS

?PR?_LCD_WRITE?LCD_HARDWARE_FUNCTIONS                      -----    -----      003FH    0001H      -----    -----
  +--> ?PR?_P3_CLEAR_BIT?OUTPUTS
  +--> ?PR?_P3_SET_BIT?OUTPUTS
  +--> ?PR?_P0_OUTPUT_BITS?OUTPUTS

?PR?PRINTF?PRINTF                                          0020H.0  0001H.1    006BH    0014H      -----    -----
  +--> ?PR?PUTCHAR?PUTCHAR

BL51 BANKED LINKER/LOCATER V4.02                                                      12/07/2019  23:59:12  PAGE 4


?PR?_LCD_PRINT?LCD_ROUTINES                                -----    -----      0039H    0006H      -----    -----
  +--> ?PR?_LCD_WRITE?LCD_HARDWARE_FUNCTIONS
  +--> ?PR?_TIMER0_DELAY_1MS?TIMER0_HARDWARE_DELAY_1MS

?PR?_SPI_MASTER_INIT?SPI                                   -----    -----      0039H    0001H      -----    -----

?PR?SD_CARD_INIT?SDCARD                                    -----    -----      0039H    0014H      -----    -----
  +--> ?PR?_SPI_SELECT_SET?SPI
  +--> ?CO?SDCARD
  +--> ?PR?PRINTF?PRINTF
  +--> ?PR?_SPI_TRANSFER?SPI
  +--> ?PR?_LEDS_ON?LED_CONTROL
  +--> ?PR?_SPI_SELECT_CLEAR?SPI
  +--> ?PR?_SEND_COMMAND?SDCARD
  +--> ?PR?_RESPONSE?SDCARD
  +--> ?PR?_LEDS_OFF?LED_CONTROL
  +--> ?PR?PUTCHAR?PUTCHAR
  +--> ?PR?_PRINT_ERROR?SDCARD

?PR?_SPI_TRANSFER?SPI                                      -----    -----      0073H    0002H      -----    -----

?PR?_SEND_COMMAND?SDCARD                                   -----    -----      0069H    0009H      -----    -----
  +--> ?PR?_SPI_TRANSFER?SPI

?PR?_RESPONSE?SDCARD                                       -----    -----      004DH    0009H      -----    -----
  +--> ?PR?_SPI_TRANSFER?SPI

?PR?_PRINT_ERROR?SDCARD                                    -----    -----      004DH    0001H      -----    -----
  +--> ?CO?SDCARD
  +--> ?PR?PRINTF?PRINTF

?PR?_MOUNT_DRIVE?DIRECTORY_FUNCTIONS_STRUCT                -----    -----      0039H    0025H      0400H    0008H
  +--> ?PR?_READ_SECTOR?READ_SECTOR
  +--> ?PR?_READ8?DIRECTORY_FUNCTIONS_STRUCT
  +--> ?CO?DIRECTORY_FUNCTIONS_STRUCT
  +--> ?PR?PRINTF?PRINTF
  +--> ?PR?_READ32?DIRECTORY_FUNCTIONS_STRUCT
  +--> ?PR?_PRINT_MEMORY?PRINT_BYTES
  +--> ?PR?_READ16?DIRECTORY_FUNCTIONS_STRUCT

?PR?_READ_SECTOR?READ_SECTOR                               -----    -----      005EH    000BH      -----    -----
  +--> ?PR?RETURN_SD_CARD_TYPE?SDCARD
  +--> ?PR?_SPI_SELECT_CLEAR?SPI
  +--> ?PR?_SEND_COMMAND?SDCARD
  +--> ?PR?_READ_BLOCK?SDCARD
  +--> ?PR?_SPI_SELECT_SET?SPI

?PR?_READ_BLOCK?SDCARD                                     -----    -----      0069H    000AH      -----    -----
  +--> ?PR?_SPI_TRANSFER?SPI

?PR?_READ32?DIRECTORY_FUNCTIONS_STRUCT                     -----    -----      005EH    000AH      -----    -----

?PR?_PRINT_MEMORY?PRINT_BYTES                              -----    -----      005EH    0008H      -----    -----
  +--> ?CO?PRINT_BYTES
  +--> ?PR?PRINTF?PRINTF
  +--> ?PR?_PRINT_16BYTES?PRINT_BYTES

BL51 BANKED LINKER/LOCATER V4.02                                                      12/07/2019  23:59:12  PAGE 5


?PR?_PRINT_16BYTES?PRINT_BYTES                             -----    -----      0066H    0005H      -----    -----
  +--> ?CO?PRINT_BYTES
  +--> ?PR?PRINTF?PRINTF
  +--> ?PR?_UART_TRANSMIT?UART

?PR?_READ16?DIRECTORY_FUNCTIONS_STRUCT                     -----    -----      005EH    000AH      -----    -----

?PR?_PRINT_DIRECTORY?DIRECTORY_FUNCTIONS_STRUCT            -----    -----      0039H    001AH      -----    -----
  +--> ?PR?_READ_SECTOR?READ_SECTOR
  +--> ?PR?_READ8?DIRECTORY_FUNCTIONS_STRUCT
  +--> ?CO?DIRECTORY_FUNCTIONS_STRUCT
  +--> ?PR?PRINTF?PRINTF
  +--> ?PR?PUTCHAR?PUTCHAR

?PR?LONG_SERIAL_INPUT?LONG_SERIAL_IN                       -----    -----      004DH    0011H      -----    -----
  +--> ?PR?UART_RECEIVE?UART
  +--> ?PR?PUTCHAR?PUTCHAR
  +--> ?PR?_UART_TRANSMIT?UART
  +--> ?PR?_ATOL?ATOL

?PR?_ATOL?ATOL                                             0020H.0  0000H.1    005EH    0007H      -----    -----
  +--> ?PR?_ISSPACE?ISSPACE
  +--> ?PR?_ISDIGIT?ISDIGIT

?PR?_READ_DIR_ENTRY?DIRECTORY_FUNCTIONS_STRUCT             -----    -----      0039H    001EH      -----    -----
  +--> ?PR?_READ_SECTOR?READ_SECTOR
  +--> ?PR?_READ8?DIRECTORY_FUNCTIONS_STRUCT

?PR?_FIRST_SECTOR?DIRECTORY_FUNCTIONS_STRUCT               -----    -----      004DH    0008H      -----    -----

?PR?_OPEN_FILE?DIRECTORY_FUNCTIONS_STRUCT                  -----    -----      0039H    0014H      -----    -----
  +--> ?CO?DIRECTORY_FUNCTIONS_STRUCT
  +--> ?PR?PRINTF?PRINTF
  +--> ?PR?LONG_SERIAL_INPUT?LONG_SERIAL_IN
  +--> ?PR?_FIRST_SECTOR?DIRECTORY_FUNCTIONS_STRUCT
  +--> ?PR?_READ_SECTOR?READ_SECTOR
  +--> ?PR?_PRINT_MEMORY?PRINT_BYTES
  +--> ?PR?_FIND_NEXT_CLUS?DIRECTORY_FUNCTIONS_STRUCT

?PR?_FIND_NEXT_CLUS?DIRECTORY_FUNCTIONS_STRUCT             -----    -----      004DH    0006H      -----    -----
  +--> ?PR?_READ_SECTOR?READ_SECTOR
  +--> ?PR?_READ32?DIRECTORY_FUNCTIONS_STRUCT



SYMBOL TABLE OF MODULE:  CPE5160_Final (DIRECTORY_FUNCTIONS_STRUCT)

  VALUE           TYPE          NAME
  ----------------------------------

  -------         MODULE        DIRECTORY_FUNCTIONS_STRUCT
  C:0000H         SYMBOL        _ICE_DUMMY_
  B:00D8H.2       PUBLIC        CCF2
  B:00D8H.3       PUBLIC        CCF3
  D:0080H         PUBLIC        P0
  B:00D8H.4       PUBLIC        CCF4
  D:0090H         PUBLIC        P1
BL51 BANKED LINKER/LOCATER V4.02                                                      12/07/2019  23:59:12  PAGE 6


  D:00A0H         PUBLIC        P2
  D:00B0H         PUBLIC        P3
  B:00B0H.4       PUBLIC        T0
  B:00D0H.6       PUBLIC        AC
  B:00B0H.5       PUBLIC        T1
  B:00B0H.7       PUBLIC        nRD
  B:0090H.0       PUBLIC        T2
  B:00A8H.7       PUBLIC        EA
  B:00A8H.6       PUBLIC        EC
  B:00D8H.7       PUBLIC        CF
  B:00B0H.2       PUBLIC        nINT0
  B:0098H.7       PUBLIC        FE
  C:1771H         PUBLIC        _Print_Directory
  B:00B0H.3       PUBLIC        nINT1
  D:00A8H         PUBLIC        IEN0
  B:00B0H.0       PUBLIC        RxD
  B:0090H.0       PUBLIC        P1_0
  B:00B0H.1       PUBLIC        TxD
  B:0090H.3       PUBLIC        CEX0
  B:0090H.1       PUBLIC        P1_1
  B:0090H.4       PUBLIC        CEX1
  B:0090H.2       PUBLIC        P1_2
  B:00C8H.0       PUBLIC        CP
  B:0090H.3       PUBLIC        P1_3
  B:00B0H.2       PUBLIC        P3_2
  B:00D8H.6       PUBLIC        CR
  B:00B0H.3       PUBLIC        P3_3
  B:00C8H.6       PUBLIC        EXF2
  D:00B8H         PUBLIC        IPL0
  B:00B0H.4       PUBLIC        P3_4
  B:00B0H.5       PUBLIC        P3_5
  B:00B0H.6       PUBLIC        nWR
  B:00A8H.4       PUBLIC        ES
  B:0098H.0       PUBLIC        RI
  B:00D0H.7       PUBLIC        CY
  B:0098H.1       PUBLIC        TI
  B:00B8H.1       PUBLIC        PT0L
  B:00B8H.3       PUBLIC        PT1L
  B:00B8H.5       PUBLIC        PT2L
  B:0090H.1       PUBLIC        T2EX
  D:00D8H         PUBLIC        CCON
  B:00B0H.6       PUBLIC        RS
  B:00B8H.0       PUBLIC        PX0L
  B:00D0H.2       PUBLIC        OV
  B:0090H.1       PUBLIC        SS
  B:00B8H.2       PUBLIC        PX1L
  B:00C8H.5       PUBLIC        RCLK
  B:00C8H.4       PUBLIC        TCLK
  B:00B8H.6       PUBLIC        PPCL
  B:00A0H.4       PUBLIC        REDLED
  D:0098H         PUBLIC        SCON
  B:00A0H.6       PUBLIC        YELLOWLED
  B:0090H.4       PUBLIC        nCS0
  B:0080H.0       PUBLIC        AD0
  D:0088H         PUBLIC        TCON
  C:265BH         PUBLIC        _read8
  B:0080H.1       PUBLIC        AD1
BL51 BANKED LINKER/LOCATER V4.02                                                      12/07/2019  23:59:12  PAGE 7


  B:0080H.2       PUBLIC        AD2
  B:00B0H.1       PUBLIC        per_RxD
  B:00C8H.1       PUBLIC        CnT2
  B:0080H.3       PUBLIC        AD3
  B:0090H.5       PUBLIC        MISO
  B:0090H.7       PUBLIC        MOSI
  B:0080H.4       PUBLIC        AD4
  B:00B0H.0       PUBLIC        per_TxD
  B:0080H.5       PUBLIC        AD5
  B:0080H.6       PUBLIC        AD6
  B:0080H.7       PUBLIC        AD7
  B:00A0H.0       PUBLIC        AD8
  B:00A0H.1       PUBLIC        AD9
  B:0088H.1       PUBLIC        IE0
  C:221EH         PUBLIC        _First_Sector
  B:00A0H.7       PUBLIC        AMBERLED
  B:0088H.3       PUBLIC        IE1
  B:00B0H.7       PUBLIC        E
  B:00A0H.5       PUBLIC        GREENLED
  B:00A8H.1       PUBLIC        ET0
  B:00A8H.3       PUBLIC        ET1
  B:0088H.5       PUBLIC        TF0
  B:00A8H.5       PUBLIC        ET2
  B:0088H.7       PUBLIC        TF1
  B:00C8H.7       PUBLIC        TF2
  B:0098H.2       PUBLIC        RB8
  B:00A8H.0       PUBLIC        EX0
  B:0088H.0       PUBLIC        IT0
  B:0098H.3       PUBLIC        TB8
  B:00A8H.2       PUBLIC        EX1
  B:0088H.2       PUBLIC        IT1
  B:00D0H.0       PUBLIC        P
  B:0098H.7       PUBLIC        SM0
  B:0090H.2       PUBLIC        ECI
  B:0098H.6       PUBLIC        SM1
  B:0098H.5       PUBLIC        SM2
  C:0003H         PUBLIC        _Mount_Drive
  C:110CH         PUBLIC        _Read_Dir_Entry
  B:00D0H.3       PUBLIC        RS0
  C:1960H         PUBLIC        _Open_File
  B:0088H.4       PUBLIC        TR0
  B:00D0H.4       PUBLIC        RS1
  B:0090H.6       PUBLIC        per_SCLK
  B:0088H.6       PUBLIC        TR1
  C:269AH         PUBLIC        Export_Drive_values
  B:00C8H.2       PUBLIC        TR2
  B:00A0H.0       PUBLIC        SW1
  B:00A0H.1       PUBLIC        SW2
  B:00A0H.2       PUBLIC        SW3
  C:1FEAH         PUBLIC        _Find_Next_Clus
  B:00A0H.3       PUBLIC        SW4
  B:0090H.6       PUBLIC        SCK
  B:0090H.7       PUBLIC        per_MOSI
  B:0090H.5       PUBLIC        per_MISO
  C:228FH         PUBLIC        _read32
  B:00C8H.3       PUBLIC        EXEN2
  C:236BH         PUBLIC        _read16
BL51 BANKED LINKER/LOCATER V4.02                                                      12/07/2019  23:59:12  PAGE 8


  B:0098H.4       PUBLIC        REN
  B:00A0H.2       PUBLIC        AD10
  B:00A0H.3       PUBLIC        AD11
  D:00C8H         PUBLIC        T2CON
  B:00A0H.4       PUBLIC        AD12
  B:00A0H.5       PUBLIC        AD13
  B:00A0H.6       PUBLIC        AD14
  B:00A0H.7       PUBLIC        AD15
  B:00B8H.4       PUBLIC        PLS
  I:0008H         PUBLIC        Drive_values
  B:00D0H.5       PUBLIC        F0
  B:00D0H.1       PUBLIC        F1
  D:00D0H         PUBLIC        PSW
  B:00D8H.0       PUBLIC        CCF0
  B:00D8H.1       PUBLIC        CCF1
  -------         PROC          EXPORT_DRIVE_VALUES
  C:269AH         LINE#         28
  C:269AH         LINE#         29
  C:269AH         LINE#         30
  C:26A0H         LINE#         31
  -------         ENDPROC       EXPORT_DRIVE_VALUES
  -------         PROC          L?0082
  -------         ENDPROC       L?0082
  -------         PROC          _READ8
  D:0006H         SYMBOL        offset
  D:0001H         SYMBOL        array_name
  -------         DO            array_name
  D:0007H         SYMBOL        return_value
  -------         ENDDO         return_value
  C:265BH         LINE#         33
  C:265BH         LINE#         34
  C:265BH         LINE#         36
  C:2663H         LINE#         37
  C:2663H         LINE#         39
  -------         ENDPROC       _READ8
  -------         PROC          _READ16
  D:005EH         SYMBOL        offset
  D:0060H         SYMBOL        array_name
  -------         DO            array_name
  D:0063H         SYMBOL        return_value
  D:0003H         SYMBOL        temp
  D:0067H         SYMBOL        index
  -------         ENDDO         index
  C:236BH         LINE#         41
  C:2375H         LINE#         42
  C:2375H         LINE#         45
  C:237EH         LINE#         49
  C:2380H         LINE#         50
  C:2380H         LINE#         51
  C:23A0H         LINE#         52
  C:23B5H         LINE#         53
  C:23C9H         LINE#         54
  C:23D0H         LINE#         55
  C:23D4H         LINE#         56
  -------         ENDPROC       _READ16
  -------         PROC          _READ32
  D:005EH         SYMBOL        offset
BL51 BANKED LINKER/LOCATER V4.02                                                      12/07/2019  23:59:12  PAGE 9


  D:0060H         SYMBOL        array_name
  -------         DO            array_name
  D:0063H         SYMBOL        return_value
  D:0003H         SYMBOL        temp
  D:0067H         SYMBOL        index
  -------         ENDDO         index
  C:228FH         LINE#         58
  C:2299H         LINE#         59
  C:2299H         LINE#         62
  C:22A2H         LINE#         66
  C:22A4H         LINE#         67
  C:22A4H         LINE#         68
  C:22C4H         LINE#         69
  C:22D9H         LINE#         70
  C:22EDH         LINE#         71
  C:22F4H         LINE#         72
  C:22FCH         LINE#         73
  -------         ENDPROC       _READ32
  -------         PROC          _PRINT_DIRECTORY
  D:0039H         SYMBOL        Sector_num
  D:003DH         SYMBOL        array_in
  -------         DO            array_in
  D:003FH         SYMBOL        Sector
  D:0043H         SYMBOL        max_sectors
  D:0047H         SYMBOL        i
  D:0049H         SYMBOL        entries
  D:004BH         SYMBOL        temp8
  D:004CH         SYMBOL        j
  D:004DH         SYMBOL        attr
  D:004EH         SYMBOL        out_val
  D:004FH         SYMBOL        error_flag
  D:0050H         SYMBOL        values
  -------         ENDDO         values
  C:1771H         LINE#         83
  C:1779H         LINE#         84
  C:1779H         LINE#         91
  C:1782H         LINE#         92
  C:1787H         LINE#         93
  C:178BH         LINE#         94
  C:1791H         LINE#         95
  C:1791H         LINE#         96
  C:179EH         LINE#         97
  C:17A0H         LINE#         99
  C:17A0H         LINE#         100
  C:17ADH         LINE#         101
  C:17ADH         LINE#         102
  C:17B9H         LINE#         103
  C:17D8H         LINE#         104
  C:17DFH         LINE#         105
  C:17DFH         LINE#         107
  C:17DFH         LINE#         108
  C:17EEH         LINE#         109
  C:17FEH         LINE#         110
  C:17FEH         LINE#         111
  C:1812H         LINE#         112
  C:181BH         LINE#         113
  C:181BH         LINE#         114
BL51 BANKED LINKER/LOCATER V4.02                                                      12/07/2019  23:59:12  PAGE 10


  C:1823H         LINE#         115
  C:1831H         LINE#         116
  C:1834H         LINE#         117
  C:1834H         LINE#         118
  C:184AH         LINE#         119
  C:184DH         LINE#         120
  C:1856H         LINE#         121
  C:185BH         LINE#         122
  C:185BH         LINE#         123
  C:185EH         LINE#         124
  C:185EH         LINE#         125
  C:1874H         LINE#         126
  C:1877H         LINE#         127
  C:1880H         LINE#         128
  C:1889H         LINE#         129
  C:188BH         LINE#         131
  C:188BH         LINE#         132
  C:1890H         LINE#         133
  C:1893H         LINE#         134
  C:1893H         LINE#         135
  C:18A9H         LINE#         136
  C:18ACH         LINE#         137
  C:18B5H         LINE#         138
  C:18BAH         LINE#         139
  C:18BFH         LINE#         140
  C:18BFH         LINE#         141
  C:18BFH         LINE#         142
  C:18BFH         LINE#         143
  C:18CAH         LINE#         144
  C:18D5H         LINE#         145
  C:18D5H         LINE#         146
  C:18EAH         LINE#         147
  C:190DH         LINE#         148
  C:190DH         LINE#         149
  C:192CH         LINE#         150
  C:1930H         LINE#         151
  C:1930H         LINE#         152
  C:1935H         LINE#         153
  C:1937H         LINE#         154
  C:1937H         LINE#         155
  C:193CH         LINE#         156
  C:193EH         LINE#         158
  C:193EH         LINE#         159
  C:1941H         LINE#         160
  C:1944H         LINE#         161
  C:1944H         LINE#         162
  C:1944H         LINE#         164
  C:194BH         LINE#         165
  C:194DH         LINE#         167
  C:194DH         LINE#         168
  C:1956H         LINE#         169
  C:195BH         LINE#         170
  C:195BH         LINE#         171
  C:195FH         LINE#         172
  -------         ENDPROC       _PRINT_DIRECTORY
  -------         PROC          _READ_DIR_ENTRY
  D:0039H         SYMBOL        Sector_num
BL51 BANKED LINKER/LOCATER V4.02                                                      12/07/2019  23:59:12  PAGE 11


  D:003DH         SYMBOL        Entry
  D:003FH         SYMBOL        array_in
  -------         DO            array_in
  D:0041H         SYMBOL        Sector
  D:0045H         SYMBOL        max_sectors
  D:0049H         SYMBOL        return_clus
  D:004DH         SYMBOL        i
  D:004FH         SYMBOL        entries
  D:0051H         SYMBOL        temp8
  D:0052H         SYMBOL        attr
  D:0053H         SYMBOL        error_flag
  D:0054H         SYMBOL        values
  -------         ENDDO         values
  C:110CH         LINE#         185
  C:1114H         LINE#         186
  C:1114H         LINE#         192
  C:111DH         LINE#         193
  C:1122H         LINE#         194
  C:1126H         LINE#         195
  C:112EH         LINE#         196
  C:1134H         LINE#         197
  C:1134H         LINE#         198
  C:1141H         LINE#         199
  C:1143H         LINE#         201
  C:1143H         LINE#         202
  C:1150H         LINE#         203
  C:1150H         LINE#         204
  C:115CH         LINE#         205
  C:117BH         LINE#         206
  C:1182H         LINE#         207
  C:1182H         LINE#         209
  C:1182H         LINE#         210
  C:1191H         LINE#         211
  C:11A1H         LINE#         212
  C:11A1H         LINE#         213
  C:11A6H         LINE#         214
  C:11AFH         LINE#         215
  C:11AFH         LINE#         216
  C:11B7H         LINE#         217
  C:11C4H         LINE#         218
  C:11C4H         LINE#         219
  C:11CBH         LINE#         220
  C:11CBH         LINE#         221
  C:11DBH         LINE#         222
  C:11EEH         LINE#         223
  C:1207H         LINE#         224
  C:121BH         LINE#         225
  C:121BH         LINE#         226
  C:1234H         LINE#         227
  C:1248H         LINE#         228
  C:1261H         LINE#         229
  C:1266H         LINE#         230
  C:127DH         LINE#         231
  C:1280H         LINE#         232
  C:1280H         LINE#         234
  C:1280H         LINE#         235
  C:1280H         LINE#         236
BL51 BANKED LINKER/LOCATER V4.02                                                      12/07/2019  23:59:12  PAGE 12


  C:128BH         LINE#         237
  C:1296H         LINE#         238
  C:1296H         LINE#         239
  C:12ABH         LINE#         240
  C:12CEH         LINE#         241
  C:12CEH         LINE#         242
  C:12EDH         LINE#         243
  C:12F1H         LINE#         244
  C:12F1H         LINE#         245
  C:12FBH         LINE#         246
  C:12FDH         LINE#         247
  C:12FDH         LINE#         248
  C:1302H         LINE#         249
  C:1304H         LINE#         251
  C:1304H         LINE#         252
  C:1307H         LINE#         253
  C:1307H         LINE#         254
  C:1307H         LINE#         256
  C:130EH         LINE#         257
  C:1310H         LINE#         259
  C:1310H         LINE#         260
  C:131AH         LINE#         261
  C:131AH         LINE#         262
  C:1336H         LINE#         263
  C:133EH         LINE#         264
  -------         ENDPROC       _READ_DIR_ENTRY
  -------         PROC          _MOUNT_DRIVE
  D:0039H         SYMBOL        array_name
  -------         DO            array_name
  D:003BH         SYMBOL        temp_8
  D:003CH         SYMBOL        error_flag
  D:003DH         SYMBOL        RsvdSectorCount
  D:003FH         SYMBOL        NumFATS
  D:0040H         SYMBOL        RootEntryCnt
  D:0042H         SYMBOL        TotalSectors16
  D:0044H         SYMBOL        FATsz16
  D:0046H         SYMBOL        TotalSectors32
  D:004AH         SYMBOL        FATsz32
  D:004EH         SYMBOL        FATSz
  X:0400H         SYMBOL        TotSec
  X:0404H         SYMBOL        DataSec
  D:0052H         SYMBOL        RootCluster
  D:0056H         SYMBOL        RelativeSectors
  D:005AH         SYMBOL        CountofClus
  -------         ENDDO         CountofClus
  C:0003H         LINE#         266
  C:0007H         LINE#         267
  C:0007H         LINE#         289
  C:0025H         LINE#         291
  C:0033H         LINE#         292
  C:003FH         LINE#         293
  C:0051H         LINE#         294
  C:0051H         LINE#         295
  C:005AH         LINE#         296
  C:006FH         LINE#         297
  C:0080H         LINE#         298
  C:009CH         LINE#         299
BL51 BANKED LINKER/LOCATER V4.02                                                      12/07/2019  23:59:12  PAGE 13


  C:00AAH         LINE#         300
  C:00B6H         LINE#         301
  C:00C2H         LINE#         302
  C:00C2H         LINE#         303
  C:00CBH         LINE#         304
  C:00CDH         LINE#         306
  C:00CDH         LINE#         307
  C:00D6H         LINE#         308
  C:00D6H         LINE#         309
  C:00D6H         LINE#         310
  C:00E3H         LINE#         311
  C:00F7H         LINE#         312
  C:0104H         LINE#         313
  C:0115H         LINE#         314
  C:0120H         LINE#         315
  C:0131H         LINE#         316
  C:0140H         LINE#         317
  C:014FH         LINE#         318
  C:015BH         LINE#         319
  C:016CH         LINE#         320
  C:017BH         LINE#         321
  C:018CH         LINE#         322
  C:019BH         LINE#         323
  C:01ACH         LINE#         324
  C:01BBH         LINE#         325
  C:01D0H         LINE#         326
  C:01E1H         LINE#         327
  C:01F6H         LINE#         328
  C:0207H         LINE#         329
  C:021CH         LINE#         330
  C:022DH         LINE#         331
  C:0245H         LINE#         332
  C:025BH         LINE#         333
  C:0287H         LINE#         334
  C:029DH         LINE#         335
  C:02EDH         LINE#         336
  C:0303H         LINE#         337
  C:0342H         LINE#         338
  C:0358H         LINE#         339
  C:035CH         LINE#         342
  C:0362H         LINE#         343
  C:0362H         LINE#         344
  C:036DH         LINE#         345
  C:036FH         LINE#         347
  C:036FH         LINE#         348
  C:037BH         LINE#         349
  C:037BH         LINE#         352
  C:0381H         LINE#         353
  C:0381H         LINE#         354
  C:038EH         LINE#         355
  C:0390H         LINE#         357
  C:0390H         LINE#         358
  C:039EH         LINE#         359
  C:039EH         LINE#         362
  C:03EEH         LINE#         365
  C:0414H         LINE#         368
  C:0429H         LINE#         369
BL51 BANKED LINKER/LOCATER V4.02                                                      12/07/2019  23:59:12  PAGE 14


  C:0429H         LINE#         371
  C:042DH         LINE#         372
  C:0430H         LINE#         373
  C:0432H         LINE#         375
  C:0432H         LINE#         377
  C:0436H         LINE#         378
  C:0436H         LINE#         379
  C:0444H         LINE#         380
  C:0446H         LINE#         381
  -------         ENDPROC       _MOUNT_DRIVE
  -------         PROC          _FIRST_SECTOR
  D:004DH         SYMBOL        Cluster_num
  -------         DO            Cluster_num
  D:0051H         SYMBOL        FirstSecCluster
  -------         ENDDO         FirstSecCluster
  C:221EH         LINE#         383
  C:2226H         LINE#         384
  C:2226H         LINE#         386
  C:2239H         LINE#         387
  C:2239H         LINE#         388
  C:2246H         LINE#         389
  C:2248H         LINE#         391
  C:2248H         LINE#         392
  C:2286H         LINE#         393
  C:2286H         LINE#         394
  C:228EH         LINE#         395
  -------         ENDPROC       _FIRST_SECTOR
  -------         PROC          _FIND_NEXT_CLUS
  D:004DH         SYMBOL        Cluster_num
  D:0051H         SYMBOL        array_name
  -------         DO            array_name
  D:0004H         SYMBOL        return_clus
  D:0006H         SYMBOL        FAToffset
  D:0004H         SYMBOL        sector
  -------         ENDDO         sector
  C:1FEAH         LINE#         397
  C:1FF2H         LINE#         398
  C:1FF2H         LINE#         401
  C:2037H         LINE#         402
  C:204CH         LINE#         403
  C:2084H         LINE#         404
  C:2094H         LINE#         406
  C:2094H         LINE#         407
  -------         ENDPROC       _FIND_NEXT_CLUS
  -------         PROC          _OPEN_FILE
  D:0039H         SYMBOL        Cluster
  D:003DH         SYMBOL        array_in
  -------         DO            array_in
  D:003FH         SYMBOL        error_flag
  D:0040H         SYMBOL        sector_num
  D:0044H         SYMBOL        first_sec_num
  D:0048H         SYMBOL        user_input
  D:004CH         SYMBOL        first
  -------         ENDDO         first
  C:1960H         LINE#         409
  C:1968H         LINE#         410
  C:1968H         LINE#         411
BL51 BANKED LINKER/LOCATER V4.02                                                      12/07/2019  23:59:12  PAGE 15


  C:196BH         LINE#         415
  C:196DH         LINE#         418
  C:196DH         LINE#         419
  C:1976H         LINE#         420
  C:1981H         LINE#         421
  C:1998H         LINE#         422
  C:1998H         LINE#         423
  C:19ABH         LINE#         424
  C:19B3H         LINE#         425
  C:19D6H         LINE#         426
  C:19D6H         LINE#         427
  C:19F5H         LINE#         428
  C:1A16H         LINE#         430
  C:1A1AH         LINE#         431
  C:1A1AH         LINE#         432
  C:1A2AH         LINE#         433
  C:1A2AH         LINE#         434
  C:1A3FH         LINE#         435
  C:1A42H         LINE#         436
  C:1A45H         LINE#         437
  C:1A5EH         LINE#         438
  C:1A60H         LINE#         440
  C:1A60H         LINE#         441
  C:1A69H         LINE#         442
  C:1A69H         LINE#         443
  C:1A95H         LINE#         444
  C:1AAAH         LINE#         445
  C:1AACH         LINE#         446
  -------         ENDPROC       _OPEN_FILE
  -------         ENDMOD        DIRECTORY_FUNCTIONS_STRUCT

  -------         MODULE        LCD_HARDWARE_FUNCTIONS
  C:0000H         SYMBOL        _ICE_DUMMY_
  B:00D8H.2       PUBLIC        CCF2
  B:00D8H.3       PUBLIC        CCF3
  D:0080H         PUBLIC        P0
  B:00D8H.4       PUBLIC        CCF4
  D:0090H         PUBLIC        P1
  D:00A0H         PUBLIC        P2
  D:00B0H         PUBLIC        P3
  B:00B0H.4       PUBLIC        T0
  B:00D0H.6       PUBLIC        AC
  B:00B0H.5       PUBLIC        T1
  B:00B0H.7       PUBLIC        nRD
  B:0090H.0       PUBLIC        T2
  B:00A8H.7       PUBLIC        EA
  B:00A8H.6       PUBLIC        EC
  B:00D8H.7       PUBLIC        CF
  B:00B0H.2       PUBLIC        nINT0
  B:0098H.7       PUBLIC        FE
  B:00B0H.3       PUBLIC        nINT1
  D:00A8H         PUBLIC        IEN0
  B:00B0H.0       PUBLIC        RxD
  B:0090H.0       PUBLIC        P1_0
  B:00B0H.1       PUBLIC        TxD
  B:0090H.3       PUBLIC        CEX0
  B:0090H.1       PUBLIC        P1_1
BL51 BANKED LINKER/LOCATER V4.02                                                      12/07/2019  23:59:12  PAGE 16


  B:0090H.4       PUBLIC        CEX1
  B:0090H.2       PUBLIC        P1_2
  B:00C8H.0       PUBLIC        CP
  B:0090H.3       PUBLIC        P1_3
  B:00B0H.2       PUBLIC        P3_2
  B:00D8H.6       PUBLIC        CR
  B:00B0H.3       PUBLIC        P3_3
  B:00C8H.6       PUBLIC        EXF2
  D:00B8H         PUBLIC        IPL0
  B:00B0H.4       PUBLIC        P3_4
  B:00B0H.5       PUBLIC        P3_5
  B:00B0H.6       PUBLIC        nWR
  B:00A8H.4       PUBLIC        ES
  B:0098H.0       PUBLIC        RI
  B:00D0H.7       PUBLIC        CY
  B:0098H.1       PUBLIC        TI
  B:00B8H.1       PUBLIC        PT0L
  C:25B5H         PUBLIC        _LCD_Write
  B:00B8H.3       PUBLIC        PT1L
  B:00B8H.5       PUBLIC        PT2L
  B:0090H.1       PUBLIC        T2EX
  D:00D8H         PUBLIC        CCON
  B:00B0H.6       PUBLIC        RS
  B:00B8H.0       PUBLIC        PX0L
  B:00D0H.2       PUBLIC        OV
  B:0090H.1       PUBLIC        SS
  B:00B8H.2       PUBLIC        PX1L
  B:00C8H.5       PUBLIC        RCLK
  B:00C8H.4       PUBLIC        TCLK
  B:00B8H.6       PUBLIC        PPCL
  B:00A0H.4       PUBLIC        REDLED
  D:0098H         PUBLIC        SCON
  B:00A0H.6       PUBLIC        YELLOWLED
  B:0090H.4       PUBLIC        nCS0
  B:0080H.0       PUBLIC        AD0
  D:0088H         PUBLIC        TCON
  B:0080H.1       PUBLIC        AD1
  B:0080H.2       PUBLIC        AD2
  B:00B0H.1       PUBLIC        per_RxD
  B:00C8H.1       PUBLIC        CnT2
  B:0080H.3       PUBLIC        AD3
  B:0090H.5       PUBLIC        MISO
  B:0090H.7       PUBLIC        MOSI
  B:0080H.4       PUBLIC        AD4
  B:00B0H.0       PUBLIC        per_TxD
  B:0080H.5       PUBLIC        AD5
  B:0080H.6       PUBLIC        AD6
  B:0080H.7       PUBLIC        AD7
  B:00A0H.0       PUBLIC        AD8
  B:00A0H.1       PUBLIC        AD9
  B:0088H.1       PUBLIC        IE0
  B:00A0H.7       PUBLIC        AMBERLED
  B:0088H.3       PUBLIC        IE1
  B:00B0H.7       PUBLIC        E
  B:00A0H.5       PUBLIC        GREENLED
  B:00A8H.1       PUBLIC        ET0
  B:00A8H.3       PUBLIC        ET1
BL51 BANKED LINKER/LOCATER V4.02                                                      12/07/2019  23:59:12  PAGE 17


  B:0088H.5       PUBLIC        TF0
  B:00A8H.5       PUBLIC        ET2
  B:0088H.7       PUBLIC        TF1
  B:00C8H.7       PUBLIC        TF2
  B:0098H.2       PUBLIC        RB8
  B:00A8H.0       PUBLIC        EX0
  B:0088H.0       PUBLIC        IT0
  B:0098H.3       PUBLIC        TB8
  B:00A8H.2       PUBLIC        EX1
  B:0088H.2       PUBLIC        IT1
  B:00D0H.0       PUBLIC        P
  B:0098H.7       PUBLIC        SM0
  B:0090H.2       PUBLIC        ECI
  B:0098H.6       PUBLIC        SM1
  B:0098H.5       PUBLIC        SM2
  B:00D0H.3       PUBLIC        RS0
  B:0088H.4       PUBLIC        TR0
  B:00D0H.4       PUBLIC        RS1
  B:0090H.6       PUBLIC        per_SCLK
  B:0088H.6       PUBLIC        TR1
  B:00C8H.2       PUBLIC        TR2
  B:00A0H.0       PUBLIC        SW1
  B:00A0H.1       PUBLIC        SW2
  B:00A0H.2       PUBLIC        SW3
  B:00A0H.3       PUBLIC        SW4
  B:0090H.6       PUBLIC        SCK
  B:0090H.7       PUBLIC        per_MOSI
  B:0090H.5       PUBLIC        per_MISO
  B:00C8H.3       PUBLIC        EXEN2
  B:0098H.4       PUBLIC        REN
  B:00A0H.2       PUBLIC        AD10
  B:00A0H.3       PUBLIC        AD11
  D:00C8H         PUBLIC        T2CON
  B:00A0H.4       PUBLIC        AD12
  B:00A0H.5       PUBLIC        AD13
  B:00A0H.6       PUBLIC        AD14
  B:00A0H.7       PUBLIC        AD15
  B:00B8H.4       PUBLIC        PLS
  B:00D0H.5       PUBLIC        F0
  B:00D0H.1       PUBLIC        F1
  D:00D0H         PUBLIC        PSW
  B:00D8H.0       PUBLIC        CCF0
  B:00D8H.1       PUBLIC        CCF1
  -------         PROC          _LCD_WRITE
  D:0007H         SYMBOL        RegSelect
  D:003FH         SYMBOL        LCD_Data
  C:25B5H         LINE#         14
  C:25B7H         LINE#         15
  C:25B7H         LINE#         16
  C:25BAH         LINE#         17
  C:25BAH         LINE#         18
  C:25BFH         LINE#         19
  C:25C1H         LINE#         21
  C:25C1H         LINE#         22
  C:25C6H         LINE#         23
  C:25C6H         LINE#         24
  C:25CBH         LINE#         25
BL51 BANKED LINKER/LOCATER V4.02                                                      12/07/2019  23:59:12  PAGE 18


  C:25D0H         LINE#         26
  C:25D5H         LINE#         27
  C:25DAH         LINE#         28
  -------         ENDPROC       _LCD_WRITE
  -------         ENDMOD        LCD_HARDWARE_FUNCTIONS

  -------         MODULE        LCD_ROUTINES
  C:0000H         SYMBOL        _ICE_DUMMY_
  B:00D8H.2       PUBLIC        CCF2
  B:00D8H.3       PUBLIC        CCF3
  D:0080H         PUBLIC        P0
  B:00D8H.4       PUBLIC        CCF4
  D:0090H         PUBLIC        P1
  D:00A0H         PUBLIC        P2
  D:00B0H         PUBLIC        P3
  B:00B0H.4       PUBLIC        T0
  B:00D0H.6       PUBLIC        AC
  B:00B0H.5       PUBLIC        T1
  B:00B0H.7       PUBLIC        nRD
  B:0090H.0       PUBLIC        T2
  B:00A8H.7       PUBLIC        EA
  B:00A8H.6       PUBLIC        EC
  B:00D8H.7       PUBLIC        CF
  B:00B0H.2       PUBLIC        nINT0
  B:0098H.7       PUBLIC        FE
  B:00B0H.3       PUBLIC        nINT1
  D:00A8H         PUBLIC        IEN0
  B:00B0H.0       PUBLIC        RxD
  B:00B0H.1       PUBLIC        TxD
  B:0090H.3       PUBLIC        CEX0
  B:0090H.4       PUBLIC        CEX1
  B:00C8H.0       PUBLIC        CP
  B:00D8H.6       PUBLIC        CR
  B:00C8H.6       PUBLIC        EXF2
  D:00B8H         PUBLIC        IPL0
  B:00B0H.6       PUBLIC        nWR
  B:00A8H.4       PUBLIC        ES
  B:0098H.0       PUBLIC        RI
  B:00D0H.7       PUBLIC        CY
  B:0098H.1       PUBLIC        TI
  B:00B8H.1       PUBLIC        PT0L
  B:00B8H.3       PUBLIC        PT1L
  B:00B8H.5       PUBLIC        PT2L
  B:0090H.1       PUBLIC        T2EX
  D:00D8H         PUBLIC        CCON
  B:00B8H.0       PUBLIC        PX0L
  B:00D0H.2       PUBLIC        OV
  B:0090H.1       PUBLIC        SS
  B:00B8H.2       PUBLIC        PX1L
  B:00C8H.5       PUBLIC        RCLK
  B:00C8H.4       PUBLIC        TCLK
  B:00B8H.6       PUBLIC        PPCL
  D:0098H         PUBLIC        SCON
  B:0080H.0       PUBLIC        AD0
  D:0088H         PUBLIC        TCON
  B:0080H.1       PUBLIC        AD1
  B:0080H.2       PUBLIC        AD2
BL51 BANKED LINKER/LOCATER V4.02                                                      12/07/2019  23:59:12  PAGE 19


  B:00C8H.1       PUBLIC        CnT2
  B:0080H.3       PUBLIC        AD3
  B:0090H.5       PUBLIC        MISO
  B:0090H.7       PUBLIC        MOSI
  B:0080H.4       PUBLIC        AD4
  B:0080H.5       PUBLIC        AD5
  B:0080H.6       PUBLIC        AD6
  B:0080H.7       PUBLIC        AD7
  B:00A0H.0       PUBLIC        AD8
  B:00A0H.1       PUBLIC        AD9
  B:0088H.1       PUBLIC        IE0
  B:0088H.3       PUBLIC        IE1
  C:2121H         PUBLIC        _LCD_print
  B:00A8H.1       PUBLIC        ET0
  C:2513H         PUBLIC        LCD_Init
  B:00A8H.3       PUBLIC        ET1
  B:0088H.5       PUBLIC        TF0
  B:00A8H.5       PUBLIC        ET2
  B:0088H.7       PUBLIC        TF1
  B:00C8H.7       PUBLIC        TF2
  B:0098H.2       PUBLIC        RB8
  B:00A8H.0       PUBLIC        EX0
  B:0088H.0       PUBLIC        IT0
  B:0098H.3       PUBLIC        TB8
  B:00A8H.2       PUBLIC        EX1
  B:0088H.2       PUBLIC        IT1
  B:00D0H.0       PUBLIC        P
  B:0098H.7       PUBLIC        SM0
  B:0090H.2       PUBLIC        ECI
  B:0098H.6       PUBLIC        SM1
  B:0098H.5       PUBLIC        SM2
  B:00D0H.3       PUBLIC        RS0
  B:0088H.4       PUBLIC        TR0
  B:00D0H.4       PUBLIC        RS1
  B:0088H.6       PUBLIC        TR1
  B:00C8H.2       PUBLIC        TR2
  B:0090H.6       PUBLIC        SCK
  B:00C8H.3       PUBLIC        EXEN2
  B:0098H.4       PUBLIC        REN
  B:00A0H.2       PUBLIC        AD10
  B:00A0H.3       PUBLIC        AD11
  D:00C8H         PUBLIC        T2CON
  B:00A0H.4       PUBLIC        AD12
  B:00A0H.5       PUBLIC        AD13
  B:00A0H.6       PUBLIC        AD14
  B:00A0H.7       PUBLIC        AD15
  B:00B8H.4       PUBLIC        PLS
  B:00D0H.5       PUBLIC        F0
  B:00D0H.1       PUBLIC        F1
  D:00D0H         PUBLIC        PSW
  B:00D8H.0       PUBLIC        CCF0
  B:00D8H.1       PUBLIC        CCF1
  -------         PROC          LCD_INIT
  C:2513H         LINE#         14
  C:2513H         LINE#         15
  C:2513H         LINE#         16
  C:251AH         LINE#         17
BL51 BANKED LINKER/LOCATER V4.02                                                      12/07/2019  23:59:12  PAGE 20


  C:2521H         LINE#         18
  C:2528H         LINE#         19
  C:252FH         LINE#         20
  C:2536H         LINE#         21
  C:253DH         LINE#         22
  C:2544H         LINE#         23
  -------         ENDPROC       LCD_INIT
  -------         PROC          _LCD_PRINT
  D:0007H         SYMBOL        address
  D:0039H         SYMBOL        num_bytes
  D:003AH         SYMBOL        array_name_p
  -------         DO            array_name_p
  D:003DH         SYMBOL        index
  D:003EH         SYMBOL        character
  -------         ENDDO         character
  C:2121H         LINE#         28
  C:2129H         LINE#         29
  C:2129H         LINE#         31
  C:212DH         LINE#         32
  C:212DH         LINE#         33
  C:2136H         LINE#         34
  C:213DH         LINE#         35
  C:213DH         LINE#         36
  C:2141H         LINE#         37
  C:2141H         LINE#         38
  C:2143H         LINE#         39
  C:2153H         LINE#         40
  C:2157H         LINE#         41
  C:2157H         LINE#         42
  C:215DH         LINE#         43
  C:2164H         LINE#         44
  C:2166H         LINE#         45
  C:2177H         LINE#         46
  C:2179H         LINE#         47
  C:2179H         LINE#         49
  C:2179H         LINE#         50
  C:2183H         LINE#         51
  C:2183H         LINE#         52
  C:2194H         LINE#         53
  C:219AH         LINE#         54
  C:21A1H         LINE#         55
  C:21A5H         LINE#         56
  C:21A5H         LINE#         57
  -------         ENDPROC       _LCD_PRINT
  -------         ENDMOD        LCD_ROUTINES

  -------         MODULE        LED_CONTROL
  C:0000H         SYMBOL        _ICE_DUMMY_
  B:00D8H.2       PUBLIC        CCF2
  B:00D8H.3       PUBLIC        CCF3
  D:0080H         PUBLIC        P0
  B:00D8H.4       PUBLIC        CCF4
  D:0090H         PUBLIC        P1
  D:00A0H         PUBLIC        P2
  D:00B0H         PUBLIC        P3
  B:00B0H.4       PUBLIC        T0
  B:00D0H.6       PUBLIC        AC
BL51 BANKED LINKER/LOCATER V4.02                                                      12/07/2019  23:59:12  PAGE 21


  B:00B0H.5       PUBLIC        T1
  B:00B0H.7       PUBLIC        nRD
  B:0090H.0       PUBLIC        T2
  B:00A8H.7       PUBLIC        EA
  C:26A1H         PUBLIC        _LEDS_ON
  B:00A8H.6       PUBLIC        EC
  B:00D8H.7       PUBLIC        CF
  B:00B0H.2       PUBLIC        nINT0
  B:0098H.7       PUBLIC        FE
  B:00B0H.3       PUBLIC        nINT1
  D:00A8H         PUBLIC        IEN0
  B:00B0H.0       PUBLIC        RxD
  B:0090H.0       PUBLIC        P1_0
  B:00B0H.1       PUBLIC        TxD
  B:0090H.3       PUBLIC        CEX0
  B:0090H.1       PUBLIC        P1_1
  B:0090H.4       PUBLIC        CEX1
  B:0090H.2       PUBLIC        P1_2
  B:00C8H.0       PUBLIC        CP
  B:0090H.3       PUBLIC        P1_3
  B:00B0H.2       PUBLIC        P3_2
  B:00D8H.6       PUBLIC        CR
  B:00B0H.3       PUBLIC        P3_3
  B:00C8H.6       PUBLIC        EXF2
  D:00B8H         PUBLIC        IPL0
  B:00B0H.4       PUBLIC        P3_4
  B:00B0H.5       PUBLIC        P3_5
  B:00B0H.6       PUBLIC        nWR
  B:00A8H.4       PUBLIC        ES
  B:0098H.0       PUBLIC        RI
  B:00D0H.7       PUBLIC        CY
  B:0098H.1       PUBLIC        TI
  B:00B8H.1       PUBLIC        PT0L
  B:00B8H.3       PUBLIC        PT1L
  B:00B8H.5       PUBLIC        PT2L
  B:0090H.1       PUBLIC        T2EX
  D:00D8H         PUBLIC        CCON
  B:00B0H.6       PUBLIC        RS
  B:00B8H.0       PUBLIC        PX0L
  B:00D0H.2       PUBLIC        OV
  B:0090H.1       PUBLIC        SS
  B:00B8H.2       PUBLIC        PX1L
  B:00C8H.5       PUBLIC        RCLK
  B:00C8H.4       PUBLIC        TCLK
  B:00B8H.6       PUBLIC        PPCL
  B:00A0H.4       PUBLIC        REDLED
  D:0098H         PUBLIC        SCON
  B:00A0H.6       PUBLIC        YELLOWLED
  B:0090H.4       PUBLIC        nCS0
  B:0080H.0       PUBLIC        AD0
  D:0088H         PUBLIC        TCON
  B:0080H.1       PUBLIC        AD1
  B:0080H.2       PUBLIC        AD2
  B:00B0H.1       PUBLIC        per_RxD
  B:00C8H.1       PUBLIC        CnT2
  B:0080H.3       PUBLIC        AD3
  B:0090H.5       PUBLIC        MISO
BL51 BANKED LINKER/LOCATER V4.02                                                      12/07/2019  23:59:12  PAGE 22


  B:0090H.7       PUBLIC        MOSI
  B:0080H.4       PUBLIC        AD4
  B:00B0H.0       PUBLIC        per_TxD
  B:0080H.5       PUBLIC        AD5
  B:0080H.6       PUBLIC        AD6
  B:0080H.7       PUBLIC        AD7
  B:00A0H.0       PUBLIC        AD8
  B:00A0H.1       PUBLIC        AD9
  B:0088H.1       PUBLIC        IE0
  B:00A0H.7       PUBLIC        AMBERLED
  B:0088H.3       PUBLIC        IE1
  B:00B0H.7       PUBLIC        E
  C:26B5H         PUBLIC        _LEDS_OFF
  B:00A0H.5       PUBLIC        GREENLED
  B:00A8H.1       PUBLIC        ET0
  B:00A8H.3       PUBLIC        ET1
  B:0088H.5       PUBLIC        TF0
  B:00A8H.5       PUBLIC        ET2
  B:0088H.7       PUBLIC        TF1
  B:00C8H.7       PUBLIC        TF2
  B:0098H.2       PUBLIC        RB8
  B:00A8H.0       PUBLIC        EX0
  B:0088H.0       PUBLIC        IT0
  B:0098H.3       PUBLIC        TB8
  B:00A8H.2       PUBLIC        EX1
  B:0088H.2       PUBLIC        IT1
  B:00D0H.0       PUBLIC        P
  B:0098H.7       PUBLIC        SM0
  B:0090H.2       PUBLIC        ECI
  B:0098H.6       PUBLIC        SM1
  B:0098H.5       PUBLIC        SM2
  B:00D0H.3       PUBLIC        RS0
  B:0088H.4       PUBLIC        TR0
  B:00D0H.4       PUBLIC        RS1
  B:0090H.6       PUBLIC        per_SCLK
  B:0088H.6       PUBLIC        TR1
  B:00C8H.2       PUBLIC        TR2
  B:00A0H.0       PUBLIC        SW1
  B:00A0H.1       PUBLIC        SW2
  B:00A0H.2       PUBLIC        SW3
  B:00A0H.3       PUBLIC        SW4
  B:0090H.6       PUBLIC        SCK
  B:0090H.7       PUBLIC        per_MOSI
  B:0090H.5       PUBLIC        per_MISO
  B:00C8H.3       PUBLIC        EXEN2
  B:0098H.4       PUBLIC        REN
  B:00A0H.2       PUBLIC        AD10
  B:00A0H.3       PUBLIC        AD11
  D:00C8H         PUBLIC        T2CON
  B:00A0H.4       PUBLIC        AD12
  B:00A0H.5       PUBLIC        AD13
  B:00A0H.6       PUBLIC        AD14
  B:00A0H.7       PUBLIC        AD15
  B:00B8H.4       PUBLIC        PLS
  B:00D0H.5       PUBLIC        F0
  B:00D0H.1       PUBLIC        F1
  D:00D0H         PUBLIC        PSW
BL51 BANKED LINKER/LOCATER V4.02                                                      12/07/2019  23:59:12  PAGE 23


  B:00D8H.0       PUBLIC        CCF0
  B:00D8H.1       PUBLIC        CCF1
  -------         PROC          _LEDS_ON
  D:0007H         SYMBOL        LED_mask
  C:26A1H         LINE#         13
  C:26A1H         LINE#         14
  C:26A1H         LINE#         15
  C:26A5H         LINE#         16
  -------         ENDPROC       _LEDS_ON
  -------         PROC          _LEDS_OFF
  D:0007H         SYMBOL        LED_mask
  C:26B5H         LINE#         26
  C:26B5H         LINE#         27
  C:26B5H         LINE#         28
  C:26B8H         LINE#         29
  -------         ENDPROC       _LEDS_OFF
  -------         ENDMOD        LED_CONTROL

  -------         MODULE        LONG_SERIAL_IN
  C:0000H         SYMBOL        _ICE_DUMMY_
  B:00D8H.2       PUBLIC        CCF2
  B:00D8H.3       PUBLIC        CCF3
  D:0080H         PUBLIC        P0
  B:00D8H.4       PUBLIC        CCF4
  D:0090H         PUBLIC        P1
  D:00A0H         PUBLIC        P2
  D:00B0H         PUBLIC        P3
  B:00B0H.4       PUBLIC        T0
  B:00D0H.6       PUBLIC        AC
  B:00B0H.5       PUBLIC        T1
  B:00B0H.7       PUBLIC        nRD
  B:0090H.0       PUBLIC        T2
  B:00A8H.7       PUBLIC        EA
  B:00A8H.6       PUBLIC        EC
  B:00D8H.7       PUBLIC        CF
  B:00B0H.2       PUBLIC        nINT0
  B:0098H.7       PUBLIC        FE
  B:00B0H.3       PUBLIC        nINT1
  D:00A8H         PUBLIC        IEN0
  B:00B0H.0       PUBLIC        RxD
  B:00B0H.1       PUBLIC        TxD
  B:0090H.3       PUBLIC        CEX0
  B:0090H.4       PUBLIC        CEX1
  B:00C8H.0       PUBLIC        CP
  B:00D8H.6       PUBLIC        CR
  B:00C8H.6       PUBLIC        EXF2
  D:00B8H         PUBLIC        IPL0
  B:00B0H.6       PUBLIC        nWR
  B:00A8H.4       PUBLIC        ES
  B:0098H.0       PUBLIC        RI
  B:00D0H.7       PUBLIC        CY
  B:0098H.1       PUBLIC        TI
  B:00B8H.1       PUBLIC        PT0L
  B:00B8H.3       PUBLIC        PT1L
  B:00B8H.5       PUBLIC        PT2L
  B:0090H.1       PUBLIC        T2EX
  D:00D8H         PUBLIC        CCON
BL51 BANKED LINKER/LOCATER V4.02                                                      12/07/2019  23:59:12  PAGE 24


  B:00B8H.0       PUBLIC        PX0L
  B:00D0H.2       PUBLIC        OV
  B:0090H.1       PUBLIC        SS
  B:00B8H.2       PUBLIC        PX1L
  C:1D95H         PUBLIC        long_serial_input
  B:00C8H.5       PUBLIC        RCLK
  B:00C8H.4       PUBLIC        TCLK
  B:00B8H.6       PUBLIC        PPCL
  D:0098H         PUBLIC        SCON
  B:0080H.0       PUBLIC        AD0
  D:0088H         PUBLIC        TCON
  B:0080H.1       PUBLIC        AD1
  B:0080H.2       PUBLIC        AD2
  B:00C8H.1       PUBLIC        CnT2
  B:0080H.3       PUBLIC        AD3
  B:0090H.5       PUBLIC        MISO
  B:0090H.7       PUBLIC        MOSI
  B:0080H.4       PUBLIC        AD4
  B:0080H.5       PUBLIC        AD5
  B:0080H.6       PUBLIC        AD6
  B:0080H.7       PUBLIC        AD7
  B:00A0H.0       PUBLIC        AD8
  B:00A0H.1       PUBLIC        AD9
  B:0088H.1       PUBLIC        IE0
  B:0088H.3       PUBLIC        IE1
  B:00A8H.1       PUBLIC        ET0
  B:00A8H.3       PUBLIC        ET1
  B:0088H.5       PUBLIC        TF0
  B:00A8H.5       PUBLIC        ET2
  B:0088H.7       PUBLIC        TF1
  B:00C8H.7       PUBLIC        TF2
  B:0098H.2       PUBLIC        RB8
  B:00A8H.0       PUBLIC        EX0
  B:0088H.0       PUBLIC        IT0
  B:0098H.3       PUBLIC        TB8
  B:00A8H.2       PUBLIC        EX1
  B:0088H.2       PUBLIC        IT1
  B:00D0H.0       PUBLIC        P
  B:0098H.7       PUBLIC        SM0
  B:0090H.2       PUBLIC        ECI
  B:0098H.6       PUBLIC        SM1
  B:0098H.5       PUBLIC        SM2
  B:00D0H.3       PUBLIC        RS0
  B:0088H.4       PUBLIC        TR0
  B:00D0H.4       PUBLIC        RS1
  B:0088H.6       PUBLIC        TR1
  B:00C8H.2       PUBLIC        TR2
  B:0090H.6       PUBLIC        SCK
  B:00C8H.3       PUBLIC        EXEN2
  B:0098H.4       PUBLIC        REN
  B:00A0H.2       PUBLIC        AD10
  B:00A0H.3       PUBLIC        AD11
  D:00C8H         PUBLIC        T2CON
  B:00A0H.4       PUBLIC        AD12
  B:00A0H.5       PUBLIC        AD13
  B:00A0H.6       PUBLIC        AD14
  B:00A0H.7       PUBLIC        AD15
BL51 BANKED LINKER/LOCATER V4.02                                                      12/07/2019  23:59:12  PAGE 25


  B:00B8H.4       PUBLIC        PLS
  B:00D0H.5       PUBLIC        F0
  B:00D0H.1       PUBLIC        F1
  D:00D0H         PUBLIC        PSW
  B:00D8H.0       PUBLIC        CCF0
  B:00D8H.1       PUBLIC        CCF1
  -------         PROC          LONG_SERIAL_INPUT
  -------         DO            LONG_SERIAL_INPUT
  D:004DH         SYMBOL        index
  D:004EH         SYMBOL        input
  D:004FH         SYMBOL        input_values
  D:005AH         SYMBOL        output_value
  -------         ENDDO         output_value
  C:1D95H         LINE#         16
  C:1D95H         LINE#         17
  C:1D95H         LINE#         20
  C:1D98H         LINE#         21
  C:1D98H         LINE#         22
  C:1D9FH         LINE#         23
  C:1DA6H         LINE#         24
  C:1DB0H         LINE#         25
  C:1DB3H         LINE#         27
  C:1DB3H         LINE#         28
  C:1DB8H         LINE#         29
  C:1DC6H         LINE#         30
  C:1DC6H         LINE#         31
  C:1DCDH         LINE#         32
  C:1DCFH         LINE#         33
  C:1DD4H         LINE#         34
  C:1DD6H         LINE#         35
  C:1DE1H         LINE#         36
  C:1DE1H         LINE#         37
  C:1DE3H         LINE#         38
  C:1DEAH         LINE#         39
  C:1DEFH         LINE#         40
  C:1DF4H         LINE#         41
  C:1DF9H         LINE#         42
  C:1DFBH         LINE#         43
  C:1E06H         LINE#         44
  C:1E06H         LINE#         45
  C:1E17H         LINE#         46
  C:1E1CH         LINE#         47
  C:1E21H         LINE#         48
  C:1E23H         LINE#         50
  C:1E23H         LINE#         51
  C:1E26H         LINE#         52
  C:1E26H         LINE#         53
  C:1E2BH         LINE#         54
  C:1E2BH         LINE#         55
  C:1E3CH         LINE#         56
  C:1E41H         LINE#         57
  C:1E46H         LINE#         58
  C:1E46H         LINE#         59
  C:1E5DH         LINE#         61
  C:1E65H         LINE#         62
  -------         ENDPROC       LONG_SERIAL_INPUT
  -------         ENDMOD        LONG_SERIAL_IN
BL51 BANKED LINKER/LOCATER V4.02                                                      12/07/2019  23:59:12  PAGE 26



  -------         MODULE        OUTPUTS
  C:0000H         SYMBOL        _ICE_DUMMY_
  B:00D8H.2       PUBLIC        CCF2
  B:00D8H.3       PUBLIC        CCF3
  D:0080H         PUBLIC        P0
  B:00D8H.4       PUBLIC        CCF4
  D:0090H         PUBLIC        P1
  D:00A0H         PUBLIC        P2
  D:00B0H         PUBLIC        P3
  B:00B0H.4       PUBLIC        T0
  B:00D0H.6       PUBLIC        AC
  B:00B0H.5       PUBLIC        T1
  B:00B0H.7       PUBLIC        nRD
  B:0090H.0       PUBLIC        T2
  B:00A8H.7       PUBLIC        EA
  B:00A8H.6       PUBLIC        EC
  B:00D8H.7       PUBLIC        CF
  C:26C9H         PUBLIC        _P0_output_bits
  B:00B0H.2       PUBLIC        nINT0
  B:0098H.7       PUBLIC        FE
  B:00B0H.3       PUBLIC        nINT1
  D:00A8H         PUBLIC        IEN0
  B:00B0H.0       PUBLIC        RxD
  B:0090H.0       PUBLIC        P1_0
  B:00B0H.1       PUBLIC        TxD
  B:0090H.3       PUBLIC        CEX0
  B:0090H.1       PUBLIC        P1_1
  B:0090H.4       PUBLIC        CEX1
  B:0090H.2       PUBLIC        P1_2
  B:00C8H.0       PUBLIC        CP
  B:0090H.3       PUBLIC        P1_3
  B:00B0H.2       PUBLIC        P3_2
  B:00D8H.6       PUBLIC        CR
  B:00B0H.3       PUBLIC        P3_3
  B:00C8H.6       PUBLIC        EXF2
  D:00B8H         PUBLIC        IPL0
  B:00B0H.4       PUBLIC        P3_4
  B:00B0H.5       PUBLIC        P3_5
  B:00B0H.6       PUBLIC        nWR
  B:00A8H.4       PUBLIC        ES
  B:0098H.0       PUBLIC        RI
  B:00D0H.7       PUBLIC        CY
  B:0098H.1       PUBLIC        TI
  B:00B8H.1       PUBLIC        PT0L
  B:00B8H.3       PUBLIC        PT1L
  B:00B8H.5       PUBLIC        PT2L
  B:0090H.1       PUBLIC        T2EX
  D:00D8H         PUBLIC        CCON
  B:00B0H.6       PUBLIC        RS
  B:00B8H.0       PUBLIC        PX0L
  B:00D0H.2       PUBLIC        OV
  B:0090H.1       PUBLIC        SS
  B:00B8H.2       PUBLIC        PX1L
  B:00C8H.5       PUBLIC        RCLK
  B:00C8H.4       PUBLIC        TCLK
  B:00B8H.6       PUBLIC        PPCL
BL51 BANKED LINKER/LOCATER V4.02                                                      12/07/2019  23:59:12  PAGE 27


  C:26B9H         PUBLIC        _P2_set_bit
  C:26BDH         PUBLIC        _P3_set_bit
  B:00A0H.4       PUBLIC        REDLED
  D:0098H         PUBLIC        SCON
  B:00A0H.6       PUBLIC        YELLOWLED
  B:0090H.4       PUBLIC        nCS0
  B:0080H.0       PUBLIC        AD0
  D:0088H         PUBLIC        TCON
  B:0080H.1       PUBLIC        AD1
  B:0080H.2       PUBLIC        AD2
  B:00B0H.1       PUBLIC        per_RxD
  B:00C8H.1       PUBLIC        CnT2
  B:0080H.3       PUBLIC        AD3
  B:0090H.5       PUBLIC        MISO
  B:0090H.7       PUBLIC        MOSI
  B:0080H.4       PUBLIC        AD4
  B:00B0H.0       PUBLIC        per_TxD
  B:0080H.5       PUBLIC        AD5
  B:0080H.6       PUBLIC        AD6
  B:0080H.7       PUBLIC        AD7
  B:00A0H.0       PUBLIC        AD8
  B:00A0H.1       PUBLIC        AD9
  B:0088H.1       PUBLIC        IE0
  B:00A0H.7       PUBLIC        AMBERLED
  B:0088H.3       PUBLIC        IE1
  B:00B0H.7       PUBLIC        E
  B:00A0H.5       PUBLIC        GREENLED
  B:00A8H.1       PUBLIC        ET0
  B:00A8H.3       PUBLIC        ET1
  B:0088H.5       PUBLIC        TF0
  B:00A8H.5       PUBLIC        ET2
  B:0088H.7       PUBLIC        TF1
  B:00C8H.7       PUBLIC        TF2
  B:0098H.2       PUBLIC        RB8
  B:00A8H.0       PUBLIC        EX0
  B:0088H.0       PUBLIC        IT0
  B:0098H.3       PUBLIC        TB8
  B:00A8H.2       PUBLIC        EX1
  B:0088H.2       PUBLIC        IT1
  B:00D0H.0       PUBLIC        P
  B:0098H.7       PUBLIC        SM0
  B:0090H.2       PUBLIC        ECI
  B:0098H.6       PUBLIC        SM1
  B:0098H.5       PUBLIC        SM2
  B:00D0H.3       PUBLIC        RS0
  B:0088H.4       PUBLIC        TR0
  B:00D0H.4       PUBLIC        RS1
  B:0090H.6       PUBLIC        per_SCLK
  B:0088H.6       PUBLIC        TR1
  B:00C8H.2       PUBLIC        TR2
  B:00A0H.0       PUBLIC        SW1
  B:00A0H.1       PUBLIC        SW2
  B:00A0H.2       PUBLIC        SW3
  B:00A0H.3       PUBLIC        SW4
  B:0090H.6       PUBLIC        SCK
  B:0090H.7       PUBLIC        per_MOSI
  B:0090H.5       PUBLIC        per_MISO
BL51 BANKED LINKER/LOCATER V4.02                                                      12/07/2019  23:59:12  PAGE 28


  B:00C8H.3       PUBLIC        EXEN2
  B:0098H.4       PUBLIC        REN
  B:00A0H.2       PUBLIC        AD10
  B:00A0H.3       PUBLIC        AD11
  D:00C8H         PUBLIC        T2CON
  B:00A0H.4       PUBLIC        AD12
  B:00A0H.5       PUBLIC        AD13
  B:00A0H.6       PUBLIC        AD14
  B:00A0H.7       PUBLIC        AD15
  C:26A6H         PUBLIC        _P3_clear_bit
  B:00B8H.4       PUBLIC        PLS
  B:00D0H.5       PUBLIC        F0
  B:00D0H.1       PUBLIC        F1
  D:00D0H         PUBLIC        PSW
  B:00D8H.0       PUBLIC        CCF0
  B:00D8H.1       PUBLIC        CCF1
  -------         PROC          _P0_OUTPUT_BITS
  D:0007H         SYMBOL        Port_Data
  C:26C9H         LINE#         14
  C:26C9H         LINE#         15
  C:26C9H         LINE#         16
  C:26CBH         LINE#         17
  -------         ENDPROC       _P0_OUTPUT_BITS
  -------         PROC          _P3_CLEAR_BIT
  D:0007H         SYMBOL        Bit_Data
  C:26A6H         LINE#         60
  C:26A6H         LINE#         61
  C:26A6H         LINE#         62
  C:26AAH         LINE#         63
  -------         ENDPROC       _P3_CLEAR_BIT
  -------         PROC          _P2_SET_BIT
  D:0007H         SYMBOL        Bit_Data
  C:26B9H         LINE#         81
  C:26B9H         LINE#         82
  C:26B9H         LINE#         83
  C:26BCH         LINE#         84
  -------         ENDPROC       _P2_SET_BIT
  -------         PROC          _P3_SET_BIT
  D:0007H         SYMBOL        Bit_Data
  C:26BDH         LINE#         86
  C:26BDH         LINE#         87
  C:26BDH         LINE#         88
  C:26C0H         LINE#         89
  -------         ENDPROC       _P3_SET_BIT
  -------         ENDMOD        OUTPUTS

  -------         MODULE        PRINT_BYTES
  C:0000H         SYMBOL        _ICE_DUMMY_
  B:00D8H.2       PUBLIC        CCF2
  B:00D8H.3       PUBLIC        CCF3
  D:0080H         PUBLIC        P0
  B:00D8H.4       PUBLIC        CCF4
  D:0090H         PUBLIC        P1
  D:00A0H         PUBLIC        P2
  C:21A6H         PUBLIC        _print_16bytes
  D:00B0H         PUBLIC        P3
  B:00B0H.4       PUBLIC        T0
BL51 BANKED LINKER/LOCATER V4.02                                                      12/07/2019  23:59:12  PAGE 29


  B:00D0H.6       PUBLIC        AC
  B:00B0H.5       PUBLIC        T1
  B:00B0H.7       PUBLIC        nRD
  B:0090H.0       PUBLIC        T2
  B:00A8H.7       PUBLIC        EA
  B:00A8H.6       PUBLIC        EC
  B:00D8H.7       PUBLIC        CF
  B:00B0H.2       PUBLIC        nINT0
  B:0098H.7       PUBLIC        FE
  B:00B0H.3       PUBLIC        nINT1
  D:00A8H         PUBLIC        IEN0
  C:23D5H         PUBLIC        _print_memory
  B:00B0H.0       PUBLIC        RxD
  B:00B0H.1       PUBLIC        TxD
  B:0090H.3       PUBLIC        CEX0
  B:0090H.4       PUBLIC        CEX1
  B:00C8H.0       PUBLIC        CP
  B:00D8H.6       PUBLIC        CR
  B:00C8H.6       PUBLIC        EXF2
  D:00B8H         PUBLIC        IPL0
  B:00B0H.6       PUBLIC        nWR
  B:00A8H.4       PUBLIC        ES
  B:0098H.0       PUBLIC        RI
  B:00D0H.7       PUBLIC        CY
  B:0098H.1       PUBLIC        TI
  B:00B8H.1       PUBLIC        PT0L
  B:00B8H.3       PUBLIC        PT1L
  B:00B8H.5       PUBLIC        PT2L
  B:0090H.1       PUBLIC        T2EX
  D:00D8H         PUBLIC        CCON
  B:00B8H.0       PUBLIC        PX0L
  B:00D0H.2       PUBLIC        OV
  B:0090H.1       PUBLIC        SS
  B:00B8H.2       PUBLIC        PX1L
  B:00C8H.5       PUBLIC        RCLK
  B:00C8H.4       PUBLIC        TCLK
  B:00B8H.6       PUBLIC        PPCL
  D:0098H         PUBLIC        SCON
  B:0080H.0       PUBLIC        AD0
  D:0088H         PUBLIC        TCON
  B:0080H.1       PUBLIC        AD1
  B:0080H.2       PUBLIC        AD2
  B:00C8H.1       PUBLIC        CnT2
  B:0080H.3       PUBLIC        AD3
  B:0090H.5       PUBLIC        MISO
  B:0090H.7       PUBLIC        MOSI
  B:0080H.4       PUBLIC        AD4
  B:0080H.5       PUBLIC        AD5
  B:0080H.6       PUBLIC        AD6
  B:0080H.7       PUBLIC        AD7
  B:00A0H.0       PUBLIC        AD8
  B:00A0H.1       PUBLIC        AD9
  B:0088H.1       PUBLIC        IE0
  B:0088H.3       PUBLIC        IE1
  B:00A8H.1       PUBLIC        ET0
  B:00A8H.3       PUBLIC        ET1
  B:0088H.5       PUBLIC        TF0
BL51 BANKED LINKER/LOCATER V4.02                                                      12/07/2019  23:59:12  PAGE 30


  B:00A8H.5       PUBLIC        ET2
  B:0088H.7       PUBLIC        TF1
  B:00C8H.7       PUBLIC        TF2
  B:0098H.2       PUBLIC        RB8
  B:00A8H.0       PUBLIC        EX0
  B:0088H.0       PUBLIC        IT0
  B:0098H.3       PUBLIC        TB8
  B:00A8H.2       PUBLIC        EX1
  B:0088H.2       PUBLIC        IT1
  B:00D0H.0       PUBLIC        P
  B:0098H.7       PUBLIC        SM0
  B:0090H.2       PUBLIC        ECI
  B:0098H.6       PUBLIC        SM1
  B:0098H.5       PUBLIC        SM2
  B:00D0H.3       PUBLIC        RS0
  B:0088H.4       PUBLIC        TR0
  B:00D0H.4       PUBLIC        RS1
  B:0088H.6       PUBLIC        TR1
  B:00C8H.2       PUBLIC        TR2
  B:0090H.6       PUBLIC        SCK
  B:00C8H.3       PUBLIC        EXEN2
  B:0098H.4       PUBLIC        REN
  B:00A0H.2       PUBLIC        AD10
  B:00A0H.3       PUBLIC        AD11
  D:00C8H         PUBLIC        T2CON
  B:00A0H.4       PUBLIC        AD12
  B:00A0H.5       PUBLIC        AD13
  B:00A0H.6       PUBLIC        AD14
  B:00A0H.7       PUBLIC        AD15
  B:00B8H.4       PUBLIC        PLS
  B:00D0H.5       PUBLIC        F0
  B:00D0H.1       PUBLIC        F1
  D:00D0H         PUBLIC        PSW
  B:00D8H.0       PUBLIC        CCF0
  B:00D8H.1       PUBLIC        CCF1
  -------         PROC          _PRINT_16BYTES
  D:0001H         SYMBOL        array_in_p
  -------         DO            array_in_p
  D:0066H         SYMBOL        input_p
  D:0069H         SYMBOL        index
  D:006AH         SYMBOL        dat
  -------         ENDDO         dat
  C:21A6H         LINE#         16
  C:21A6H         LINE#         17
  C:21A6H         LINE#         20
  C:21ACH         LINE#         21
  C:21BBH         LINE#         22
  C:21BEH         LINE#         23
  C:21BEH         LINE#         24
  C:21CFH         LINE#         25
  C:21DAH         LINE#         26
  C:21E3H         LINE#         27
  C:21E6H         LINE#         28
  C:21E6H         LINE#         29
  C:21F7H         LINE#         30
  C:2206H         LINE#         31
  C:220BH         LINE#         32
BL51 BANKED LINKER/LOCATER V4.02                                                      12/07/2019  23:59:12  PAGE 31


  C:2214H         LINE#         33
  C:2219H         LINE#         34
  -------         ENDPROC       _PRINT_16BYTES
  -------         PROC          _PRINT_MEMORY
  D:005EH         SYMBOL        array_in_p
  D:0061H         SYMBOL        number_of_bytes
  -------         DO            number_of_bytes
  D:0063H         SYMBOL        input_p
  D:0006H         SYMBOL        i
  -------         ENDDO         i
  C:23D5H         LINE#         44
  C:23DFH         LINE#         45
  C:23DFH         LINE#         48
  C:23E5H         LINE#         49
  C:23E9H         LINE#         50
  C:23EEH         LINE#         51
  C:23FAH         LINE#         52
  C:2403H         LINE#         54
  C:2403H         LINE#         55
  C:240CH         LINE#         56
  C:2417H         LINE#         57
  C:2433H         LINE#         58
  -------         ENDPROC       _PRINT_MEMORY
  -------         ENDMOD        PRINT_BYTES

  -------         MODULE        READ_SECTOR
  C:0000H         SYMBOL        _ICE_DUMMY_
  B:00D8H.2       PUBLIC        CCF2
  B:00D8H.3       PUBLIC        CCF3
  D:0080H         PUBLIC        P0
  B:00D8H.4       PUBLIC        CCF4
  D:0090H         PUBLIC        P1
  D:00A0H         PUBLIC        P2
  D:00B0H         PUBLIC        P3
  B:00B0H.4       PUBLIC        T0
  B:00D0H.6       PUBLIC        AC
  B:00B0H.5       PUBLIC        T1
  B:00B0H.7       PUBLIC        nRD
  B:0090H.0       PUBLIC        T2
  B:00A8H.7       PUBLIC        EA
  B:00A8H.6       PUBLIC        EC
  B:00D8H.7       PUBLIC        CF
  B:00B0H.2       PUBLIC        nINT0
  B:0098H.7       PUBLIC        FE
  B:00B0H.3       PUBLIC        nINT1
  D:00A8H         PUBLIC        IEN0
  B:00B0H.0       PUBLIC        RxD
  B:00B0H.1       PUBLIC        TxD
  B:0090H.3       PUBLIC        CEX0
  B:0090H.4       PUBLIC        CEX1
  B:00C8H.0       PUBLIC        CP
  B:00D8H.6       PUBLIC        CR
  B:00C8H.6       PUBLIC        EXF2
  D:00B8H         PUBLIC        IPL0
  B:00B0H.6       PUBLIC        nWR
  B:00A8H.4       PUBLIC        ES
  B:0098H.0       PUBLIC        RI
BL51 BANKED LINKER/LOCATER V4.02                                                      12/07/2019  23:59:12  PAGE 32


  B:00D0H.7       PUBLIC        CY
  B:0098H.1       PUBLIC        TI
  B:00B8H.1       PUBLIC        PT0L
  B:00B8H.3       PUBLIC        PT1L
  B:00B8H.5       PUBLIC        PT2L
  B:0090H.1       PUBLIC        T2EX
  D:00D8H         PUBLIC        CCON
  B:00B8H.0       PUBLIC        PX0L
  B:00D0H.2       PUBLIC        OV
  B:0090H.1       PUBLIC        SS
  B:00B8H.2       PUBLIC        PX1L
  B:00C8H.5       PUBLIC        RCLK
  B:00C8H.4       PUBLIC        TCLK
  B:00B8H.6       PUBLIC        PPCL
  C:2434H         PUBLIC        _Read_Sector
  D:0098H         PUBLIC        SCON
  B:0080H.0       PUBLIC        AD0
  D:0088H         PUBLIC        TCON
  B:0080H.1       PUBLIC        AD1
  B:0080H.2       PUBLIC        AD2
  B:00C8H.1       PUBLIC        CnT2
  B:0080H.3       PUBLIC        AD3
  B:0090H.5       PUBLIC        MISO
  B:0090H.7       PUBLIC        MOSI
  B:0080H.4       PUBLIC        AD4
  B:0080H.5       PUBLIC        AD5
  B:0080H.6       PUBLIC        AD6
  B:0080H.7       PUBLIC        AD7
  B:00A0H.0       PUBLIC        AD8
  B:00A0H.1       PUBLIC        AD9
  B:0088H.1       PUBLIC        IE0
  B:0088H.3       PUBLIC        IE1
  B:00A8H.1       PUBLIC        ET0
  B:00A8H.3       PUBLIC        ET1
  B:0088H.5       PUBLIC        TF0
  B:00A8H.5       PUBLIC        ET2
  B:0088H.7       PUBLIC        TF1
  B:00C8H.7       PUBLIC        TF2
  B:0098H.2       PUBLIC        RB8
  B:00A8H.0       PUBLIC        EX0
  B:0088H.0       PUBLIC        IT0
  B:0098H.3       PUBLIC        TB8
  B:00A8H.2       PUBLIC        EX1
  B:0088H.2       PUBLIC        IT1
  B:00D0H.0       PUBLIC        P
  B:0098H.7       PUBLIC        SM0
  B:0090H.2       PUBLIC        ECI
  B:0098H.6       PUBLIC        SM1
  B:0098H.5       PUBLIC        SM2
  B:00D0H.3       PUBLIC        RS0
  B:0088H.4       PUBLIC        TR0
  B:00D0H.4       PUBLIC        RS1
  B:0088H.6       PUBLIC        TR1
  B:00C8H.2       PUBLIC        TR2
  B:0090H.6       PUBLIC        SCK
  B:00C8H.3       PUBLIC        EXEN2
  B:0098H.4       PUBLIC        REN
BL51 BANKED LINKER/LOCATER V4.02                                                      12/07/2019  23:59:12  PAGE 33


  B:00A0H.2       PUBLIC        AD10
  B:00A0H.3       PUBLIC        AD11
  D:00C8H         PUBLIC        T2CON
  B:00A0H.4       PUBLIC        AD12
  B:00A0H.5       PUBLIC        AD13
  B:00A0H.6       PUBLIC        AD14
  B:00A0H.7       PUBLIC        AD15
  B:00B8H.4       PUBLIC        PLS
  B:00D0H.5       PUBLIC        F0
  B:00D0H.1       PUBLIC        F1
  D:00D0H         PUBLIC        PSW
  B:00D8H.0       PUBLIC        CCF0
  B:00D8H.1       PUBLIC        CCF1
  -------         PROC          _READ_SECTOR
  D:005EH         SYMBOL        sector_number
  D:0062H         SYMBOL        sector_size
  D:0064H         SYMBOL        array_for_data
  -------         DO            array_for_data
  D:0067H         SYMBOL        SDtype
  D:0068H         SYMBOL        error_flag
  -------         ENDDO         error_flag
  C:2434H         LINE#         13
  C:243CH         LINE#         14
  C:243CH         LINE#         16
  C:243FH         LINE#         19
  C:2444H         LINE#         21
  C:2449H         LINE#         23
  C:2467H         LINE#         25
  C:246BH         LINE#         26
  C:246BH         LINE#         27
  C:247AH         LINE#         28
  C:247AH         LINE#         30
  C:247FH         LINE#         32
  C:2483H         LINE#         33
  C:2483H         LINE#         34
  C:2486H         LINE#         35
  C:2486H         LINE#         36
  C:2488H         LINE#         37
  -------         ENDPROC       _READ_SECTOR
  -------         ENDMOD        READ_SECTOR

  -------         MODULE        SD_CARD_TEST
  C:0000H         SYMBOL        _ICE_DUMMY_
  B:00D8H.2       PUBLIC        CCF2
  B:00D8H.3       PUBLIC        CCF3
  D:0080H         PUBLIC        P0
  B:00D8H.4       PUBLIC        CCF4
  D:0090H         PUBLIC        P1
  D:00A0H         PUBLIC        P2
  D:00B0H         PUBLIC        P3
  B:00B0H.4       PUBLIC        T0
  B:00D0H.6       PUBLIC        AC
  B:00B0H.5       PUBLIC        T1
  B:00B0H.7       PUBLIC        nRD
  B:0090H.0       PUBLIC        T2
  B:00A8H.7       PUBLIC        EA
  B:00A8H.6       PUBLIC        EC
BL51 BANKED LINKER/LOCATER V4.02                                                      12/07/2019  23:59:12  PAGE 34


  B:00D8H.7       PUBLIC        CF
  B:00B0H.2       PUBLIC        nINT0
  B:0098H.7       PUBLIC        FE
  B:00B0H.3       PUBLIC        nINT1
  D:00A8H         PUBLIC        IEN0
  B:00B0H.0       PUBLIC        RxD
  B:0090H.0       PUBLIC        P1_0
  B:00B0H.1       PUBLIC        TxD
  B:0090H.3       PUBLIC        CEX0
  B:0090H.1       PUBLIC        P1_1
  B:0090H.4       PUBLIC        CEX1
  B:0090H.2       PUBLIC        P1_2
  B:00C8H.0       PUBLIC        CP
  B:0090H.3       PUBLIC        P1_3
  B:00B0H.2       PUBLIC        P3_2
  B:00D8H.6       PUBLIC        CR
  B:00B0H.3       PUBLIC        P3_3
  B:00C8H.6       PUBLIC        EXF2
  D:00B8H         PUBLIC        IPL0
  B:00B0H.4       PUBLIC        P3_4
  B:00B0H.5       PUBLIC        P3_5
  B:00B0H.6       PUBLIC        nWR
  B:00A8H.4       PUBLIC        ES
  B:0098H.0       PUBLIC        RI
  B:00D0H.7       PUBLIC        CY
  B:0098H.1       PUBLIC        TI
  D:008FH         PUBLIC        CKCON0
  B:00B8H.1       PUBLIC        PT0L
  B:00B8H.3       PUBLIC        PT1L
  C:1F28H         PUBLIC        SDHC
  B:00B8H.5       PUBLIC        PT2L
[...]
  B:0088H.3       PUBLIC        IE1
  B:00B0H.7       PUBLIC        E
  B:00A0H.5       PUBLIC        GREENLED
  B:00A8H.1       PUBLIC        ET0
BL51 BANKED LINKER/LOCATER V4.02                                                      12/07/2019  23:59:12  PAGE 53


  B:00A8H.3       PUBLIC        ET1
  B:0088H.5       PUBLIC        TF0
  B:00A8H.5       PUBLIC        ET2
  B:0088H.7       PUBLIC        TF1
  B:00C8H.7       PUBLIC        TF2
  B:0098H.2       PUBLIC        RB8
  D:008CH         PUBLIC        TH0
  B:00A8H.0       PUBLIC        EX0
  B:0088H.0       PUBLIC        IT0
  B:0098H.3       PUBLIC        TB8
  B:00A8H.2       PUBLIC        EX1
  B:0088H.2       PUBLIC        IT1
  B:00D0H.0       PUBLIC        P
  B:0098H.7       PUBLIC        SM0
  D:008AH         PUBLIC        TL0
  B:0090H.2       PUBLIC        ECI
  B:0098H.6       PUBLIC        SM1
  B:0098H.5       PUBLIC        SM2
  B:00D0H.3       PUBLIC        RS0
  B:0088H.4       PUBLIC        TR0
  B:00D0H.4       PUBLIC        RS1
  B:0090H.6       PUBLIC        per_SCLK
  B:0088H.6       PUBLIC        TR1
  C:2606H         PUBLIC        _Timer0_DELAY_1ms
  B:00C8H.2       PUBLIC        TR2
  B:00A0H.0       PUBLIC        SW1
  B:00A0H.1       PUBLIC        SW2
  B:00A0H.2       PUBLIC        SW3
  B:00A0H.3       PUBLIC        SW4
  B:0090H.6       PUBLIC        SCK
  B:0090H.7       PUBLIC        per_MOSI
  B:0090H.5       PUBLIC        per_MISO
  B:00C8H.3       PUBLIC        EXEN2
  B:0098H.4       PUBLIC        REN
  B:00A0H.2       PUBLIC        AD10
  B:00A0H.3       PUBLIC        AD11
  D:00C8H         PUBLIC        T2CON
  B:00A0H.4       PUBLIC        AD12
  B:00A0H.5       PUBLIC        AD13
  B:00A0H.6       PUBLIC        AD14
  B:00A0H.7       PUBLIC        AD15
  B:00B8H.4       PUBLIC        PLS
  B:00D0H.5       PUBLIC        F0
  B:00D0H.1       PUBLIC        F1
  D:00D0H         PUBLIC        PSW
  B:00D8H.0       PUBLIC        CCF0
  B:00D8H.1       PUBLIC        CCF1
  -------         PROC          _TIMER0_DELAY_1MS
  D:0006H         SYMBOL        duration
  C:2606H         LINE#         7
  C:2606H         LINE#         8
  C:2606H         LINE#         10
  C:2609H         LINE#         11
  C:260CH         LINE#         14
  C:260EH         LINE#         17
  C:260EH         LINE#         19
  C:2611H         LINE#         20
BL51 BANKED LINKER/LOCATER V4.02                                                      12/07/2019  23:59:12  PAGE 54


  C:2614H         LINE#         22
  C:2616H         LINE#         23
  C:2618H         LINE#         25
  C:261BH         LINE#         27
  C:261DH         LINE#         28
  C:2622H         LINE#         29
  C:262BH         LINE#         30
  -------         ENDPROC       _TIMER0_DELAY_1MS
  -------         ENDMOD        TIMER0_HARDWARE_DELAY_1MS

  -------         MODULE        UART
  C:0000H         SYMBOL        _ICE_DUMMY_
  B:00D8H.2       PUBLIC        CCF2
  B:00D8H.3       PUBLIC        CCF3
  D:0080H         PUBLIC        P0
  B:00D8H.4       PUBLIC        CCF4
  D:0090H         PUBLIC        P1
  D:00A0H         PUBLIC        P2
  D:00B0H         PUBLIC        P3
  B:00B0H.4       PUBLIC        T0
  B:00D0H.6       PUBLIC        AC
  B:00B0H.5       PUBLIC        T1
  B:00B0H.7       PUBLIC        nRD
  B:0090H.0       PUBLIC        T2
  B:00A8H.7       PUBLIC        EA
  B:00A8H.6       PUBLIC        EC
  B:00D8H.7       PUBLIC        CF
  B:00B0H.2       PUBLIC        nINT0
  B:0098H.7       PUBLIC        FE
  B:00B0H.3       PUBLIC        nINT1
  D:00A8H         PUBLIC        IEN0
  B:00B0H.0       PUBLIC        RxD
  B:00B0H.1       PUBLIC        TxD
  B:0090H.3       PUBLIC        CEX0
  B:0090H.4       PUBLIC        CEX1
  B:00C8H.0       PUBLIC        CP
  B:00D8H.6       PUBLIC        CR
  B:00C8H.6       PUBLIC        EXF2
  D:00B8H         PUBLIC        IPL0
  B:00B0H.6       PUBLIC        nWR
  B:00A8H.4       PUBLIC        ES
  B:0098H.0       PUBLIC        RI
  B:00D0H.7       PUBLIC        CY
  B:0098H.1       PUBLIC        TI
  B:00B8H.1       PUBLIC        PT0L
  B:00B8H.3       PUBLIC        PT1L
  B:00B8H.5       PUBLIC        PT2L
  B:0090H.1       PUBLIC        T2EX
  D:00D8H         PUBLIC        CCON
  B:00B8H.0       PUBLIC        PX0L
  B:00D0H.2       PUBLIC        OV
  B:0090H.1       PUBLIC        SS
  B:00B8H.2       PUBLIC        PX1L
  B:00C8H.5       PUBLIC        RCLK
  B:00C8H.4       PUBLIC        TCLK
  B:00B8H.6       PUBLIC        PPCL
  D:0099H         PUBLIC        SBUF
BL51 BANKED LINKER/LOCATER V4.02                                                      12/07/2019  23:59:12  PAGE 55


  D:0087H         PUBLIC        PCON
  D:0098H         PUBLIC        SCON
  C:254BH         PUBLIC        _uart_init
  B:0080H.0       PUBLIC        AD0
  D:0088H         PUBLIC        TCON
  B:0080H.1       PUBLIC        AD1
  B:0080H.2       PUBLIC        AD2
  B:00C8H.1       PUBLIC        CnT2
  B:0080H.3       PUBLIC        AD3
  B:0090H.5       PUBLIC        MISO
  B:0090H.7       PUBLIC        MOSI
  B:0080H.4       PUBLIC        AD4
  B:0080H.5       PUBLIC        AD5
  D:009BH         PUBLIC        BDRCON
  B:0080H.6       PUBLIC        AD6
  B:0080H.7       PUBLIC        AD7
  B:00A0H.0       PUBLIC        AD8
  B:00A0H.1       PUBLIC        AD9
  B:0088H.1       PUBLIC        IE0
  B:0088H.3       PUBLIC        IE1
  B:00A8H.1       PUBLIC        ET0
  B:00A8H.3       PUBLIC        ET1
  B:0088H.5       PUBLIC        TF0
  B:00A8H.5       PUBLIC        ET2
  B:0088H.7       PUBLIC        TF1
  B:00C8H.7       PUBLIC        TF2
  B:0098H.2       PUBLIC        RB8
  B:00A8H.0       PUBLIC        EX0
  B:0088H.0       PUBLIC        IT0
  B:0098H.3       PUBLIC        TB8
  B:00A8H.2       PUBLIC        EX1
  B:0088H.2       PUBLIC        IT1
  B:00D0H.0       PUBLIC        P
  B:0098H.7       PUBLIC        SM0
  B:0090H.2       PUBLIC        ECI
  B:0098H.6       PUBLIC        SM1
  B:0098H.5       PUBLIC        SM2
  C:262CH         PUBLIC        _UART_Transmit
  B:00D0H.3       PUBLIC        RS0
  B:0088H.4       PUBLIC        TR0
  B:00D0H.4       PUBLIC        RS1
  B:0088H.6       PUBLIC        TR1
  B:00C8H.2       PUBLIC        TR2
  D:009AH         PUBLIC        BRL
  B:0090H.6       PUBLIC        SCK
  B:00C8H.3       PUBLIC        EXEN2
  C:2692H         PUBLIC        UART_Receive
  B:0098H.4       PUBLIC        REN
  B:00A0H.2       PUBLIC        AD10
  B:00A0H.3       PUBLIC        AD11
  D:00C8H         PUBLIC        T2CON
  B:00A0H.4       PUBLIC        AD12
  B:00A0H.5       PUBLIC        AD13
  B:00A0H.6       PUBLIC        AD14
  B:00A0H.7       PUBLIC        AD15
  B:00B8H.4       PUBLIC        PLS
  B:00D0H.5       PUBLIC        F0
BL51 BANKED LINKER/LOCATER V4.02                                                      12/07/2019  23:59:12  PAGE 56


  B:00D0H.1       PUBLIC        F1
  D:00D0H         PUBLIC        PSW
  B:00D8H.0       PUBLIC        CCF0
  B:00D8H.1       PUBLIC        CCF1
  -------         PROC          _UART_INIT
  D:0006H         SYMBOL        BAUD_RATE
  C:254BH         LINE#         13
  C:254BH         LINE#         14
  C:254BH         LINE#         18
  C:254EH         LINE#         19
  C:2551H         LINE#         22
  C:2553H         LINE#         24
  C:2556H         LINE#         27
  C:2559H         LINE#         29
  C:257AH         LINE#         30
  C:257DH         LINE#         35
  C:257FH         LINE#         38
  -------         ENDPROC       _UART_INIT
  -------         PROC          _UART_TRANSMIT
  D:0007H         SYMBOL        send_value
  -------         DO            send_value
  D:0006H         SYMBOL        return_value
  D:0004H         SYMBOL        timeout
  -------         ENDDO         timeout
  C:262CH         LINE#         48
  C:262CH         LINE#         49
  C:262CH         LINE#         52
  C:262FH         LINE#         54
  C:262FH         LINE#         55
  C:2634H         LINE#         56
  C:263BH         LINE#         57
  C:263FH         LINE#         58
  C:263FH         LINE#         59
  C:2641H         LINE#         60
  C:2643H         LINE#         61
  C:2645H         LINE#         62
  C:2647H         LINE#         64
  C:2647H         LINE#         65
  C:2649H         LINE#         66
  C:2649H         LINE#         67
  C:264BH         LINE#         68
  -------         ENDPROC       _UART_TRANSMIT
  -------         PROC          UART_RECEIVE
  -------         DO            UART_RECEIVE
  D:0007H         SYMBOL        return_value
  -------         ENDDO         return_value
  C:2692H         LINE#         83
  C:2692H         LINE#         84
  C:2692H         LINE#         86
  C:2695H         LINE#         87
  C:2697H         LINE#         88
  C:2699H         LINE#         89
  C:2699H         LINE#         90
  -------         ENDPROC       UART_RECEIVE
  -------         ENDMOD        UART

  -------         MODULE        SEOS
BL51 BANKED LINKER/LOCATER V4.02                                                      12/07/2019  23:59:12  PAGE 57


  C:0000H         SYMBOL        _ICE_DUMMY_
  B:00D8H.2       PUBLIC        CCF2
  B:00D8H.3       PUBLIC        CCF3
  D:0080H         PUBLIC        P0
  B:00D8H.4       PUBLIC        CCF4
  D:0090H         PUBLIC        P1
  D:00A0H         PUBLIC        P2
  D:00B0H         PUBLIC        P3
  B:00B0H.4       PUBLIC        T0
  B:00D0H.6       PUBLIC        AC
  B:00B0H.5       PUBLIC        T1
  B:00B0H.7       PUBLIC        nRD
  B:0090H.0       PUBLIC        T2
  B:00A8H.7       PUBLIC        EA
  B:00A8H.6       PUBLIC        EC
  B:00D8H.7       PUBLIC        CF
  B:00B0H.2       PUBLIC        nINT0
  B:0098H.7       PUBLIC        FE
  B:00B0H.3       PUBLIC        nINT1
  D:00A8H         PUBLIC        IEN0
  B:00B0H.0       PUBLIC        RxD
  B:0090H.0       PUBLIC        P1_0
  B:00B0H.1       PUBLIC        TxD
  B:0090H.3       PUBLIC        CEX0
  B:0090H.1       PUBLIC        P1_1
  B:0090H.4       PUBLIC        CEX1
  B:0090H.2       PUBLIC        P1_2
  B:00C8H.0       PUBLIC        CP
  B:0090H.3       PUBLIC        P1_3
  B:00B0H.2       PUBLIC        P3_2
  B:00D8H.6       PUBLIC        CR
  B:00B0H.3       PUBLIC        P3_3
  B:00C8H.6       PUBLIC        EXF2
  D:00B8H         PUBLIC        IPL0
  B:00B0H.4       PUBLIC        P3_4
  B:00B0H.5       PUBLIC        P3_5
  C:26C5H         PUBLIC        go_to_sleep
  B:00B0H.6       PUBLIC        nWR
  B:00A8H.4       PUBLIC        ES
  B:0098H.0       PUBLIC        RI
  B:00D0H.7       PUBLIC        CY
  B:0098H.1       PUBLIC        TI
  B:00B8H.1       PUBLIC        PT0L
  B:00B8H.3       PUBLIC        PT1L
  D:00CBH         PUBLIC        RCAP2H
  B:00B8H.5       PUBLIC        PT2L
  B:0090H.1       PUBLIC        T2EX
  D:00D8H         PUBLIC        CCON
  B:00B0H.6       PUBLIC        RS
  B:00B8H.0       PUBLIC        PX0L
  B:00D0H.2       PUBLIC        OV
  B:0090H.1       PUBLIC        SS
  B:00B8H.2       PUBLIC        PX1L
  D:00CAH         PUBLIC        RCAP2L
  B:00C8H.5       PUBLIC        RCLK
  B:00C8H.4       PUBLIC        TCLK
  B:00B8H.6       PUBLIC        PPCL
BL51 BANKED LINKER/LOCATER V4.02                                                      12/07/2019  23:59:12  PAGE 58


  D:0087H         PUBLIC        PCON
  B:00A0H.4       PUBLIC        REDLED
  D:0098H         PUBLIC        SCON
  B:00A0H.6       PUBLIC        YELLOWLED
  B:0090H.4       PUBLIC        nCS0
  B:0080H.0       PUBLIC        AD0
  D:0088H         PUBLIC        TCON
  B:0080H.1       PUBLIC        AD1
  B:0080H.2       PUBLIC        AD2
  B:00B0H.1       PUBLIC        per_RxD
  B:00C8H.1       PUBLIC        CnT2
  B:0080H.3       PUBLIC        AD3
  B:0090H.5       PUBLIC        MISO
  B:0090H.7       PUBLIC        MOSI
  B:0080H.4       PUBLIC        AD4
  B:00B0H.0       PUBLIC        per_TxD
  B:0080H.5       PUBLIC        AD5
  B:0080H.6       PUBLIC        AD6
  B:0080H.7       PUBLIC        AD7
  B:00A0H.0       PUBLIC        AD8
  B:00A0H.1       PUBLIC        AD9
  B:0088H.1       PUBLIC        IE0
  B:00A0H.7       PUBLIC        AMBERLED
  B:0088H.3       PUBLIC        IE1
  B:00B0H.7       PUBLIC        E
  B:00A0H.5       PUBLIC        GREENLED
  B:00A8H.1       PUBLIC        ET0
  B:00A8H.3       PUBLIC        ET1
  B:0088H.5       PUBLIC        TF0
  B:00A8H.5       PUBLIC        ET2
  B:0088H.7       PUBLIC        TF1
  B:00C8H.7       PUBLIC        TF2
  B:0098H.2       PUBLIC        RB8
  B:00A8H.0       PUBLIC        EX0
  B:0088H.0       PUBLIC        IT0
  B:0098H.3       PUBLIC        TB8
  B:00A8H.2       PUBLIC        EX1
  B:0088H.2       PUBLIC        IT1
  D:00CDH         PUBLIC        TH2
  B:00D0H.0       PUBLIC        P
  B:0098H.7       PUBLIC        SM0
  B:0090H.2       PUBLIC        ECI
  B:0098H.6       PUBLIC        SM1
  C:2580H         PUBLIC        _sEOS_init
  B:0098H.5       PUBLIC        SM2
  D:00CCH         PUBLIC        TL2
  B:00D0H.3       PUBLIC        RS0
  B:0088H.4       PUBLIC        TR0
  B:00D0H.4       PUBLIC        RS1
  B:0090H.6       PUBLIC        per_SCLK
  B:0088H.6       PUBLIC        TR1
  B:00C8H.2       PUBLIC        TR2
  B:00A0H.0       PUBLIC        SW1
  B:00A0H.1       PUBLIC        SW2
  B:00A0H.2       PUBLIC        SW3
  B:00A0H.3       PUBLIC        SW4
  B:0090H.6       PUBLIC        SCK
BL51 BANKED LINKER/LOCATER V4.02                                                      12/07/2019  23:59:12  PAGE 59


  B:0090H.7       PUBLIC        per_MOSI
  B:0090H.5       PUBLIC        per_MISO
  B:00C8H.3       PUBLIC        EXEN2
  B:0098H.4       PUBLIC        REN
  B:00A0H.2       PUBLIC        AD10
  B:00A0H.3       PUBLIC        AD11
  D:00C8H         PUBLIC        T2CON
  B:00A0H.4       PUBLIC        AD12
  B:00A0H.5       PUBLIC        AD13
  B:00A0H.6       PUBLIC        AD14
  B:00A0H.7       PUBLIC        AD15
  B:00B8H.4       PUBLIC        PLS
  B:00D0H.5       PUBLIC        F0
  B:00D0H.1       PUBLIC        F1
  D:00D0H         PUBLIC        PSW
  B:00D8H.0       PUBLIC        CCF0
  B:00D8H.1       PUBLIC        CCF1
  -------         PROC          _SEOS_INIT
  D:0007H         SYMBOL        interval
  -------         DO            interval
  D:0004H         SYMBOL        reload_16
  D:0007H         SYMBOL        reload_8H
  D:0006H         SYMBOL        reload_8L
  -------         ENDDO         reload_8L
  C:2580H         LINE#         11
  C:2580H         LINE#         16
  C:2583H         LINE#         18
  C:25A2H         LINE#         21
  C:25A2H         LINE#         22
  C:25A4H         LINE#         25
  C:25A6H         LINE#         26
  C:25A8H         LINE#         29
  C:25AAH         LINE#         30
  C:25ACH         LINE#         32
  C:25AEH         LINE#         33
  C:25B0H         LINE#         34
  C:25B2H         LINE#         35
  C:25B4H         LINE#         36
  -------         ENDPROC       _SEOS_INIT
  -------         PROC          GO_TO_SLEEP
  C:26C5H         LINE#         38
  C:26C5H         LINE#         39
  C:26C8H         LINE#         40
  -------         ENDPROC       GO_TO_SLEEP
  -------         ENDMOD        SEOS

  -------         MODULE        ?C?CLDPTR
  C:0B95H         PUBLIC        ?C?CLDPTR
  -------         ENDMOD        ?C?CLDPTR

  -------         MODULE        ?C?CLDOPTR
  C:0BAEH         PUBLIC        ?C?CLDOPTR
  -------         ENDMOD        ?C?CLDOPTR

  -------         MODULE        ?C?CSTPTR
  C:0BDBH         PUBLIC        ?C?CSTPTR
  -------         ENDMOD        ?C?CSTPTR
BL51 BANKED LINKER/LOCATER V4.02                                                      12/07/2019  23:59:12  PAGE 60



  -------         MODULE        ?C?CSTOPTR
  C:0BEDH         PUBLIC        ?C?CSTOPTR
  -------         ENDMOD        ?C?CSTOPTR

  -------         MODULE        ?C?UIDIV
  C:0C0FH         PUBLIC        ?C?UIDIV
  -------         ENDMOD        ?C?UIDIV

  -------         MODULE        ?C?LMUL
  C:0C64H         PUBLIC        ?C?LMUL
  -------         ENDMOD        ?C?LMUL

  -------         MODULE        ?C?ULDIV
  C:0CEFH         PUBLIC        ?C?ULDIV
  -------         ENDMOD        ?C?ULDIV

  -------         MODULE        ?C?SLCMP
  C:0D81H         PUBLIC        ?C?SLCMP
  -------         ENDMOD        ?C?SLCMP

  -------         MODULE        ?C?ULCMP
  C:0D97H         PUBLIC        ?C?ULCMP
  -------         ENDMOD        ?C?ULCMP

  -------         MODULE        ?C?ULSHR
  C:0DA8H         PUBLIC        ?C?ULSHR
  -------         ENDMOD        ?C?ULSHR

  -------         MODULE        ?C?LSHL
  C:0DBBH         PUBLIC        ?C?LSHL
  -------         ENDMOD        ?C?LSHL

  -------         MODULE        ?C?LLDOPTR
  C:0DCEH         PUBLIC        ?C?LLDOPTR
  -------         ENDMOD        ?C?LLDOPTR

  -------         MODULE        ?C?LLDIDATA
  C:0DFEH         PUBLIC        ?C?LLDIDATA
  -------         ENDMOD        ?C?LLDIDATA

  -------         MODULE        ?C?LLDIDATA0
  C:0E0AH         PUBLIC        ?C?LLDIDATA0
  -------         ENDMOD        ?C?LLDIDATA0

  -------         MODULE        ?C?LSTIDATA
  C:0E17H         PUBLIC        ?C?LSTIDATA
  -------         ENDMOD        ?C?LSTIDATA

  -------         MODULE        ?C?LSTXDATA
  C:0E23H         PUBLIC        ?C?LSTXDATA
  -------         ENDMOD        ?C?LSTXDATA

  -------         MODULE        PUTCHAR
  C:25DFH         PUBLIC        _PUTCHAR
  -------         ENDMOD        PUTCHAR

BL51 BANKED LINKER/LOCATER V4.02                                                      12/07/2019  23:59:12  PAGE 61


  -------         MODULE        PRINTF
  D:006BH         PUBLIC        ?_PRINTF517?BYTE
  D:006BH         PUBLIC        ?_PRINTF?BYTE
  D:006BH         PUBLIC        ?_SPRINTF517?BYTE
  D:006BH         PUBLIC        ?_SPRINTF?BYTE
  C:089BH         PUBLIC        _PRINTF
  C:089BH         PUBLIC        _PRINTF517
  C:0895H         PUBLIC        _SPRINTF
  C:0895H         PUBLIC        _SPRINTF517
  -------         ENDMOD        PRINTF

  -------         MODULE        ATOL
  C:1CB7H         PUBLIC        _ATOL
  -------         ENDMOD        ATOL

  -------         MODULE        ?C?LNEG
  C:0E2FH         PUBLIC        ?C?LNEG
  -------         ENDMOD        ?C?LNEG

  -------         MODULE        ?C?LLDXDATA
  C:0E3DH         PUBLIC        ?C?LLDXDATA
  -------         ENDMOD        ?C?LLDXDATA

  -------         MODULE        ?C?LLDPDATA
  C:0E49H         PUBLIC        ?C?LLDPDATA
  -------         ENDMOD        ?C?LLDPDATA

  -------         MODULE        ?C?LLDCODE
  C:0E55H         PUBLIC        ?C?LLDCODE
  -------         ENDMOD        ?C?LLDCODE

  -------         MODULE        ?C?PLDIIDATA
  C:0E65H         PUBLIC        ?C?PLDIIDATA
  -------         ENDMOD        ?C?PLDIIDATA

  -------         MODULE        ?C?CCASE
  C:0E75H         PUBLIC        ?C?CCASE
  -------         ENDMOD        ?C?CCASE

  -------         MODULE        ISDIGIT
  C:2677H         PUBLIC        _ISDIGIT
  -------         ENDMOD        ISDIGIT

  -------         MODULE        ISSPACE
  C:2664H         PUBLIC        _ISSPACE
  -------         ENDMOD        ISSPACE

*** WARNING L16: UNCALLED SEGMENT, IGNORED FOR OVERLAY PROCESS
    SEGMENT: ?PR?_SEOS_INIT?SEOS

*** WARNING L16: UNCALLED SEGMENT, IGNORED FOR OVERLAY PROCESS
    SEGMENT: ?PR?GO_TO_SLEEP?SEOS

LINK/LOCATE RUN COMPLETE.  2 WARNING(S),  0 ERROR(S)
