BL51 BANKED LINKER/LOCATER V4.02                                                        12/08/2019  19:04:45  PAGE 1


BL51 BANKED LINKER/LOCATER V4.02, INVOKED BY:
C:\KEIL\C51\BIN\BL51.EXE SD_card_test.obj, Directory_Functions_struct.obj, LCD_hardware_functions.obj, LCD_routines.obj,
>>  LED_Control.obj, Long_Serial_In.obj, Outputs.obj, print_bytes.obj, Read_Sector.obj, SDCard.obj, SPI.obj, Timer0_hard
>> ware_delay_1ms.obj, UART.obj, sEOS.obj, I2C.obj, STA013.obj, config.obj, MP3.obj TO CPE5160_Final RAMSIZE (256)


MEMORY MODEL: SMALL


INPUT MODULES INCLUDED:
  SD_card_test.obj (SD_CARD_TEST)
  Directory_Functions_struct.obj (DIRECTORY_FUNCTIONS_STRUCT)
  LCD_hardware_functions.obj (LCD_HARDWARE_FUNCTIONS)
  LCD_routines.obj (LCD_ROUTINES)
  LED_Control.obj (LED_CONTROL)
  Long_Serial_In.obj (LONG_SERIAL_IN)
  Outputs.obj (OUTPUTS)
  print_bytes.obj (PRINT_BYTES)
  Read_Sector.obj (READ_SECTOR)
  SDCard.obj (SDCARD)
  SPI.obj (SPI)
  Timer0_hardware_delay_1ms.obj (TIMER0_HARDWARE_DELAY_1MS)
  UART.obj (UART)
  sEOS.obj (SEOS)
  I2C.obj (I2C)
  STA013.obj (STA013)
  config.obj (CONFIG)
  MP3.obj (MP3)
  C:\KEIL\C51\LIB\C51S.LIB (?C_STARTUP)
  C:\KEIL\C51\LIB\C51S.LIB (?C?CLDPTR)
  C:\KEIL\C51\LIB\C51S.LIB (?C?CLDOPTR)
  C:\KEIL\C51\LIB\C51S.LIB (?C?CSTPTR)
  C:\KEIL\C51\LIB\C51S.LIB (?C?CSTOPTR)
  C:\KEIL\C51\LIB\C51S.LIB (?C?UIDIV)
  C:\KEIL\C51\LIB\C51S.LIB (?C?ILDOPTR)
  C:\KEIL\C51\LIB\C51S.LIB (?C?LMUL)
  C:\KEIL\C51\LIB\C51S.LIB (?C?ULDIV)
  C:\KEIL\C51\LIB\C51S.LIB (?C?SLCMP)
  C:\KEIL\C51\LIB\C51S.LIB (?C?ULCMP)
  C:\KEIL\C51\LIB\C51S.LIB (?C?ULSHR)
  C:\KEIL\C51\LIB\C51S.LIB (?C?LSHL)
  C:\KEIL\C51\LIB\C51S.LIB (?C?LLDOPTR)
  C:\KEIL\C51\LIB\C51S.LIB (?C?LLDIDATA)
  C:\KEIL\C51\LIB\C51S.LIB (?C?LLDIDATA0)
  C:\KEIL\C51\LIB\C51S.LIB (?C?LSTIDATA)
  C:\KEIL\C51\LIB\C51S.LIB (?C?LSTXDATA)
  C:\KEIL\C51\LIB\C51S.LIB (?C?LSTKIDATA)
  C:\KEIL\C51\LIB\C51S.LIB (PUTCHAR)
  C:\KEIL\C51\LIB\C51S.LIB (PRINTF)
  C:\KEIL\C51\LIB\C51S.LIB (ATOL)
  C:\KEIL\C51\LIB\C51S.LIB (?C?LNEG)
  C:\KEIL\C51\LIB\C51S.LIB (?C?LLDXDATA)
  C:\KEIL\C51\LIB\C51S.LIB (?C?LLDPDATA)
  C:\KEIL\C51\LIB\C51S.LIB (?C?LLDCODE)
  C:\KEIL\C51\LIB\C51S.LIB (?C?PLDIIDATA)
  C:\KEIL\C51\LIB\C51S.LIB (?C?CCASE)
  C:\KEIL\C51\LIB\C51S.LIB (ISDIGIT)
  C:\KEIL\C51\LIB\C51S.LIB (ISSPACE)
BL51 BANKED LINKER/LOCATER V4.02                                                      12/08/2019  19:04:45  PAGE 2




LINK MAP OF MODULE:  CPE5160_Final (SD_CARD_TEST)


            TYPE    BASE      LENGTH    RELOCATION   SEGMENT NAME
            -----------------------------------------------------

            * * * * * * *   D A T A   M E M O R Y   * * * * * * *
            REG     0000H     0008H     ABSOLUTE     "REG BANK 0"
            DATA    0008H     000FH     UNIT         ?DT?_OPEN_FILE?DIRECTORY_FUNCTIONS_STRUCT
            DATA    0017H     0003H     UNIT         ?DT?MP3
            IDATA   001AH     0001H     UNIT         ?ID?SDCARD
                    001BH     0005H                  *** GAP ***
            BIT     0020H.0   0001H.1   UNIT         _BIT_GROUP_
                    0021H.1   0000H.7                *** GAP ***
            IDATA   0022H     0016H     UNIT         ?ID?DIRECTORY_FUNCTIONS_STRUCT
            IDATA   0038H     0016H     UNIT         ?ID?MP3
            IDATA   004EH     0001H     UNIT         ?STACK

            * * * * * * *  X D A T A   M E M O R Y  * * * * * * *
            XDATA   0000H     0400H     UNIT         ?XD?SD_CARD_TEST
            XDATA   0400H     0400H     UNIT         ?XD?MP3
            XDATA   0800H     0008H     UNIT         _XDATA_GROUP_

            * * * * * * *   C O D E   M E M O R Y   * * * * * * *
            CODE    0000H     0003H     ABSOLUTE     
            CODE    0003H     0027H     UNIT         ?PR?PUTCHAR?PUTCHAR
                    002AH     0001H                  *** GAP ***
            CODE    002BH     0003H     ABSOLUTE     
            CODE    002EH     0FD0H     UNIT         STA013_CONFIG
            CODE    0FFEH     03F2H     UNIT         ?PR?SD_CARD_INIT?SDCARD
            CODE    13F0H     035CH     UNIT         ?PR?PRINTF?PRINTF
            CODE    174CH     0357H     UNIT         ?C?LIB_CODE
            CODE    1AA3H     0336H     UNIT         ?PR?_MOUNT_DRIVE?DIRECTORY_FUNCTIONS_STRUCT
            CODE    1DD9H     023FH     UNIT         ?PR?MP3_PLAYER_ISR?MP3
            CODE    2018H     023CH     UNIT         ?PR?MAIN?SD_CARD_TEST
            CODE    2254H     0233H     UNIT         ?PR?_READ_DIR_ENTRY?DIRECTORY_FUNCTIONS_STRUCT
            CODE    2487H     020EH     UNIT         ?CO?SDCARD
            CODE    2695H     01EFH     UNIT         ?PR?_PRINT_DIRECTORY?DIRECTORY_FUNCTIONS_STRUCT
            CODE    2884H     013AH     UNIT         ?PR?_I2C_WRITE?I2C
            CODE    29BEH     0124H     UNIT         ?PR?_I2C_READ?I2C
            CODE    2AE2H     011CH     UNIT         ?CO?SD_CARD_TEST
            CODE    2BFEH     010BH     UNIT         ?PR?_SEND_COMMAND?SDCARD
            CODE    2D09H     00FFH     UNIT         ?PR?_READ_BLOCK?SDCARD
            CODE    2E08H     00EEH     UNIT         ?PR?_PLAY_MP3_FILE?MP3
            CODE    2EF6H     00DEH     UNIT         ?PR?_ATOL?ATOL
            CODE    2FD4H     00D1H     UNIT         ?PR?LONG_SERIAL_INPUT?LONG_SERIAL_IN
            CODE    30A5H     00BBH     UNIT         ?CO?DIRECTORY_FUNCTIONS_STRUCT
            CODE    3160H     00B4H     UNIT         ?PR?_RESPONSE?SDCARD
            CODE    3214H     00B3H     UNIT         ?PR?_OPEN_FILE?DIRECTORY_FUNCTIONS_STRUCT
            CODE    32C7H     00ABH     UNIT         ?PR?_FIND_NEXT_CLUS?DIRECTORY_FUNCTIONS_STRUCT
            CODE    3372H     00A1H     UNIT         ?CO?STA013
            CODE    3413H     0094H     UNIT         ?PR?STA013_INIT?STA013
            CODE    34A7H     008DH     UNIT         ?PR?_STA013_CONFIG?STA013
            CODE    3534H     008CH     UNIT         ?PR?_SPI_MASTER_INIT?SPI
            CODE    35C0H     0085H     UNIT         ?PR?_LCD_PRINT?LCD_ROUTINES
BL51 BANKED LINKER/LOCATER V4.02                                                      12/08/2019  19:04:45  PAGE 3


            CODE    3645H     0071H     UNIT         ?PR?_FIRST_SECTOR?DIRECTORY_FUNCTIONS_STRUCT
            CODE    36B6H     006EH     UNIT         ?PR?_READ32?DIRECTORY_FUNCTIONS_STRUCT
            CODE    3724H     006EH     UNIT         ?PR?_PRINT_ERROR?SDCARD
            CODE    3792H     006AH     UNIT         ?PR?_READ16?DIRECTORY_FUNCTIONS_STRUCT
            CODE    37FCH     0055H     UNIT         ?PR?_READ_SECTOR?READ_SECTOR
            CODE    3851H     0045H     UNIT         ?PR?_SPI_TRANSFER?SPI
            CODE    3896H     0038H     UNIT         ?PR?LCD_INIT?LCD_ROUTINES
            CODE    38CEH     0035H     UNIT         ?PR?_UART_INIT?UART
            CODE    3903H     0035H     UNIT         ?PR?_SEOS_INIT?SEOS
            CODE    3938H     002AH     UNIT         ?PR?_LCD_WRITE?LCD_HARDWARE_FUNCTIONS
            CODE    3962H     0026H     UNIT         ?PR?_TIMER0_DELAY_1MS?TIMER0_HARDWARE_DELAY_1MS
            CODE    3988H     0020H     UNIT         ?PR?_UART_TRANSMIT?UART
            CODE    39A8H     0020H     UNIT         ?PR?ACK_CHECK?I2C
            CODE    39C8H     001FH     UNIT         ?PR?_I2C_CLOCK_DELAY?I2C
            CODE    39E7H     0018H     UNIT         ?PR?_READ8?DIRECTORY_FUNCTIONS_STRUCT
            CODE    39FFH     0013H     UNIT         ?PR?I2C_CLOCK_START?I2C
            CODE    3A12H     0013H     UNIT         ?PR?_ISSPACE?ISSPACE
            CODE    3A25H     000FH     UNIT         ?PR?_ISDIGIT?ISDIGIT
            CODE    3A34H     000CH     UNIT         ?C_C51STARTUP
            CODE    3A40H     0008H     UNIT         ?PR?UART_RECEIVE?UART
            CODE    3A48H     0007H     UNIT         ?PR?EXPORT_DRIVE_VALUES?DIRECTORY_FUNCTIONS_STRUCT
            CODE    3A4FH     0005H     UNIT         ?PR?_LEDS_ON?LED_CONTROL
            CODE    3A54H     0005H     UNIT         ?PR?_P3_CLEAR_BIT?OUTPUTS
            CODE    3A59H     0005H     UNIT         ?PR?RETURN_SD_CARD_TYPE?SDCARD
            CODE    3A5EH     0005H     UNIT         ?PR?_SPI_SELECT_CLEAR?SPI
            CODE    3A63H     0004H     UNIT         ?PR?_LEDS_OFF?LED_CONTROL
            CODE    3A67H     0004H     UNIT         ?PR?_P2_SET_BIT?OUTPUTS
            CODE    3A6BH     0004H     UNIT         ?PR?_P3_SET_BIT?OUTPUTS
            CODE    3A6FH     0004H     UNIT         ?PR?_SPI_SELECT_SET?SPI
            CODE    3A73H     0004H     UNIT         ?PR?GO_TO_SLEEP?SEOS
            CODE    3A77H     0003H     UNIT         ?PR?_P0_OUTPUT_BITS?OUTPUTS



OVERLAY MAP OF MODULE:   CPE5160_Final (SD_CARD_TEST)


SEGMENT                                                       BIT_GROUP          DATA_GROUP          XDATA_GROUP
  +--> CALLED SEGMENT                                      START    LENGTH     START    LENGTH     START    LENGTH
------------------------------------------------------------------------------------------------------------------
?PR?MP3_PLAYER_ISR?MP3                                     -----    -----      0000H    0001H      -----    -----
  +--> ?PR?_SPI_TRANSFER?SPI
  +--> ?PR?_READ_SECTOR?READ_SECTOR
  +--> ?PR?_FIND_NEXT_CLUS?DIRECTORY_FUNCTIONS_STRUCT
  +--> ?PR?_FIRST_SECTOR?DIRECTORY_FUNCTIONS_STRUCT

?PR?_SPI_TRANSFER?SPI                                      -----    -----      006FH    0002H      -----    -----

?PR?_READ_SECTOR?READ_SECTOR                               -----    -----      005AH    000BH      -----    -----
  +--> ?PR?RETURN_SD_CARD_TYPE?SDCARD
  +--> ?PR?_SPI_SELECT_CLEAR?SPI
  +--> ?PR?_SEND_COMMAND?SDCARD
  +--> ?PR?_READ_BLOCK?SDCARD
  +--> ?PR?_SPI_SELECT_SET?SPI

?PR?_SEND_COMMAND?SDCARD                                   -----    -----      0065H    0009H      -----    -----
  +--> ?PR?_SPI_TRANSFER?SPI
BL51 BANKED LINKER/LOCATER V4.02                                                      12/08/2019  19:04:45  PAGE 4



?PR?_READ_BLOCK?SDCARD                                     -----    -----      0065H    000AH      -----    -----
  +--> ?PR?_SPI_TRANSFER?SPI

?PR?_FIND_NEXT_CLUS?DIRECTORY_FUNCTIONS_STRUCT             -----    -----      0001H    0006H      -----    -----
  +--> ?PR?_READ_SECTOR?READ_SECTOR
  +--> ?PR?_READ32?DIRECTORY_FUNCTIONS_STRUCT

?PR?_READ32?DIRECTORY_FUNCTIONS_STRUCT                     -----    -----      005AH    000AH      -----    -----

?PR?_FIRST_SECTOR?DIRECTORY_FUNCTIONS_STRUCT               -----    -----      0039H    0008H      -----    -----

*** NEW ROOT ***************************************************

?C_C51STARTUP                                              -----    -----      -----    -----      -----    -----
  +--> ?PR?MAIN?SD_CARD_TEST

?PR?MAIN?SD_CARD_TEST                                      -----    -----      001EH    0017H      -----    -----
  +--> ?PR?EXPORT_DRIVE_VALUES?DIRECTORY_FUNCTIONS_STRUCT
  +--> ?PR?_P2_SET_BIT?OUTPUTS
  +--> ?PR?_LEDS_OFF?LED_CONTROL
  +--> ?PR?_LEDS_ON?LED_CONTROL
  +--> ?PR?_UART_INIT?UART
  +--> ?CO?SD_CARD_TEST
  +--> ?PR?PRINTF?PRINTF
  +--> ?PR?LCD_INIT?LCD_ROUTINES
  +--> ?PR?STA013_INIT?STA013
  +--> ?PR?_LCD_PRINT?LCD_ROUTINES
  +--> ?PR?_SPI_MASTER_INIT?SPI
  +--> ?PR?_UART_TRANSMIT?UART
  +--> ?PR?SD_CARD_INIT?SDCARD
  +--> ?PR?RETURN_SD_CARD_TYPE?SDCARD
  +--> ?PR?_MOUNT_DRIVE?DIRECTORY_FUNCTIONS_STRUCT
  +--> ?PR?_PRINT_DIRECTORY?DIRECTORY_FUNCTIONS_STRUCT
  +--> ?PR?LONG_SERIAL_INPUT?LONG_SERIAL_IN
  +--> ?PR?_READ_DIR_ENTRY?DIRECTORY_FUNCTIONS_STRUCT
  +--> ?PR?_FIRST_SECTOR?DIRECTORY_FUNCTIONS_STRUCT
  +--> ?PR?_PLAY_MP3_FILE?MP3

?PR?PRINTF?PRINTF                                          0020H.0  0001H.1    005AH    0014H      -----    -----
  +--> ?PR?PUTCHAR?PUTCHAR

?PR?LCD_INIT?LCD_ROUTINES                                  -----    -----      -----    -----      -----    -----
  +--> ?PR?_LCD_WRITE?LCD_HARDWARE_FUNCTIONS
  +--> ?PR?_TIMER0_DELAY_1MS?TIMER0_HARDWARE_DELAY_1MS

?PR?_LCD_WRITE?LCD_HARDWARE_FUNCTIONS                      -----    -----      003BH    0001H      -----    -----
  +--> ?PR?_P3_CLEAR_BIT?OUTPUTS
  +--> ?PR?_P3_SET_BIT?OUTPUTS
  +--> ?PR?_P0_OUTPUT_BITS?OUTPUTS

?PR?STA013_INIT?STA013                                     -----    -----      0035H    0008H      -----    -----
  +--> ?PR?_I2C_WRITE?I2C
  +--> ?PR?_I2C_READ?I2C
  +--> ?CO?STA013
  +--> ?PR?PRINTF?PRINTF
  +--> ?PR?_STA013_CONFIG?STA013
BL51 BANKED LINKER/LOCATER V4.02                                                      12/08/2019  19:04:45  PAGE 5


  +--> ?PR?_TIMER0_DELAY_1MS?TIMER0_HARDWARE_DELAY_1MS

?PR?_I2C_WRITE?I2C                                         0020H.2  0000H.2    0057H    000FH      -----    -----
  +--> ?PR?I2C_CLOCK_START?I2C
  +--> ?PR?_I2C_CLOCK_DELAY?I2C
  +--> ?PR?ACK_CHECK?I2C

?PR?ACK_CHECK?I2C                                          0020H.4  0000H.1    -----    -----      -----    -----
  +--> ?PR?_I2C_CLOCK_DELAY?I2C

?PR?_I2C_READ?I2C                                          0020H.0  0000H.2    0048H    000FH      -----    -----
  +--> ?PR?_I2C_WRITE?I2C
  +--> ?PR?I2C_CLOCK_START?I2C
  +--> ?PR?_I2C_CLOCK_DELAY?I2C
  +--> ?PR?ACK_CHECK?I2C

?PR?_STA013_CONFIG?STA013                                  -----    -----      003DH    000BH      -----    -----
  +--> ?PR?_I2C_WRITE?I2C
  +--> ?PR?_I2C_READ?I2C

?PR?_LCD_PRINT?LCD_ROUTINES                                -----    -----      0035H    0006H      -----    -----
  +--> ?PR?_LCD_WRITE?LCD_HARDWARE_FUNCTIONS
  +--> ?PR?_TIMER0_DELAY_1MS?TIMER0_HARDWARE_DELAY_1MS

?PR?_SPI_MASTER_INIT?SPI                                   -----    -----      0035H    0001H      -----    -----

?PR?SD_CARD_INIT?SDCARD                                    -----    -----      0035H    0014H      -----    -----
  +--> ?PR?_SPI_SELECT_SET?SPI
  +--> ?CO?SDCARD
  +--> ?PR?PRINTF?PRINTF
  +--> ?PR?_SPI_TRANSFER?SPI
  +--> ?PR?_LEDS_ON?LED_CONTROL
  +--> ?PR?_SPI_SELECT_CLEAR?SPI
  +--> ?PR?_SEND_COMMAND?SDCARD
  +--> ?PR?_RESPONSE?SDCARD
  +--> ?PR?_LEDS_OFF?LED_CONTROL
  +--> ?PR?PUTCHAR?PUTCHAR
  +--> ?PR?_PRINT_ERROR?SDCARD

?PR?_RESPONSE?SDCARD                                       -----    -----      0049H    0009H      -----    -----
  +--> ?PR?_SPI_TRANSFER?SPI

?PR?_PRINT_ERROR?SDCARD                                    -----    -----      0049H    0001H      -----    -----
  +--> ?CO?SDCARD
  +--> ?PR?PRINTF?PRINTF

?PR?_MOUNT_DRIVE?DIRECTORY_FUNCTIONS_STRUCT                -----    -----      0035H    0025H      0800H    0008H
  +--> ?PR?_READ_SECTOR?READ_SECTOR
  +--> ?PR?_READ8?DIRECTORY_FUNCTIONS_STRUCT
  +--> ?CO?DIRECTORY_FUNCTIONS_STRUCT
  +--> ?PR?PRINTF?PRINTF
  +--> ?PR?_READ32?DIRECTORY_FUNCTIONS_STRUCT
  +--> ?PR?_READ16?DIRECTORY_FUNCTIONS_STRUCT

?PR?_READ16?DIRECTORY_FUNCTIONS_STRUCT                     -----    -----      005AH    000AH      -----    -----

?PR?_PRINT_DIRECTORY?DIRECTORY_FUNCTIONS_STRUCT            -----    -----      0035H    001AH      -----    -----
BL51 BANKED LINKER/LOCATER V4.02                                                      12/08/2019  19:04:45  PAGE 6


  +--> ?PR?_READ_SECTOR?READ_SECTOR
  +--> ?PR?_READ8?DIRECTORY_FUNCTIONS_STRUCT
  +--> ?CO?DIRECTORY_FUNCTIONS_STRUCT
  +--> ?PR?PRINTF?PRINTF
  +--> ?PR?PUTCHAR?PUTCHAR

?PR?LONG_SERIAL_INPUT?LONG_SERIAL_IN                       -----    -----      0035H    0011H      -----    -----
  +--> ?PR?UART_RECEIVE?UART
  +--> ?PR?PUTCHAR?PUTCHAR
  +--> ?PR?_UART_TRANSMIT?UART
  +--> ?PR?_ATOL?ATOL

?PR?_ATOL?ATOL                                             0020H.0  0000H.1    0046H    0007H      -----    -----
  +--> ?PR?_ISSPACE?ISSPACE
  +--> ?PR?_ISDIGIT?ISDIGIT

?PR?_READ_DIR_ENTRY?DIRECTORY_FUNCTIONS_STRUCT             -----    -----      0035H    001EH      -----    -----
  +--> ?PR?_READ_SECTOR?READ_SECTOR
  +--> ?PR?_READ8?DIRECTORY_FUNCTIONS_STRUCT

?PR?_PLAY_MP3_FILE?MP3                                     -----    -----      0035H    0004H      -----    -----
  +--> ?PR?EXPORT_DRIVE_VALUES?DIRECTORY_FUNCTIONS_STRUCT
  +--> ?PR?_FIRST_SECTOR?DIRECTORY_FUNCTIONS_STRUCT
  +--> ?PR?_READ_SECTOR?READ_SECTOR
  +--> ?PR?_SEOS_INIT?SEOS



IGNORED SEGMENTS:
   _DATA_GROUP_



SYMBOL TABLE OF MODULE:  CPE5160_Final (SD_CARD_TEST)

  VALUE           TYPE          NAME
  ----------------------------------

  -------         MODULE        SD_CARD_TEST
  C:0000H         SYMBOL        _ICE_DUMMY_
  B:00D8H.2       PUBLIC        CCF2
  B:00D8H.3       PUBLIC        CCF3
  D:0080H         PUBLIC        P0
  B:00D8H.4       PUBLIC        CCF4
  D:0090H         PUBLIC        P1
  D:00A0H         PUBLIC        P2
  D:00B0H         PUBLIC        P3
  B:00B0H.4       PUBLIC        T0
  B:00D0H.6       PUBLIC        AC
  B:00B0H.5       PUBLIC        T1
  B:00B0H.7       PUBLIC        nRD
  B:0090H.0       PUBLIC        T2
  B:00A8H.7       PUBLIC        EA
  B:00A8H.6       PUBLIC        EC
  B:00D8H.7       PUBLIC        CF
  B:00B0H.2       PUBLIC        nINT0
  B:0098H.7       PUBLIC        FE
BL51 BANKED LINKER/LOCATER V4.02                                                      12/08/2019  19:04:45  PAGE 7


  B:00B0H.3       PUBLIC        nINT1
  D:00A8H         PUBLIC        IEN0
  B:00B0H.0       PUBLIC        RxD
  B:0090H.0       PUBLIC        P1_0
  B:00B0H.1       PUBLIC        TxD
  B:0090H.3       PUBLIC        CEX0
  B:0090H.1       PUBLIC        P1_1
  B:0090H.4       PUBLIC        CEX1
  B:0090H.2       PUBLIC        P1_2
  B:00C8H.0       PUBLIC        CP
  B:0090H.3       PUBLIC        P1_3
  B:00B0H.2       PUBLIC        P3_2
  B:00D8H.6       PUBLIC        CR
  B:00B0H.3       PUBLIC        P3_3
  B:00C8H.6       PUBLIC        EXF2
  D:00B8H         PUBLIC        IPL0
  B:00B0H.4       PUBLIC        P3_4
  B:00B0H.5       PUBLIC        P3_5
  B:00B0H.6       PUBLIC        nWR
  B:00A8H.4       PUBLIC        ES
  B:0098H.0       PUBLIC        RI
  B:00D0H.7       PUBLIC        CY
  B:0098H.1       PUBLIC        TI
  D:008FH         PUBLIC        CKCON0
  B:00B8H.1       PUBLIC        PT0L
  B:00B8H.3       PUBLIC        PT1L
  C:2BF0H         PUBLIC        SDHC
  B:00B8H.5       PUBLIC        PT2L
  B:0090H.1       PUBLIC        T2EX
  D:00D8H         PUBLIC        CCON
  B:00B0H.6       PUBLIC        RS
  B:00B8H.0       PUBLIC        PX0L
  B:00D0H.2       PUBLIC        OV
  B:0090H.1       PUBLIC        SS
  B:00B8H.2       PUBLIC        PX1L
  C:2018H         PUBLIC        main
  C:2BD2H         PUBLIC        SD_start
  B:00C8H.5       PUBLIC        RCLK
  C:2BE2H         PUBLIC        SDSC
  B:00C8H.4       PUBLIC        TCLK
  B:00B8H.6       PUBLIC        PPCL
  B:00A0H.4       PUBLIC        REDLED
  D:0098H         PUBLIC        SCON
  B:00A0H.6       PUBLIC        YELLOWLED
  B:0090H.4       PUBLIC        nCS0
  B:0080H.0       PUBLIC        AD0
  D:0088H         PUBLIC        TCON
  B:0080H.1       PUBLIC        AD1
  B:0080H.2       PUBLIC        AD2
  B:00B0H.1       PUBLIC        per_RxD
  B:00C8H.1       PUBLIC        CnT2
  B:0080H.3       PUBLIC        AD3
  B:0090H.5       PUBLIC        MISO
  B:0090H.7       PUBLIC        MOSI
  B:0080H.4       PUBLIC        AD4
  B:00B0H.0       PUBLIC        per_TxD
  B:0080H.5       PUBLIC        AD5
BL51 BANKED LINKER/LOCATER V4.02                                                      12/08/2019  19:04:45  PAGE 8


  B:0080H.6       PUBLIC        AD6
  B:0080H.7       PUBLIC        AD7
  B:00A0H.0       PUBLIC        AD8
  B:00A0H.1       PUBLIC        AD9
  B:0088H.1       PUBLIC        IE0
  B:00A0H.7       PUBLIC        AMBERLED
  B:0088H.3       PUBLIC        IE1
  D:008EH         PUBLIC        AUXR
  B:00B0H.7       PUBLIC        E
  B:00A0H.5       PUBLIC        GREENLED
  B:00A8H.1       PUBLIC        ET0
  B:00A8H.3       PUBLIC        ET1
  B:0088H.5       PUBLIC        TF0
  B:00A8H.5       PUBLIC        ET2
  B:0088H.7       PUBLIC        TF1
  B:00C8H.7       PUBLIC        TF2
  B:0098H.2       PUBLIC        RB8
  B:00A8H.0       PUBLIC        EX0
  B:0088H.0       PUBLIC        IT0
  B:0098H.3       PUBLIC        TB8
  B:00A8H.2       PUBLIC        EX1
  B:0088H.2       PUBLIC        IT1
  B:00D0H.0       PUBLIC        P
  B:0098H.7       PUBLIC        SM0
  B:0090H.2       PUBLIC        ECI
  B:0098H.6       PUBLIC        SM1
  B:0098H.5       PUBLIC        SM2
  B:00D0H.3       PUBLIC        RS0
  B:0088H.4       PUBLIC        TR0
  B:00D0H.4       PUBLIC        RS1
  B:0090H.6       PUBLIC        per_SCLK
  B:0088H.6       PUBLIC        TR1
  B:00C8H.2       PUBLIC        TR2
  B:00A0H.0       PUBLIC        SW1
  B:00A0H.1       PUBLIC        SW2
  B:00A0H.2       PUBLIC        SW3
  B:00A0H.3       PUBLIC        SW4
  B:0090H.6       PUBLIC        SCK
  B:0090H.7       PUBLIC        per_MOSI
  B:0090H.5       PUBLIC        per_MISO
  B:00C8H.3       PUBLIC        EXEN2
  B:0098H.4       PUBLIC        REN
  B:00A0H.2       PUBLIC        AD10
  B:00A0H.3       PUBLIC        AD11
  D:00C8H         PUBLIC        T2CON
  B:00A0H.4       PUBLIC        AD12
  B:00A0H.5       PUBLIC        AD13
  B:00A0H.6       PUBLIC        AD14
  B:00A0H.7       PUBLIC        AD15
  X:0000H         PUBLIC        buf1
  B:00B8H.4       PUBLIC        PLS
  X:0200H         PUBLIC        buf2
  B:00D0H.5       PUBLIC        F0
  B:00D0H.1       PUBLIC        F1
  D:00D0H         PUBLIC        PSW
  B:00D8H.0       PUBLIC        CCF0
  B:00D8H.1       PUBLIC        CCF1
BL51 BANKED LINKER/LOCATER V4.02                                                      12/08/2019  19:04:45  PAGE 9


  -------         PROC          MAIN
  -------         DO            MAIN
  D:001EH         SYMBOL        block_num
  D:0022H         SYMBOL        i
  D:0024H         SYMBOL        error_flag
  D:0025H         SYMBOL        SD_stat
  D:0026H         SYMBOL        cluster_num
  D:002AH         SYMBOL        current_directory_sector
  D:002EH         SYMBOL        num_entries
  D:0032H         SYMBOL        Mounted_Drive_values
  -------         ENDDO         Mounted_Drive_values
  C:2018H         LINE#         33
  C:2018H         LINE#         34
  C:2018H         LINE#         42
  C:2021H         LINE#         44
  C:2024H         LINE#         45
  C:2024H         LINE#         46
  C:2024H         LINE#         47
  C:2027H         LINE#         48
  C:2027H         LINE#         49
  C:2027H         LINE#         50
  C:2027H         LINE#         51
  C:2027H         LINE#         52
  C:2027H         LINE#         54
  C:202CH         LINE#         55
  C:2031H         LINE#         56
  C:2036H         LINE#         57
  C:203BH         LINE#         58
  C:2058H         LINE#         59
  C:205DH         LINE#         60
  C:2064H         LINE#         61
  C:206DH         LINE#         62
  C:2070H         LINE#         63
  C:2079H         LINE#         64
  C:207CH         LINE#         65
  C:2085H         LINE#         68
  C:208EH         LINE#         69
  C:209AH         LINE#         70
  C:20A7H         LINE#         71
  C:20ABH         LINE#         72
  C:20ABH         LINE#         73
  C:20B0H         LINE#         74
  C:20B5H         LINE#         75
  C:20B7H         LINE#         76
  C:20B7H         LINE#         77
  C:20BCH         LINE#         79
  C:20C1H         LINE#         80
  C:20C5H         LINE#         81
  C:20C5H         LINE#         82
  C:20CAH         LINE#         83
  C:20CFH         LINE#         84
  C:20D1H         LINE#         85
  C:20D1H         LINE#         86
  C:20D6H         LINE#         87
  C:20E3H         LINE#         88
  C:20E7H         LINE#         89
  C:20E7H         LINE#         90
BL51 BANKED LINKER/LOCATER V4.02                                                      12/08/2019  19:04:45  PAGE 10


  C:20ECH         LINE#         91
  C:20F1H         LINE#         92
  C:20F3H         LINE#         93
  C:20F3H         LINE#         94
  C:20F8H         LINE#         95
  C:20F8H         LINE#         96
  C:2107H         LINE#         98
  C:2117H         LINE#         99
  C:211CH         LINE#         100
  C:2121H         LINE#         101
  C:2121H         LINE#         102
  C:212EH         LINE#         103
  C:2130H         LINE#         104
  C:2134H         LINE#         105
  C:2134H         LINE#         106
  C:2140H         LINE#         107
  C:2140H         LINE#         109
  C:2149H         LINE#         110
  C:215DH         LINE#         111
  C:215DH         LINE#         112
  C:215DH         LINE#         113
  C:2177H         LINE#         114
  C:2180H         LINE#         115
  C:218BH         LINE#         116
  C:21AEH         LINE#         117
  C:21AEH         LINE#         118
  C:21B7H         LINE#         119
  C:21C2H         LINE#         120
  C:21C4H         LINE#         122
  C:21C9H         LINE#         123
  C:21E8H         LINE#         124
  C:21FCH         LINE#         125
  C:21FCH         LINE#         126
  C:2205H         LINE#         127
  C:2217H         LINE#         128
  C:2229H         LINE#         129
  C:222CH         LINE#         131
  C:222CH         LINE#         132
  C:2235H         LINE#         133
  C:2247H         LINE#         135
  C:2251H         LINE#         137
  C:2251H         LINE#         138
  -------         ENDPROC       MAIN
  -------         ENDMOD        SD_CARD_TEST

  -------         MODULE        DIRECTORY_FUNCTIONS_STRUCT
  C:0000H         SYMBOL        _ICE_DUMMY_
  B:00D8H.2       PUBLIC        CCF2
  B:00D8H.3       PUBLIC        CCF3
  D:0080H         PUBLIC        P0
  B:00D8H.4       PUBLIC        CCF4
  D:0090H         PUBLIC        P1
  D:00A0H         PUBLIC        P2
  D:00B0H         PUBLIC        P3
  B:00B0H.4       PUBLIC        T0
  B:00D0H.6       PUBLIC        AC
  B:00B0H.5       PUBLIC        T1
BL51 BANKED LINKER/LOCATER V4.02                                                      12/08/2019  19:04:45  PAGE 11


  B:00B0H.7       PUBLIC        nRD
  B:0090H.0       PUBLIC        T2
  B:00A8H.7       PUBLIC        EA
  B:00A8H.6       PUBLIC        EC
  B:00D8H.7       PUBLIC        CF
  B:00B0H.2       PUBLIC        nINT0
  B:0098H.7       PUBLIC        FE
  C:2695H         PUBLIC        _Print_Directory
  B:00B0H.3       PUBLIC        nINT1
  D:00A8H         PUBLIC        IEN0
  B:00B0H.0       PUBLIC        RxD
  B:0090H.0       PUBLIC        P1_0
  B:00B0H.1       PUBLIC        TxD
  B:0090H.3       PUBLIC        CEX0
  B:0090H.1       PUBLIC        P1_1
  B:0090H.4       PUBLIC        CEX1
  B:0090H.2       PUBLIC        P1_2
  B:00C8H.0       PUBLIC        CP
  B:0090H.3       PUBLIC        P1_3
  B:00B0H.2       PUBLIC        P3_2
  B:00D8H.6       PUBLIC        CR
  B:00B0H.3       PUBLIC        P3_3
  B:00C8H.6       PUBLIC        EXF2
  D:00B8H         PUBLIC        IPL0
  B:00B0H.4       PUBLIC        P3_4
  B:00B0H.5       PUBLIC        P3_5
  B:00B0H.6       PUBLIC        nWR
  B:00A8H.4       PUBLIC        ES
  B:0098H.0       PUBLIC        RI
  B:00D0H.7       PUBLIC        CY
  B:0098H.1       PUBLIC        TI
  B:00B8H.1       PUBLIC        PT0L
  B:00B8H.3       PUBLIC        PT1L
  B:00B8H.5       PUBLIC        PT2L
  B:0090H.1       PUBLIC        T2EX
  D:00D8H         PUBLIC        CCON
  B:00B0H.6       PUBLIC        RS
  B:00B8H.0       PUBLIC        PX0L
  B:00D0H.2       PUBLIC        OV
  B:0090H.1       PUBLIC        SS
  B:00B8H.2       PUBLIC        PX1L
  B:00C8H.5       PUBLIC        RCLK
  B:00C8H.4       PUBLIC        TCLK
  B:00B8H.6       PUBLIC        PPCL
  B:00A0H.4       PUBLIC        REDLED
  D:0098H         PUBLIC        SCON
  B:00A0H.6       PUBLIC        YELLOWLED
  B:0090H.4       PUBLIC        nCS0
  B:0080H.0       PUBLIC        AD0
  D:0088H         PUBLIC        TCON
  C:39F6H         PUBLIC        _read8
  B:0080H.1       PUBLIC        AD1
  B:0080H.2       PUBLIC        AD2
  B:00B0H.1       PUBLIC        per_RxD
  B:00C8H.1       PUBLIC        CnT2
  B:0080H.3       PUBLIC        AD3
  B:0090H.5       PUBLIC        MISO
BL51 BANKED LINKER/LOCATER V4.02                                                      12/08/2019  19:04:45  PAGE 12


  B:0090H.7       PUBLIC        MOSI
  B:0080H.4       PUBLIC        AD4
  B:00B0H.0       PUBLIC        per_TxD
  B:0080H.5       PUBLIC        AD5
  B:0080H.6       PUBLIC        AD6
  B:0080H.7       PUBLIC        AD7
  B:00A0H.0       PUBLIC        AD8
  B:00A0H.1       PUBLIC        AD9
  B:0088H.1       PUBLIC        IE0
  C:3645H         PUBLIC        _First_Sector
  B:00A0H.7       PUBLIC        AMBERLED
  B:0088H.3       PUBLIC        IE1
  B:00B0H.7       PUBLIC        E
  B:00A0H.5       PUBLIC        GREENLED
  B:00A8H.1       PUBLIC        ET0
  B:00A8H.3       PUBLIC        ET1
  B:0088H.5       PUBLIC        TF0
  B:00A8H.5       PUBLIC        ET2
  B:0088H.7       PUBLIC        TF1
  B:00C8H.7       PUBLIC        TF2
  B:0098H.2       PUBLIC        RB8
  B:00A8H.0       PUBLIC        EX0
  B:0088H.0       PUBLIC        IT0
  B:0098H.3       PUBLIC        TB8
  B:00A8H.2       PUBLIC        EX1
  B:0088H.2       PUBLIC        IT1
  B:00D0H.0       PUBLIC        P
  B:0098H.7       PUBLIC        SM0
  B:0090H.2       PUBLIC        ECI
  B:0098H.6       PUBLIC        SM1
  B:0098H.5       PUBLIC        SM2
  C:1AA3H         PUBLIC        _Mount_Drive
  C:2254H         PUBLIC        _Read_Dir_Entry
  B:00D0H.3       PUBLIC        RS0
  C:3214H         PUBLIC        _Open_File
  B:0088H.4       PUBLIC        TR0
  B:00D0H.4       PUBLIC        RS1
  B:0090H.6       PUBLIC        per_SCLK
  B:0088H.6       PUBLIC        TR1
  C:3A48H         PUBLIC        Export_Drive_values
  B:00C8H.2       PUBLIC        TR2
  B:00A0H.0       PUBLIC        SW1
  B:00A0H.1       PUBLIC        SW2
  B:00A0H.2       PUBLIC        SW3
  C:32C7H         PUBLIC        _Find_Next_Clus
  B:00A0H.3       PUBLIC        SW4
  B:0090H.6       PUBLIC        SCK
  B:0090H.7       PUBLIC        per_MOSI
  B:0090H.5       PUBLIC        per_MISO
  C:36B6H         PUBLIC        _read32
  B:00C8H.3       PUBLIC        EXEN2
  C:3792H         PUBLIC        _read16
  B:0098H.4       PUBLIC        REN
  B:00A0H.2       PUBLIC        AD10
  B:00A0H.3       PUBLIC        AD11
  D:00C8H         PUBLIC        T2CON
  B:00A0H.4       PUBLIC        AD12
BL51 BANKED LINKER/LOCATER V4.02                                                      12/08/2019  19:04:45  PAGE 13


  B:00A0H.5       PUBLIC        AD13
  B:00A0H.6       PUBLIC        AD14
  B:00A0H.7       PUBLIC        AD15
  B:00B8H.4       PUBLIC        PLS
  I:0022H         PUBLIC        Drive_values
  B:00D0H.5       PUBLIC        F0
  B:00D0H.1       PUBLIC        F1
  D:00D0H         PUBLIC        PSW
  B:00D8H.0       PUBLIC        CCF0
  B:00D8H.1       PUBLIC        CCF1
  -------         PROC          EXPORT_DRIVE_VALUES
  C:3A48H         LINE#         28
  C:3A48H         LINE#         29
  C:3A48H         LINE#         30
  C:3A4EH         LINE#         31
  -------         ENDPROC       EXPORT_DRIVE_VALUES
  -------         PROC          L?0078
  -------         ENDPROC       L?0078
  -------         PROC          _READ8
  D:0006H         SYMBOL        offset
  D:0001H         SYMBOL        array_name
  -------         DO            array_name
  D:0007H         SYMBOL        return_value
  -------         ENDDO         return_value
  C:39F6H         LINE#         33
  C:39F6H         LINE#         34
  C:39F6H         LINE#         36
  C:39FEH         LINE#         37
  C:39FEH         LINE#         39
  -------         ENDPROC       _READ8
  -------         PROC          _READ16
  D:005AH         SYMBOL        offset
  D:005CH         SYMBOL        array_name
  -------         DO            array_name
  D:005FH         SYMBOL        return_value
  D:0003H         SYMBOL        temp
  D:0063H         SYMBOL        index
  -------         ENDDO         index
  C:3792H         LINE#         41
  C:379CH         LINE#         42
  C:379CH         LINE#         45
  C:37A5H         LINE#         49
  C:37A7H         LINE#         50
  C:37A7H         LINE#         51
  C:37C7H         LINE#         52
  C:37DCH         LINE#         53
  C:37F0H         LINE#         54
  C:37F7H         LINE#         55
  C:37FBH         LINE#         56
  -------         ENDPROC       _READ16
  -------         PROC          _READ32
  D:005AH         SYMBOL        offset
  D:005CH         SYMBOL        array_name
  -------         DO            array_name
  D:005FH         SYMBOL        return_value
  D:0003H         SYMBOL        temp
  D:0063H         SYMBOL        index
BL51 BANKED LINKER/LOCATER V4.02                                                      12/08/2019  19:04:45  PAGE 14


  -------         ENDDO         index
  C:36B6H         LINE#         58
  C:36C0H         LINE#         59
  C:36C0H         LINE#         62
  C:36C9H         LINE#         66
  C:36CBH         LINE#         67
  C:36CBH         LINE#         68
  C:36EBH         LINE#         69
  C:3700H         LINE#         70
  C:3714H         LINE#         71
  C:371BH         LINE#         72
  C:3723H         LINE#         73
  -------         ENDPROC       _READ32
  -------         PROC          _PRINT_DIRECTORY
  D:0035H         SYMBOL        Sector_num
  D:0039H         SYMBOL        array_in
  -------         DO            array_in
  D:003BH         SYMBOL        Sector
  D:003FH         SYMBOL        max_sectors
  D:0043H         SYMBOL        i
  D:0045H         SYMBOL        entries
  D:0047H         SYMBOL        temp8
  D:0048H         SYMBOL        j
  D:0049H         SYMBOL        attr
  D:004AH         SYMBOL        out_val
  D:004BH         SYMBOL        error_flag
  D:004CH         SYMBOL        values
  -------         ENDDO         values
  C:2695H         LINE#         83
  C:269DH         LINE#         84
  C:269DH         LINE#         91
  C:26A6H         LINE#         92
  C:26ABH         LINE#         93
  C:26AFH         LINE#         94
  C:26B5H         LINE#         95
  C:26B5H         LINE#         96
  C:26C2H         LINE#         97
  C:26C4H         LINE#         99
  C:26C4H         LINE#         100
  C:26D1H         LINE#         101
  C:26D1H         LINE#         102
  C:26DDH         LINE#         103
  C:26FCH         LINE#         104
  C:2703H         LINE#         105
  C:2703H         LINE#         107
  C:2703H         LINE#         108
  C:2712H         LINE#         109
  C:2722H         LINE#         110
  C:2722H         LINE#         111
  C:2736H         LINE#         112
  C:273FH         LINE#         113
  C:273FH         LINE#         114
  C:2747H         LINE#         115
  C:2755H         LINE#         116
  C:2758H         LINE#         117
  C:2758H         LINE#         118
  C:276EH         LINE#         119
BL51 BANKED LINKER/LOCATER V4.02                                                      12/08/2019  19:04:45  PAGE 15


  C:2771H         LINE#         120
  C:277AH         LINE#         121
  C:277FH         LINE#         122
  C:277FH         LINE#         123
  C:2782H         LINE#         124
  C:2782H         LINE#         125
  C:2798H         LINE#         126
  C:279BH         LINE#         127
  C:27A4H         LINE#         128
  C:27ADH         LINE#         129
  C:27AFH         LINE#         131
  C:27AFH         LINE#         132
  C:27B4H         LINE#         133
  C:27B7H         LINE#         134
  C:27B7H         LINE#         135
  C:27CDH         LINE#         136
  C:27D0H         LINE#         137
  C:27D9H         LINE#         138
  C:27DEH         LINE#         139
  C:27E3H         LINE#         140
  C:27E3H         LINE#         141
  C:27E3H         LINE#         142
  C:27E3H         LINE#         143
  C:27EEH         LINE#         144
  C:27F9H         LINE#         145
  C:27F9H         LINE#         146
  C:280EH         LINE#         147
  C:2831H         LINE#         148
  C:2831H         LINE#         149
  C:2850H         LINE#         150
  C:2854H         LINE#         151
  C:2854H         LINE#         152
  C:2859H         LINE#         153
  C:285BH         LINE#         154
  C:285BH         LINE#         155
  C:2860H         LINE#         156
  C:2862H         LINE#         158
  C:2862H         LINE#         159
  C:2865H         LINE#         160
  C:2868H         LINE#         161
  C:2868H         LINE#         162
  C:2868H         LINE#         164
  C:286FH         LINE#         165
  C:2871H         LINE#         167
  C:2871H         LINE#         168
  C:287AH         LINE#         169
  C:287FH         LINE#         170
  C:287FH         LINE#         171
  C:2883H         LINE#         172
  -------         ENDPROC       _PRINT_DIRECTORY
  -------         PROC          _READ_DIR_ENTRY
  D:0035H         SYMBOL        Sector_num
  D:0039H         SYMBOL        Entry
  D:003BH         SYMBOL        array_in
  -------         DO            array_in
  D:003DH         SYMBOL        Sector
  D:0041H         SYMBOL        max_sectors
BL51 BANKED LINKER/LOCATER V4.02                                                      12/08/2019  19:04:45  PAGE 16


  D:0045H         SYMBOL        return_clus
  D:0049H         SYMBOL        i
  D:004BH         SYMBOL        entries
  D:004DH         SYMBOL        temp8
  D:004EH         SYMBOL        attr
  D:004FH         SYMBOL        error_flag
  D:0050H         SYMBOL        values
  -------         ENDDO         values
  C:2254H         LINE#         185
  C:225CH         LINE#         186
  C:225CH         LINE#         192
  C:2265H         LINE#         193
  C:226AH         LINE#         194
  C:226EH         LINE#         195
  C:2276H         LINE#         196
  C:227CH         LINE#         197
  C:227CH         LINE#         198
  C:2289H         LINE#         199
  C:228BH         LINE#         201
  C:228BH         LINE#         202
  C:2298H         LINE#         203
  C:2298H         LINE#         204
  C:22A4H         LINE#         205
  C:22C3H         LINE#         206
  C:22CAH         LINE#         207
  C:22CAH         LINE#         209
  C:22CAH         LINE#         210
  C:22D9H         LINE#         211
  C:22E9H         LINE#         212
  C:22E9H         LINE#         213
  C:22EEH         LINE#         214
  C:22F7H         LINE#         215
  C:22F7H         LINE#         216
  C:22FFH         LINE#         217
  C:230CH         LINE#         218
  C:230CH         LINE#         219
  C:2313H         LINE#         220
  C:2313H         LINE#         221
  C:2323H         LINE#         222
  C:2336H         LINE#         223
  C:234FH         LINE#         224
  C:2363H         LINE#         225
  C:2363H         LINE#         226
  C:237CH         LINE#         227
  C:2390H         LINE#         228
  C:23A9H         LINE#         229
  C:23AEH         LINE#         230
  C:23C5H         LINE#         231
  C:23C8H         LINE#         232
  C:23C8H         LINE#         234
  C:23C8H         LINE#         235
  C:23C8H         LINE#         236
  C:23D3H         LINE#         237
  C:23DEH         LINE#         238
  C:23DEH         LINE#         239
  C:23F3H         LINE#         240
  C:2416H         LINE#         241
BL51 BANKED LINKER/LOCATER V4.02                                                      12/08/2019  19:04:45  PAGE 17


  C:2416H         LINE#         242
  C:2435H         LINE#         243
  C:2439H         LINE#         244
  C:2439H         LINE#         245
  C:2443H         LINE#         246
  C:2445H         LINE#         247
  C:2445H         LINE#         248
  C:244AH         LINE#         249
  C:244CH         LINE#         251
  C:244CH         LINE#         252
  C:244FH         LINE#         253
  C:244FH         LINE#         254
  C:244FH         LINE#         256
  C:2456H         LINE#         257
  C:2458H         LINE#         259
  C:2458H         LINE#         260
  C:2462H         LINE#         261
  C:2462H         LINE#         262
  C:247EH         LINE#         263
  C:2486H         LINE#         264
  -------         ENDPROC       _READ_DIR_ENTRY
  -------         PROC          _MOUNT_DRIVE
  D:0035H         SYMBOL        array_name
  -------         DO            array_name
  D:0037H         SYMBOL        temp_8
  D:0038H         SYMBOL        error_flag
  D:0039H         SYMBOL        RsvdSectorCount
  D:003BH         SYMBOL        NumFATS
  D:003CH         SYMBOL        RootEntryCnt
  D:003EH         SYMBOL        TotalSectors16
  D:0040H         SYMBOL        FATsz16
  D:0042H         SYMBOL        TotalSectors32
  D:0046H         SYMBOL        FATsz32
  D:004AH         SYMBOL        FATSz
  X:0800H         SYMBOL        TotSec
  X:0804H         SYMBOL        DataSec
  D:004EH         SYMBOL        RootCluster
  D:0052H         SYMBOL        RelativeSectors
  D:0056H         SYMBOL        CountofClus
  -------         ENDDO         CountofClus
  C:1AA3H         LINE#         266
  C:1AA7H         LINE#         267
  C:1AA7H         LINE#         289
  C:1AC5H         LINE#         291
  C:1AD3H         LINE#         292
  C:1ADFH         LINE#         293
  C:1AF1H         LINE#         294
  C:1AF1H         LINE#         295
  C:1AFAH         LINE#         296
  C:1B0FH         LINE#         297
  C:1B20H         LINE#         298
  C:1B3CH         LINE#         299
  C:1B4AH         LINE#         300
  C:1B56H         LINE#         301
  C:1B62H         LINE#         302
  C:1B62H         LINE#         303
  C:1B6BH         LINE#         304
BL51 BANKED LINKER/LOCATER V4.02                                                      12/08/2019  19:04:45  PAGE 18


  C:1B6DH         LINE#         306
  C:1B6DH         LINE#         307
  C:1B76H         LINE#         308
  C:1B76H         LINE#         309
  C:1B76H         LINE#         311
  C:1B8AH         LINE#         313
  C:1B9BH         LINE#         315
  C:1BA8H         LINE#         317
  C:1BB7H         LINE#         319
  C:1BC4H         LINE#         321
  C:1BD5H         LINE#         323
  C:1BE6H         LINE#         325
  C:1BFBH         LINE#         327
  C:1C10H         LINE#         329
  C:1C25H         LINE#         331
  C:1C3DH         LINE#         333
  C:1C69H         LINE#         335
  C:1CB9H         LINE#         337
  C:1CF8H         LINE#         339
  C:1CFCH         LINE#         342
  C:1D02H         LINE#         343
  C:1D02H         LINE#         344
  C:1D0DH         LINE#         345
  C:1D0FH         LINE#         347
  C:1D0FH         LINE#         348
  C:1D1BH         LINE#         349
  C:1D1BH         LINE#         352
  C:1D21H         LINE#         353
  C:1D21H         LINE#         354
  C:1D2EH         LINE#         355
  C:1D30H         LINE#         357
  C:1D30H         LINE#         358
  C:1D3EH         LINE#         359
  C:1D3EH         LINE#         362
  C:1D8EH         LINE#         365
  C:1DB4H         LINE#         368
  C:1DC9H         LINE#         369
  C:1DC9H         LINE#         371
  C:1DCDH         LINE#         372
  C:1DD0H         LINE#         373
  C:1DD2H         LINE#         375
  C:1DD2H         LINE#         377
  C:1DD6H         LINE#         378
  C:1DD6H         LINE#         380
  C:1DD8H         LINE#         381
  -------         ENDPROC       _MOUNT_DRIVE
  -------         PROC          _FIRST_SECTOR
  D:0039H         SYMBOL        Cluster_num
  -------         DO            Cluster_num
  D:003DH         SYMBOL        FirstSecCluster
  -------         ENDDO         FirstSecCluster
  C:3645H         LINE#         383
  C:364DH         LINE#         384
  C:364DH         LINE#         386
  C:3660H         LINE#         387
  C:3660H         LINE#         388
  C:366DH         LINE#         389
BL51 BANKED LINKER/LOCATER V4.02                                                      12/08/2019  19:04:45  PAGE 19


  C:366FH         LINE#         391
  C:366FH         LINE#         392
  C:36ADH         LINE#         393
  C:36ADH         LINE#         394
  C:36B5H         LINE#         395
  -------         ENDPROC       _FIRST_SECTOR
  -------         PROC          _FIND_NEXT_CLUS
  D:0001H         SYMBOL        Cluster_num
  D:0005H         SYMBOL        array_name
  -------         DO            array_name
  D:0004H         SYMBOL        return_clus
  D:0006H         SYMBOL        FAToffset
  D:0004H         SYMBOL        sector
  -------         ENDDO         sector
  C:32C7H         LINE#         397
  C:32CFH         LINE#         398
  C:32CFH         LINE#         401
  C:3314H         LINE#         402
  C:3329H         LINE#         403
  C:3361H         LINE#         404
  C:3371H         LINE#         406
  C:3371H         LINE#         407
  -------         ENDPROC       _FIND_NEXT_CLUS
  -------         PROC          _OPEN_FILE
  D:0008H         SYMBOL        Cluster
  D:000CH         SYMBOL        array_in
  -------         DO            array_in
  D:000EH         SYMBOL        error_flag
  D:000FH         SYMBOL        sector_num
  D:0013H         SYMBOL        first_sec_num
  -------         ENDDO         first_sec_num
  C:3214H         LINE#         409
  C:321CH         LINE#         410
  C:321CH         LINE#         411
  C:321FH         LINE#         416
  C:321FH         LINE#         417
  C:3232H         LINE#         418
  C:323AH         LINE#         419
  C:325DH         LINE#         420
  C:325DH         LINE#         421
  C:327CH         LINE#         422
  C:3291H         LINE#         423
  C:3293H         LINE#         424
  C:32ACH         LINE#         425
  C:32C4H         LINE#         426
  C:32C6H         LINE#         427
  -------         ENDPROC       _OPEN_FILE
  -------         ENDMOD        DIRECTORY_FUNCTIONS_STRUCT

  -------         MODULE        LCD_HARDWARE_FUNCTIONS
  C:0000H         SYMBOL        _ICE_DUMMY_
  B:00D8H.2       PUBLIC        CCF2
  B:00D8H.3       PUBLIC        CCF3
  D:0080H         PUBLIC        P0
  B:00D8H.4       PUBLIC        CCF4
  D:0090H         PUBLIC        P1
  D:00A0H         PUBLIC        P2
BL51 BANKED LINKER/LOCATER V4.02                                                      12/08/2019  19:04:45  PAGE 20


  D:00B0H         PUBLIC        P3
  B:00B0H.4       PUBLIC        T0
  B:00D0H.6       PUBLIC        AC
  B:00B0H.5       PUBLIC        T1
  B:00B0H.7       PUBLIC        nRD
  B:0090H.0       PUBLIC        T2
  B:00A8H.7       PUBLIC        EA
  B:00A8H.6       PUBLIC        EC
  B:00D8H.7       PUBLIC        CF
  B:00B0H.2       PUBLIC        nINT0
  B:0098H.7       PUBLIC        FE
  B:00B0H.3       PUBLIC        nINT1
  D:00A8H         PUBLIC        IEN0
  B:00B0H.0       PUBLIC        RxD
  B:0090H.0       PUBLIC        P1_0
  B:00B0H.1       PUBLIC        TxD
  B:0090H.3       PUBLIC        CEX0
  B:0090H.1       PUBLIC        P1_1
  B:0090H.4       PUBLIC        CEX1
  B:0090H.2       PUBLIC        P1_2
  B:00C8H.0       PUBLIC        CP
  B:0090H.3       PUBLIC        P1_3
  B:00B0H.2       PUBLIC        P3_2
  B:00D8H.6       PUBLIC        CR
  B:00B0H.3       PUBLIC        P3_3
  B:00C8H.6       PUBLIC        EXF2
  D:00B8H         PUBLIC        IPL0
  B:00B0H.4       PUBLIC        P3_4
  B:00B0H.5       PUBLIC        P3_5
  B:00B0H.6       PUBLIC        nWR
  B:00A8H.4       PUBLIC        ES
  B:0098H.0       PUBLIC        RI
  B:00D0H.7       PUBLIC        CY
  B:0098H.1       PUBLIC        TI
  B:00B8H.1       PUBLIC        PT0L
  C:3938H         PUBLIC        _LCD_Write
  B:00B8H.3       PUBLIC        PT1L
  B:00B8H.5       PUBLIC        PT2L
  B:0090H.1       PUBLIC        T2EX
  D:00D8H         PUBLIC        CCON
  B:00B0H.6       PUBLIC        RS
  B:00B8H.0       PUBLIC        PX0L
  B:00D0H.2       PUBLIC        OV
  B:0090H.1       PUBLIC        SS
  B:00B8H.2       PUBLIC        PX1L
  B:00C8H.5       PUBLIC        RCLK
  B:00C8H.4       PUBLIC        TCLK
  B:00B8H.6       PUBLIC        PPCL
  B:00A0H.4       PUBLIC        REDLED
  D:0098H         PUBLIC        SCON
  B:00A0H.6       PUBLIC        YELLOWLED
  B:0090H.4       PUBLIC        nCS0
  B:0080H.0       PUBLIC        AD0
  D:0088H         PUBLIC        TCON
  B:0080H.1       PUBLIC        AD1
  B:0080H.2       PUBLIC        AD2
  B:00B0H.1       PUBLIC        per_RxD
BL51 BANKED LINKER/LOCATER V4.02                                                      12/08/2019  19:04:45  PAGE 21


  B:00C8H.1       PUBLIC        CnT2
  B:0080H.3       PUBLIC        AD3
  B:0090H.5       PUBLIC        MISO
  B:0090H.7       PUBLIC        MOSI
  B:0080H.4       PUBLIC        AD4
  B:00B0H.0       PUBLIC        per_TxD
  B:0080H.5       PUBLIC        AD5
  B:0080H.6       PUBLIC        AD6
  B:0080H.7       PUBLIC        AD7
  B:00A0H.0       PUBLIC        AD8
  B:00A0H.1       PUBLIC        AD9
  B:0088H.1       PUBLIC        IE0
  B:00A0H.7       PUBLIC        AMBERLED
  B:0088H.3       PUBLIC        IE1
  B:00B0H.7       PUBLIC        E
  B:00A0H.5       PUBLIC        GREENLED
  B:00A8H.1       PUBLIC        ET0
  B:00A8H.3       PUBLIC        ET1
  B:0088H.5       PUBLIC        TF0
  B:00A8H.5       PUBLIC        ET2
  B:0088H.7       PUBLIC        TF1
  B:00C8H.7       PUBLIC        TF2
  B:0098H.2       PUBLIC        RB8
  B:00A8H.0       PUBLIC        EX0
  B:0088H.0       PUBLIC        IT0
  B:0098H.3       PUBLIC        TB8
  B:00A8H.2       PUBLIC        EX1
  B:0088H.2       PUBLIC        IT1
  B:00D0H.0       PUBLIC        P
  B:0098H.7       PUBLIC        SM0
  B:0090H.2       PUBLIC        ECI
  B:0098H.6       PUBLIC        SM1
  B:0098H.5       PUBLIC        SM2
  B:00D0H.3       PUBLIC        RS0
  B:0088H.4       PUBLIC        TR0
  B:00D0H.4       PUBLIC        RS1
  B:0090H.6       PUBLIC        per_SCLK
  B:0088H.6       PUBLIC        TR1
  B:00C8H.2       PUBLIC        TR2
  B:00A0H.0       PUBLIC        SW1
  B:00A0H.1       PUBLIC        SW2
  B:00A0H.2       PUBLIC        SW3
  B:00A0H.3       PUBLIC        SW4
  B:0090H.6       PUBLIC        SCK
  B:0090H.7       PUBLIC        per_MOSI
  B:0090H.5       PUBLIC        per_MISO
  B:00C8H.3       PUBLIC        EXEN2
  B:0098H.4       PUBLIC        REN
  B:00A0H.2       PUBLIC        AD10
  B:00A0H.3       PUBLIC        AD11
  D:00C8H         PUBLIC        T2CON
  B:00A0H.4       PUBLIC        AD12
  B:00A0H.5       PUBLIC        AD13
  B:00A0H.6       PUBLIC        AD14
  B:00A0H.7       PUBLIC        AD15
  B:00B8H.4       PUBLIC        PLS
  B:00D0H.5       PUBLIC        F0
BL51 BANKED LINKER/LOCATER V4.02                                                      12/08/2019  19:04:45  PAGE 22


  B:00D0H.1       PUBLIC        F1
  D:00D0H         PUBLIC        PSW
  B:00D8H.0       PUBLIC        CCF0
  B:00D8H.1       PUBLIC        CCF1
  -------         PROC          _LCD_WRITE
  D:0007H         SYMBOL        RegSelect
  D:003BH         SYMBOL        LCD_Data
  C:3938H         LINE#         14
  C:393AH         LINE#         15
  C:393AH         LINE#         16
  C:393DH         LINE#         17
  C:393DH         LINE#         18
  C:3942H         LINE#         19
  C:3944H         LINE#         21
  C:3944H         LINE#         22
  C:3949H         LINE#         23
  C:3949H         LINE#         24
  C:394EH         LINE#         25
  C:3953H         LINE#         26
  C:3958H         LINE#         27
  C:395DH         LINE#         28
  -------         ENDPROC       _LCD_WRITE
  -------         ENDMOD        LCD_HARDWARE_FUNCTIONS

  -------         MODULE        LCD_ROUTINES
  C:0000H         SYMBOL        _ICE_DUMMY_
  B:00D8H.2       PUBLIC        CCF2
  B:00D8H.3       PUBLIC        CCF3
  D:0080H         PUBLIC        P0
  B:00D8H.4       PUBLIC        CCF4
  D:0090H         PUBLIC        P1
  D:00A0H         PUBLIC        P2
  D:00B0H         PUBLIC        P3
  B:00B0H.4       PUBLIC        T0
  B:00D0H.6       PUBLIC        AC
  B:00B0H.5       PUBLIC        T1
  B:00B0H.7       PUBLIC        nRD
  B:0090H.0       PUBLIC        T2
  B:00A8H.7       PUBLIC        EA
  B:00A8H.6       PUBLIC        EC
  B:00D8H.7       PUBLIC        CF
  B:00B0H.2       PUBLIC        nINT0
  B:0098H.7       PUBLIC        FE
  B:00B0H.3       PUBLIC        nINT1
  D:00A8H         PUBLIC        IEN0
  B:00B0H.0       PUBLIC        RxD
  B:00B0H.1       PUBLIC        TxD
  B:0090H.3       PUBLIC        CEX0
  B:0090H.4       PUBLIC        CEX1
  B:00C8H.0       PUBLIC        CP
  B:00D8H.6       PUBLIC        CR
  B:00C8H.6       PUBLIC        EXF2
  D:00B8H         PUBLIC        IPL0
  B:00B0H.6       PUBLIC        nWR
  B:00A8H.4       PUBLIC        ES
  B:0098H.0       PUBLIC        RI
  B:00D0H.7       PUBLIC        CY
BL51 BANKED LINKER/LOCATER V4.02                                                      12/08/2019  19:04:45  PAGE 23


  B:0098H.1       PUBLIC        TI
  B:00B8H.1       PUBLIC        PT0L
  B:00B8H.3       PUBLIC        PT1L
  B:00B8H.5       PUBLIC        PT2L
  B:0090H.1       PUBLIC        T2EX
  D:00D8H         PUBLIC        CCON
  B:00B8H.0       PUBLIC        PX0L
  B:00D0H.2       PUBLIC        OV
  B:0090H.1       PUBLIC        SS
  B:00B8H.2       PUBLIC        PX1L
  B:00C8H.5       PUBLIC        RCLK
  B:00C8H.4       PUBLIC        TCLK
  B:00B8H.6       PUBLIC        PPCL
  D:0098H         PUBLIC        SCON
  B:0080H.0       PUBLIC        AD0
  D:0088H         PUBLIC        TCON
  B:0080H.1       PUBLIC        AD1
  B:0080H.2       PUBLIC        AD2
  B:00C8H.1       PUBLIC        CnT2
  B:0080H.3       PUBLIC        AD3
  B:0090H.5       PUBLIC        MISO
  B:0090H.7       PUBLIC        MOSI
  B:0080H.4       PUBLIC        AD4
  B:0080H.5       PUBLIC        AD5
  B:0080H.6       PUBLIC        AD6
  B:0080H.7       PUBLIC        AD7
  B:00A0H.0       PUBLIC        AD8
  B:00A0H.1       PUBLIC        AD9
  B:0088H.1       PUBLIC        IE0
  B:0088H.3       PUBLIC        IE1
  C:35C0H         PUBLIC        _LCD_print
  B:00A8H.1       PUBLIC        ET0
  C:3896H         PUBLIC        LCD_Init
  B:00A8H.3       PUBLIC        ET1
  B:0088H.5       PUBLIC        TF0
  B:00A8H.5       PUBLIC        ET2
  B:0088H.7       PUBLIC        TF1
  B:00C8H.7       PUBLIC        TF2
  B:0098H.2       PUBLIC        RB8
  B:00A8H.0       PUBLIC        EX0
  B:0088H.0       PUBLIC        IT0
  B:0098H.3       PUBLIC        TB8
  B:00A8H.2       PUBLIC        EX1
  B:0088H.2       PUBLIC        IT1
  B:00D0H.0       PUBLIC        P
  B:0098H.7       PUBLIC        SM0
  B:0090H.2       PUBLIC        ECI
  B:0098H.6       PUBLIC        SM1
  B:0098H.5       PUBLIC        SM2
  B:00D0H.3       PUBLIC        RS0
  B:0088H.4       PUBLIC        TR0
  B:00D0H.4       PUBLIC        RS1
  B:0088H.6       PUBLIC        TR1
  B:00C8H.2       PUBLIC        TR2
  B:0090H.6       PUBLIC        SCK
  B:00C8H.3       PUBLIC        EXEN2
  B:0098H.4       PUBLIC        REN
BL51 BANKED LINKER/LOCATER V4.02                                                      12/08/2019  19:04:45  PAGE 24


  B:00A0H.2       PUBLIC        AD10
  B:00A0H.3       PUBLIC        AD11
  D:00C8H         PUBLIC        T2CON
  B:00A0H.4       PUBLIC        AD12
  B:00A0H.5       PUBLIC        AD13
  B:00A0H.6       PUBLIC        AD14
  B:00A0H.7       PUBLIC        AD15
  B:00B8H.4       PUBLIC        PLS
  B:00D0H.5       PUBLIC        F0
  B:00D0H.1       PUBLIC        F1
  D:00D0H         PUBLIC        PSW
  B:00D8H.0       PUBLIC        CCF0
  B:00D8H.1       PUBLIC        CCF1
  -------         PROC          LCD_INIT
  C:3896H         LINE#         14
  C:3896H         LINE#         15
  C:3896H         LINE#         16
  C:389DH         LINE#         17
  C:38A4H         LINE#         18
  C:38ABH         LINE#         19
  C:38B2H         LINE#         20
  C:38B9H         LINE#         21
  C:38C0H         LINE#         22
  C:38C7H         LINE#         23
  -------         ENDPROC       LCD_INIT
  -------         PROC          _LCD_PRINT
  D:0007H         SYMBOL        address
  D:0035H         SYMBOL        num_bytes
  D:0036H         SYMBOL        array_name_p
  -------         DO            array_name_p
  D:0039H         SYMBOL        index
  D:003AH         SYMBOL        character
  -------         ENDDO         character
  C:35C0H         LINE#         28
  C:35C8H         LINE#         29
  C:35C8H         LINE#         31
  C:35CCH         LINE#         32
  C:35CCH         LINE#         33
  C:35D5H         LINE#         34
  C:35DCH         LINE#         35
  C:35DCH         LINE#         36
  C:35E0H         LINE#         37
  C:35E0H         LINE#         38
  C:35E2H         LINE#         39
  C:35F2H         LINE#         40
  C:35F6H         LINE#         41
  C:35F6H         LINE#         42
  C:35FCH         LINE#         43
  C:3603H         LINE#         44
  C:3605H         LINE#         45
  C:3616H         LINE#         46
  C:3618H         LINE#         47
  C:3618H         LINE#         49
  C:3618H         LINE#         50
  C:3622H         LINE#         51
  C:3622H         LINE#         52
  C:3633H         LINE#         53
BL51 BANKED LINKER/LOCATER V4.02                                                      12/08/2019  19:04:45  PAGE 25


  C:3639H         LINE#         54
  C:3640H         LINE#         55
  C:3644H         LINE#         56
  C:3644H         LINE#         57
  -------         ENDPROC       _LCD_PRINT
  -------         ENDMOD        LCD_ROUTINES

  -------         MODULE        LED_CONTROL
  C:0000H         SYMBOL        _ICE_DUMMY_
  B:00D8H.2       PUBLIC        CCF2
  B:00D8H.3       PUBLIC        CCF3
  D:0080H         PUBLIC        P0
  B:00D8H.4       PUBLIC        CCF4
  D:0090H         PUBLIC        P1
  D:00A0H         PUBLIC        P2
  D:00B0H         PUBLIC        P3
  B:00B0H.4       PUBLIC        T0
  B:00D0H.6       PUBLIC        AC
  B:00B0H.5       PUBLIC        T1
  B:00B0H.7       PUBLIC        nRD
  B:0090H.0       PUBLIC        T2
  B:00A8H.7       PUBLIC        EA
  C:3A4FH         PUBLIC        _LEDS_ON
  B:00A8H.6       PUBLIC        EC
  B:00D8H.7       PUBLIC        CF
  B:00B0H.2       PUBLIC        nINT0
  B:0098H.7       PUBLIC        FE
  B:00B0H.3       PUBLIC        nINT1
  D:00A8H         PUBLIC        IEN0
  B:00B0H.0       PUBLIC        RxD
  B:0090H.0       PUBLIC        P1_0
  B:00B0H.1       PUBLIC        TxD
  B:0090H.3       PUBLIC        CEX0
  B:0090H.1       PUBLIC        P1_1
  B:0090H.4       PUBLIC        CEX1
  B:0090H.2       PUBLIC        P1_2
  B:00C8H.0       PUBLIC        CP
  B:0090H.3       PUBLIC        P1_3
  B:00B0H.2       PUBLIC        P3_2
  B:00D8H.6       PUBLIC        CR
  B:00B0H.3       PUBLIC        P3_3
  B:00C8H.6       PUBLIC        EXF2
  D:00B8H         PUBLIC        IPL0
  B:00B0H.4       PUBLIC        P3_4
  B:00B0H.5       PUBLIC        P3_5
  B:00B0H.6       PUBLIC        nWR
  B:00A8H.4       PUBLIC        ES
  B:0098H.0       PUBLIC        RI
  B:00D0H.7       PUBLIC        CY
  B:0098H.1       PUBLIC        TI
  B:00B8H.1       PUBLIC        PT0L
  B:00B8H.3       PUBLIC        PT1L
  B:00B8H.5       PUBLIC        PT2L
  B:0090H.1       PUBLIC        T2EX
  D:00D8H         PUBLIC        CCON
  B:00B0H.6       PUBLIC        RS
  B:00B8H.0       PUBLIC        PX0L
BL51 BANKED LINKER/LOCATER V4.02                                                      12/08/2019  19:04:45  PAGE 26


  B:00D0H.2       PUBLIC        OV
  B:0090H.1       PUBLIC        SS
  B:00B8H.2       PUBLIC        PX1L
  B:00C8H.5       PUBLIC        RCLK
  B:00C8H.4       PUBLIC        TCLK
  B:00B8H.6       PUBLIC        PPCL
  B:00A0H.4       PUBLIC        REDLED
  D:0098H         PUBLIC        SCON
  B:00A0H.6       PUBLIC        YELLOWLED
  B:0090H.4       PUBLIC        nCS0
  B:0080H.0       PUBLIC        AD0
  D:0088H         PUBLIC        TCON
  B:0080H.1       PUBLIC        AD1
  B:0080H.2       PUBLIC        AD2
  B:00B0H.1       PUBLIC        per_RxD
  B:00C8H.1       PUBLIC        CnT2
  B:0080H.3       PUBLIC        AD3
  B:0090H.5       PUBLIC        MISO
  B:0090H.7       PUBLIC        MOSI
  B:0080H.4       PUBLIC        AD4
  B:00B0H.0       PUBLIC        per_TxD
  B:0080H.5       PUBLIC        AD5
  B:0080H.6       PUBLIC        AD6
  B:0080H.7       PUBLIC        AD7
  B:00A0H.0       PUBLIC        AD8
  B:00A0H.1       PUBLIC        AD9
  B:0088H.1       PUBLIC        IE0
  B:00A0H.7       PUBLIC        AMBERLED
  B:0088H.3       PUBLIC        IE1
  B:00B0H.7       PUBLIC        E
  C:3A63H         PUBLIC        _LEDS_OFF
  B:00A0H.5       PUBLIC        GREENLED
  B:00A8H.1       PUBLIC        ET0
  B:00A8H.3       PUBLIC        ET1
  B:0088H.5       PUBLIC        TF0
  B:00A8H.5       PUBLIC        ET2
  B:0088H.7       PUBLIC        TF1
  B:00C8H.7       PUBLIC        TF2
  B:0098H.2       PUBLIC        RB8
  B:00A8H.0       PUBLIC        EX0
  B:0088H.0       PUBLIC        IT0
  B:0098H.3       PUBLIC        TB8
  B:00A8H.2       PUBLIC        EX1
  B:0088H.2       PUBLIC        IT1
  B:00D0H.0       PUBLIC        P
  B:0098H.7       PUBLIC        SM0
  B:0090H.2       PUBLIC        ECI
  B:0098H.6       PUBLIC        SM1
  B:0098H.5       PUBLIC        SM2
  B:00D0H.3       PUBLIC        RS0
  B:0088H.4       PUBLIC        TR0
  B:00D0H.4       PUBLIC        RS1
  B:0090H.6       PUBLIC        per_SCLK
  B:0088H.6       PUBLIC        TR1
  B:00C8H.2       PUBLIC        TR2
  B:00A0H.0       PUBLIC        SW1
  B:00A0H.1       PUBLIC        SW2
BL51 BANKED LINKER/LOCATER V4.02                                                      12/08/2019  19:04:45  PAGE 27


  B:00A0H.2       PUBLIC        SW3
  B:00A0H.3       PUBLIC        SW4
  B:0090H.6       PUBLIC        SCK
  B:0090H.7       PUBLIC        per_MOSI
  B:0090H.5       PUBLIC        per_MISO
  B:00C8H.3       PUBLIC        EXEN2
  B:0098H.4       PUBLIC        REN
  B:00A0H.2       PUBLIC        AD10
  B:00A0H.3       PUBLIC        AD11
  D:00C8H         PUBLIC        T2CON
  B:00A0H.4       PUBLIC        AD12
  B:00A0H.5       PUBLIC        AD13
  B:00A0H.6       PUBLIC        AD14
  B:00A0H.7       PUBLIC        AD15
  B:00B8H.4       PUBLIC        PLS
  B:00D0H.5       PUBLIC        F0
  B:00D0H.1       PUBLIC        F1
  D:00D0H         PUBLIC        PSW
  B:00D8H.0       PUBLIC        CCF0
  B:00D8H.1       PUBLIC        CCF1
  -------         PROC          _LEDS_ON
  D:0007H         SYMBOL        LED_mask
  C:3A4FH         LINE#         13
  C:3A4FH         LINE#         14
  C:3A4FH         LINE#         15
  C:3A53H         LINE#         16
  -------         ENDPROC       _LEDS_ON
  -------         PROC          _LEDS_OFF
  D:0007H         SYMBOL        LED_mask
  C:3A63H         LINE#         26
  C:3A63H         LINE#         27
  C:3A63H         LINE#         28
  C:3A66H         LINE#         29
  -------         ENDPROC       _LEDS_OFF
  -------         ENDMOD        LED_CONTROL

  -------         MODULE        LONG_SERIAL_IN
  C:0000H         SYMBOL        _ICE_DUMMY_
  B:00D8H.2       PUBLIC        CCF2
  B:00D8H.3       PUBLIC        CCF3
  D:0080H         PUBLIC        P0
  B:00D8H.4       PUBLIC        CCF4
  D:0090H         PUBLIC        P1
  D:00A0H         PUBLIC        P2
  D:00B0H         PUBLIC        P3
  B:00B0H.4       PUBLIC        T0
  B:00D0H.6       PUBLIC        AC
  B:00B0H.5       PUBLIC        T1
  B:00B0H.7       PUBLIC        nRD
  B:0090H.0       PUBLIC        T2
  B:00A8H.7       PUBLIC        EA
  B:00A8H.6       PUBLIC        EC
  B:00D8H.7       PUBLIC        CF
  B:00B0H.2       PUBLIC        nINT0
  B:0098H.7       PUBLIC        FE
  B:00B0H.3       PUBLIC        nINT1
  D:00A8H         PUBLIC        IEN0
BL51 BANKED LINKER/LOCATER V4.02                                                      12/08/2019  19:04:45  PAGE 28


  B:00B0H.0       PUBLIC        RxD
  B:00B0H.1       PUBLIC        TxD
  B:0090H.3       PUBLIC        CEX0
  B:0090H.4       PUBLIC        CEX1
  B:00C8H.0       PUBLIC        CP
  B:00D8H.6       PUBLIC        CR
  B:00C8H.6       PUBLIC        EXF2
  D:00B8H         PUBLIC        IPL0
  B:00B0H.6       PUBLIC        nWR
  B:00A8H.4       PUBLIC        ES
  B:0098H.0       PUBLIC        RI
  B:00D0H.7       PUBLIC        CY
  B:0098H.1       PUBLIC        TI
  B:00B8H.1       PUBLIC        PT0L
  B:00B8H.3       PUBLIC        PT1L
  B:00B8H.5       PUBLIC        PT2L
  B:0090H.1       PUBLIC        T2EX
  D:00D8H         PUBLIC        CCON
  B:00B8H.0       PUBLIC        PX0L
  B:00D0H.2       PUBLIC        OV
  B:0090H.1       PUBLIC        SS
  B:00B8H.2       PUBLIC        PX1L
  C:2FD4H         PUBLIC        long_serial_input
  B:00C8H.5       PUBLIC        RCLK
  B:00C8H.4       PUBLIC        TCLK
  B:00B8H.6       PUBLIC        PPCL
  D:0098H         PUBLIC        SCON
  B:0080H.0       PUBLIC        AD0
  D:0088H         PUBLIC        TCON
  B:0080H.1       PUBLIC        AD1
  B:0080H.2       PUBLIC        AD2
  B:00C8H.1       PUBLIC        CnT2
  B:0080H.3       PUBLIC        AD3
  B:0090H.5       PUBLIC        MISO
  B:0090H.7       PUBLIC        MOSI
  B:0080H.4       PUBLIC        AD4
  B:0080H.5       PUBLIC        AD5
  B:0080H.6       PUBLIC        AD6
  B:0080H.7       PUBLIC        AD7
  B:00A0H.0       PUBLIC        AD8
  B:00A0H.1       PUBLIC        AD9
  B:0088H.1       PUBLIC        IE0
  B:0088H.3       PUBLIC        IE1
  B:00A8H.1       PUBLIC        ET0
  B:00A8H.3       PUBLIC        ET1
  B:0088H.5       PUBLIC        TF0
  B:00A8H.5       PUBLIC        ET2
  B:0088H.7       PUBLIC        TF1
  B:00C8H.7       PUBLIC        TF2
  B:0098H.2       PUBLIC        RB8
  B:00A8H.0       PUBLIC        EX0
  B:0088H.0       PUBLIC        IT0
  B:0098H.3       PUBLIC        TB8
  B:00A8H.2       PUBLIC        EX1
  B:0088H.2       PUBLIC        IT1
  B:00D0H.0       PUBLIC        P
  B:0098H.7       PUBLIC        SM0
BL51 BANKED LINKER/LOCATER V4.02                                                      12/08/2019  19:04:45  PAGE 29


  B:0090H.2       PUBLIC        ECI
  B:0098H.6       PUBLIC        SM1
  B:0098H.5       PUBLIC        SM2
  B:00D0H.3       PUBLIC        RS0
  B:0088H.4       PUBLIC        TR0
  B:00D0H.4       PUBLIC        RS1
  B:0088H.6       PUBLIC        TR1
  B:00C8H.2       PUBLIC        TR2
  B:0090H.6       PUBLIC        SCK
  B:00C8H.3       PUBLIC        EXEN2
  B:0098H.4       PUBLIC        REN
  B:00A0H.2       PUBLIC        AD10
  B:00A0H.3       PUBLIC        AD11
  D:00C8H         PUBLIC        T2CON
  B:00A0H.4       PUBLIC        AD12
  B:00A0H.5       PUBLIC        AD13
  B:00A0H.6       PUBLIC        AD14
  B:00A0H.7       PUBLIC        AD15
  B:00B8H.4       PUBLIC        PLS
  B:00D0H.5       PUBLIC        F0
  B:00D0H.1       PUBLIC        F1
  D:00D0H         PUBLIC        PSW
  B:00D8H.0       PUBLIC        CCF0
  B:00D8H.1       PUBLIC        CCF1
  -------         PROC          LONG_SERIAL_INPUT
  -------         DO            LONG_SERIAL_INPUT
  D:0035H         SYMBOL        index
  D:0036H         SYMBOL        input
  D:0037H         SYMBOL        input_values
  D:0042H         SYMBOL        output_value
  -------         ENDDO         output_value
  C:2FD4H         LINE#         16
  C:2FD4H         LINE#         17
  C:2FD4H         LINE#         20
  C:2FD7H         LINE#         21
  C:2FD7H         LINE#         22
  C:2FDEH         LINE#         23
  C:2FE5H         LINE#         24
  C:2FEFH         LINE#         25
  C:2FF2H         LINE#         27
  C:2FF2H         LINE#         28
  C:2FF7H         LINE#         29
  C:3005H         LINE#         30
  C:3005H         LINE#         31
  C:300CH         LINE#         32
  C:300EH         LINE#         33
  C:3013H         LINE#         34
  C:3015H         LINE#         35
  C:3020H         LINE#         36
  C:3020H         LINE#         37
  C:3022H         LINE#         38
  C:3029H         LINE#         39
  C:302EH         LINE#         40
  C:3033H         LINE#         41
  C:3038H         LINE#         42
  C:303AH         LINE#         43
  C:3045H         LINE#         44
BL51 BANKED LINKER/LOCATER V4.02                                                      12/08/2019  19:04:45  PAGE 30


  C:3045H         LINE#         45
  C:3056H         LINE#         46
  C:305BH         LINE#         47
  C:3060H         LINE#         48
  C:3062H         LINE#         50
  C:3062H         LINE#         51
  C:3065H         LINE#         52
  C:3065H         LINE#         53
  C:306AH         LINE#         54
  C:306AH         LINE#         55
  C:307BH         LINE#         56
  C:3080H         LINE#         57
  C:3085H         LINE#         58
  C:3085H         LINE#         59
  C:309CH         LINE#         61
  C:30A4H         LINE#         62
  -------         ENDPROC       LONG_SERIAL_INPUT
  -------         ENDMOD        LONG_SERIAL_IN

  -------         MODULE        OUTPUTS
  C:0000H         SYMBOL        _ICE_DUMMY_
  B:00D8H.2       PUBLIC        CCF2
  B:00D8H.3       PUBLIC        CCF3
  D:0080H         PUBLIC        P0
  B:00D8H.4       PUBLIC        CCF4
  D:0090H         PUBLIC        P1
  D:00A0H         PUBLIC        P2
  D:00B0H         PUBLIC        P3
  B:00B0H.4       PUBLIC        T0
  B:00D0H.6       PUBLIC        AC
  B:00B0H.5       PUBLIC        T1
  B:00B0H.7       PUBLIC        nRD
  B:0090H.0       PUBLIC        T2
  B:00A8H.7       PUBLIC        EA
  B:00A8H.6       PUBLIC        EC
  B:00D8H.7       PUBLIC        CF
  C:3A77H         PUBLIC        _P0_output_bits
  B:00B0H.2       PUBLIC        nINT0
  B:0098H.7       PUBLIC        FE
  B:00B0H.3       PUBLIC        nINT1
  D:00A8H         PUBLIC        IEN0
  B:00B0H.0       PUBLIC        RxD
  B:0090H.0       PUBLIC        P1_0
  B:00B0H.1       PUBLIC        TxD
  B:0090H.3       PUBLIC        CEX0
  B:0090H.1       PUBLIC        P1_1
  B:0090H.4       PUBLIC        CEX1
  B:0090H.2       PUBLIC        P1_2
  B:00C8H.0       PUBLIC        CP
  B:0090H.3       PUBLIC        P1_3
  B:00B0H.2       PUBLIC        P3_2
  B:00D8H.6       PUBLIC        CR
  B:00B0H.3       PUBLIC        P3_3
  B:00C8H.6       PUBLIC        EXF2
  D:00B8H         PUBLIC        IPL0
  B:00B0H.4       PUBLIC        P3_4
  B:00B0H.5       PUBLIC        P3_5
BL51 BANKED LINKER/LOCATER V4.02                                                      12/08/2019  19:04:45  PAGE 31


  B:00B0H.6       PUBLIC        nWR
  B:00A8H.4       PUBLIC        ES
  B:0098H.0       PUBLIC        RI
  B:00D0H.7       PUBLIC        CY
  B:0098H.1       PUBLIC        TI
  B:00B8H.1       PUBLIC        PT0L
  B:00B8H.3       PUBLIC        PT1L
  B:00B8H.5       PUBLIC        PT2L
  B:0090H.1       PUBLIC        T2EX
  D:00D8H         PUBLIC        CCON
  B:00B0H.6       PUBLIC        RS
  B:00B8H.0       PUBLIC        PX0L
  B:00D0H.2       PUBLIC        OV
  B:0090H.1       PUBLIC        SS
  B:00B8H.2       PUBLIC        PX1L
  B:00C8H.5       PUBLIC        RCLK
  B:00C8H.4       PUBLIC        TCLK
  B:00B8H.6       PUBLIC        PPCL
  C:3A67H         PUBLIC        _P2_set_bit
  C:3A6BH         PUBLIC        _P3_set_bit
  B:00A0H.4       PUBLIC        REDLED
  D:0098H         PUBLIC        SCON
  B:00A0H.6       PUBLIC        YELLOWLED
  B:0090H.4       PUBLIC        nCS0
  B:0080H.0       PUBLIC        AD0
  D:0088H         PUBLIC        TCON
  B:0080H.1       PUBLIC        AD1
  B:0080H.2       PUBLIC        AD2
  B:00B0H.1       PUBLIC        per_RxD
  B:00C8H.1       PUBLIC        CnT2
  B:0080H.3       PUBLIC        AD3
  B:0090H.5       PUBLIC        MISO
  B:0090H.7       PUBLIC        MOSI
  B:0080H.4       PUBLIC        AD4
  B:00B0H.0       PUBLIC        per_TxD
  B:0080H.5       PUBLIC        AD5
  B:0080H.6       PUBLIC        AD6
  B:0080H.7       PUBLIC        AD7
  B:00A0H.0       PUBLIC        AD8
  B:00A0H.1       PUBLIC        AD9
  B:0088H.1       PUBLIC        IE0
  B:00A0H.7       PUBLIC        AMBERLED
  B:0088H.3       PUBLIC        IE1
  B:00B0H.7       PUBLIC        E
  B:00A0H.5       PUBLIC        GREENLED
  B:00A8H.1       PUBLIC        ET0
  B:00A8H.3       PUBLIC        ET1
  B:0088H.5       PUBLIC        TF0
  B:00A8H.5       PUBLIC        ET2
  B:0088H.7       PUBLIC        TF1
  B:00C8H.7       PUBLIC        TF2
  B:0098H.2       PUBLIC        RB8
  B:00A8H.0       PUBLIC        EX0
  B:0088H.0       PUBLIC        IT0
  B:0098H.3       PUBLIC        TB8
  B:00A8H.2       PUBLIC        EX1
  B:0088H.2       PUBLIC        IT1
BL51 BANKED LINKER/LOCATER V4.02                                                      12/08/2019  19:04:45  PAGE 32


  B:00D0H.0       PUBLIC        P
  B:0098H.7       PUBLIC        SM0
  B:0090H.2       PUBLIC        ECI
  B:0098H.6       PUBLIC        SM1
  B:0098H.5       PUBLIC        SM2
  B:00D0H.3       PUBLIC        RS0
  B:0088H.4       PUBLIC        TR0
  B:00D0H.4       PUBLIC        RS1
  B:0090H.6       PUBLIC        per_SCLK
  B:0088H.6       PUBLIC        TR1
  B:00C8H.2       PUBLIC        TR2
  B:00A0H.0       PUBLIC        SW1
  B:00A0H.1       PUBLIC        SW2
  B:00A0H.2       PUBLIC        SW3
  B:00A0H.3       PUBLIC        SW4
  B:0090H.6       PUBLIC        SCK
  B:0090H.7       PUBLIC        per_MOSI
  B:0090H.5       PUBLIC        per_MISO
  B:00C8H.3       PUBLIC        EXEN2
  B:0098H.4       PUBLIC        REN
  B:00A0H.2       PUBLIC        AD10
  B:00A0H.3       PUBLIC        AD11
  D:00C8H         PUBLIC        T2CON
  B:00A0H.4       PUBLIC        AD12
  B:00A0H.5       PUBLIC        AD13
  B:00A0H.6       PUBLIC        AD14
  B:00A0H.7       PUBLIC        AD15
  C:3A54H         PUBLIC        _P3_clear_bit
  B:00B8H.4       PUBLIC        PLS
  B:00D0H.5       PUBLIC        F0
  B:00D0H.1       PUBLIC        F1
  D:00D0H         PUBLIC        PSW
  B:00D8H.0       PUBLIC        CCF0
  B:00D8H.1       PUBLIC        CCF1
  -------         PROC          _P0_OUTPUT_BITS
  D:0007H         SYMBOL        Port_Data
  C:3A77H         LINE#         14
  C:3A77H         LINE#         15
  C:3A77H         LINE#         16
  C:3A79H         LINE#         17
  -------         ENDPROC       _P0_OUTPUT_BITS
  -------         PROC          _P3_CLEAR_BIT
  D:0007H         SYMBOL        Bit_Data
  C:3A54H         LINE#         60
  C:3A54H         LINE#         61
  C:3A54H         LINE#         62
  C:3A58H         LINE#         63
  -------         ENDPROC       _P3_CLEAR_BIT
  -------         PROC          _P2_SET_BIT
  D:0007H         SYMBOL        Bit_Data
  C:3A67H         LINE#         81
  C:3A67H         LINE#         82
  C:3A67H         LINE#         83
  C:3A6AH         LINE#         84
  -------         ENDPROC       _P2_SET_BIT
  -------         PROC          _P3_SET_BIT
  D:0007H         SYMBOL        Bit_Data
BL51 BANKED LINKER/LOCATER V4.02                                                      12/08/2019  19:04:45  PAGE 33


  C:3A6BH         LINE#         86
  C:3A6BH         LINE#         87
  C:3A6BH         LINE#         88
  C:3A6EH         LINE#         89
  -------         ENDPROC       _P3_SET_BIT
  -------         ENDMOD        OUTPUTS

  -------         MODULE        PRINT_BYTES
  C:0000H         SYMBOL        _ICE_DUMMY_
  B:00D8H.2       PUBLIC        CCF2
  B:00D8H.3       PUBLIC        CCF3
  D:0080H         PUBLIC        P0
  B:00D8H.4       PUBLIC        CCF4
  D:0090H         PUBLIC        P1
  D:00A0H         PUBLIC        P2
  D:00B0H         PUBLIC        P3
  B:00B0H.4       PUBLIC        T0
  B:00D0H.6       PUBLIC        AC
  B:00B0H.5       PUBLIC        T1
  B:00B0H.7       PUBLIC        nRD
  B:0090H.0       PUBLIC        T2
  B:00A8H.7       PUBLIC        EA
  B:00A8H.6       PUBLIC        EC
  B:00D8H.7       PUBLIC        CF
  B:00B0H.2       PUBLIC        nINT0
  B:0098H.7       PUBLIC        FE
  B:00B0H.3       PUBLIC        nINT1
  D:00A8H         PUBLIC        IEN0
  B:00B0H.0       PUBLIC        RxD
  B:00B0H.1       PUBLIC        TxD
  B:0090H.3       PUBLIC        CEX0
  B:0090H.4       PUBLIC        CEX1
  B:00C8H.0       PUBLIC        CP
  B:00D8H.6       PUBLIC        CR
  B:00C8H.6       PUBLIC        EXF2
  D:00B8H         PUBLIC        IPL0
  B:00B0H.6       PUBLIC        nWR
  B:00A8H.4       PUBLIC        ES
  B:0098H.0       PUBLIC        RI
  B:00D0H.7       PUBLIC        CY
  B:0098H.1       PUBLIC        TI
  B:00B8H.1       PUBLIC        PT0L
  B:00B8H.3       PUBLIC        PT1L
  B:00B8H.5       PUBLIC        PT2L
  B:0090H.1       PUBLIC        T2EX
  D:00D8H         PUBLIC        CCON
  B:00B8H.0       PUBLIC        PX0L
  B:00D0H.2       PUBLIC        OV
  B:0090H.1       PUBLIC        SS
  B:00B8H.2       PUBLIC        PX1L
  B:00C8H.5       PUBLIC        RCLK
  B:00C8H.4       PUBLIC        TCLK
  B:00B8H.6       PUBLIC        PPCL
  D:0098H         PUBLIC        SCON
  B:0080H.0       PUBLIC        AD0
  D:0088H         PUBLIC        TCON
  B:0080H.1       PUBLIC        AD1
BL51 BANKED LINKER/LOCATER V4.02                                                      12/08/2019  19:04:45  PAGE 34


  B:0080H.2       PUBLIC        AD2
  B:00C8H.1       PUBLIC        CnT2
  B:0080H.3       PUBLIC        AD3
  B:0090H.5       PUBLIC        MISO
  B:0090H.7       PUBLIC        MOSI
  B:0080H.4       PUBLIC        AD4
  B:0080H.5       PUBLIC        AD5
  B:0080H.6       PUBLIC        AD6
  B:0080H.7       PUBLIC        AD7
  B:00A0H.0       PUBLIC        AD8
  B:00A0H.1       PUBLIC        AD9
  B:0088H.1       PUBLIC        IE0
  B:0088H.3       PUBLIC        IE1
  B:00A8H.1       PUBLIC        ET0
  B:00A8H.3       PUBLIC        ET1
  B:0088H.5       PUBLIC        TF0
  B:00A8H.5       PUBLIC        ET2
  B:0088H.7       PUBLIC        TF1
  B:00C8H.7       PUBLIC        TF2
  B:0098H.2       PUBLIC        RB8
  B:00A8H.0       PUBLIC        EX0
  B:0088H.0       PUBLIC        IT0
  B:0098H.3       PUBLIC        TB8
[...]
  B:0098H.2       PUBLIC        RB8
  B:00A8H.0       PUBLIC        EX0
  B:0088H.0       PUBLIC        IT0
  B:0098H.3       PUBLIC        TB8
  B:00A8H.2       PUBLIC        EX1
  B:0088H.2       PUBLIC        IT1
  B:00D0H.0       PUBLIC        P
  B:0098H.7       PUBLIC        SM0
  B:0090H.2       PUBLIC        ECI
  B:0098H.6       PUBLIC        SM1
  B:0098H.5       PUBLIC        SM2
  B:00D0H.3       PUBLIC        RS0
  B:0088H.4       PUBLIC        TR0
  B:00D0H.4       PUBLIC        RS1
  B:0088H.6       PUBLIC        TR1
  B:00C8H.2       PUBLIC        TR2
  B:0090H.6       PUBLIC        SCK
  B:00C8H.3       PUBLIC        EXEN2
  B:0098H.4       PUBLIC        REN
  B:00A0H.2       PUBLIC        AD10
  B:00A0H.3       PUBLIC        AD11
  D:00C8H         PUBLIC        T2CON
  B:00A0H.4       PUBLIC        AD12
  B:00A0H.5       PUBLIC        AD13
  B:00A0H.6       PUBLIC        AD14
  B:00A0H.7       PUBLIC        AD15
  B:00B8H.4       PUBLIC        PLS
  B:00D0H.5       PUBLIC        F0
  B:00D0H.1       PUBLIC        F1
  D:00D0H         PUBLIC        PSW
  B:00D8H.0       PUBLIC        CCF0
  B:00D8H.1       PUBLIC        CCF1
  -------         PROC          STA013_INIT
  -------         DO            STA013_INIT
  D:0035H         SYMBOL        return_value
  D:0036H         SYMBOL        index
  D:0037H         SYMBOL        send_array
  D:003AH         SYMBOL        recv_array
  -------         ENDDO         recv_array
  C:3413H         LINE#         14
BL51 BANKED LINKER/LOCATER V4.02                                                      12/08/2019  19:04:45  PAGE 68


  C:3413H         LINE#         15
  C:3413H         LINE#         17
  C:3416H         LINE#         22
  C:3416H         LINE#         23
  C:3432H         LINE#         24
  C:344FH         LINE#         25
  C:3451H         LINE#         26
  C:3459H         LINE#         27
  C:3465H         LINE#         29
  C:346EH         LINE#         30
  C:3479H         LINE#         31
  C:3480H         LINE#         32
  C:3489H         LINE#         33
  C:3494H         LINE#         34
  C:349BH         LINE#         35
  C:34A4H         LINE#         36
  C:34A6H         LINE#         37
  -------         ENDPROC       STA013_INIT
  -------         PROC          _STA013_CONFIG
  D:003DH         SYMBOL        device_addr
  D:003EH         SYMBOL        config_array
  -------         DO            config_array
  D:0041H         SYMBOL        send_array
  D:0042H         SYMBOL        recv_array
  D:0043H         SYMBOL        internal_addr
  D:0044H         SYMBOL        timeout
  D:0045H         SYMBOL        status
  D:0046H         SYMBOL        index
  -------         ENDDO         index
  C:34A7H         LINE#         40
  C:34AFH         LINE#         41
  C:34AFH         LINE#         47
  C:34B4H         LINE#         50
  C:34B4H         LINE#         51
  C:34B7H         LINE#         52
  C:34C8H         LINE#         53
  C:34D0H         LINE#         54
  C:34DAH         LINE#         55
  C:34E2H         LINE#         57
  C:34E2H         LINE#         58
  C:3501H         LINE#         59
  C:3503H         LINE#         60
  C:350BH         LINE#         61
  C:3528H         LINE#         62
  C:3531H         LINE#         63
  C:3533H         LINE#         64
  -------         ENDPROC       _STA013_CONFIG
  -------         ENDMOD        STA013

  -------         MODULE        CONFIG
  C:002EH         SEGMENT       STA013_CONFIG
  C:002EH         PUBLIC        CONFIG
  C:0FCCH         PUBLIC        CONFIG2
  -------         ENDMOD        CONFIG

  -------         MODULE        MP3
  C:0000H         SYMBOL        _ICE_DUMMY_
BL51 BANKED LINKER/LOCATER V4.02                                                      12/08/2019  19:04:45  PAGE 69


  B:00D8H.2       PUBLIC        CCF2
  B:00D8H.3       PUBLIC        CCF3
  D:0080H         PUBLIC        P0
  B:00D8H.4       PUBLIC        CCF4
  D:0090H         PUBLIC        P1
  I:0038H         PUBLIC        num_sectors_g
  D:00A0H         PUBLIC        P2
  D:00B0H         PUBLIC        P3
  B:00B0H.4       PUBLIC        T0
  B:00D0H.6       PUBLIC        AC
  I:003CH         PUBLIC        play_state_g
  B:00B0H.5       PUBLIC        T1
  B:00B0H.7       PUBLIC        nRD
  B:0090H.0       PUBLIC        T2
  B:00A8H.7       PUBLIC        EA
  B:00A8H.6       PUBLIC        EC
  I:003DH         PUBLIC        play_status_g
  B:00D8H.7       PUBLIC        CF
  B:00B0H.2       PUBLIC        nINT0
  B:0098H.7       PUBLIC        FE
  B:00B0H.3       PUBLIC        nINT1
  D:00A8H         PUBLIC        IEN0
  B:00B0H.0       PUBLIC        RxD
  B:0090H.0       PUBLIC        P1_0
  B:00B0H.1       PUBLIC        TxD
  B:0090H.3       PUBLIC        CEX0
  B:0090H.1       PUBLIC        P1_1
  B:0090H.4       PUBLIC        CEX1
  B:0090H.2       PUBLIC        P1_2
  B:00C8H.0       PUBLIC        CP
  I:003EH         PUBLIC        index1_g
  B:0090H.3       PUBLIC        P1_3
  I:0042H         PUBLIC        index2_g
  B:00B0H.2       PUBLIC        P3_2
  B:00D8H.6       PUBLIC        CR
  B:00B0H.3       PUBLIC        P3_3
  B:00C8H.6       PUBLIC        EXF2
  D:00B8H         PUBLIC        IPL0
  B:00B0H.4       PUBLIC        P3_4
  B:00B0H.5       PUBLIC        P3_5
  B:00B0H.6       PUBLIC        nWR
  B:00A8H.4       PUBLIC        ES
  B:0098H.0       PUBLIC        RI
  B:00D0H.7       PUBLIC        CY
  B:0098H.1       PUBLIC        TI
  B:00B8H.1       PUBLIC        PT0L
  B:00B8H.3       PUBLIC        PT1L
  B:00B8H.5       PUBLIC        PT2L
  B:0090H.1       PUBLIC        T2EX
  D:00D8H         PUBLIC        CCON
  B:00B0H.6       PUBLIC        RS
  B:00B8H.0       PUBLIC        PX0L
  B:00D0H.2       PUBLIC        OV
  B:0090H.1       PUBLIC        SS
  B:00B8H.2       PUBLIC        PX1L
  C:2E08H         PUBLIC        _Play_MP3_file
  B:00C8H.5       PUBLIC        RCLK
BL51 BANKED LINKER/LOCATER V4.02                                                      12/08/2019  19:04:45  PAGE 70


  X:0400H         PUBLIC        buffer1
  B:00C8H.4       PUBLIC        TCLK
  X:0600H         PUBLIC        buffer2
  B:00B8H.6       PUBLIC        PPCL
  D:0087H         PUBLIC        PCON
  B:00A0H.4       PUBLIC        REDLED
  D:0098H         PUBLIC        SCON
  B:00A0H.6       PUBLIC        YELLOWLED
  B:0090H.4       PUBLIC        nCS0
  B:0080H.0       PUBLIC        AD0
  D:0088H         PUBLIC        TCON
  B:0080H.1       PUBLIC        AD1
  B:0080H.2       PUBLIC        AD2
  B:00B0H.1       PUBLIC        per_RxD
  B:00C8H.1       PUBLIC        CnT2
  B:0080H.3       PUBLIC        AD3
  B:0090H.5       PUBLIC        MISO
  B:0090H.7       PUBLIC        MOSI
  B:0080H.4       PUBLIC        AD4
  B:00B0H.0       PUBLIC        per_TxD
  B:0080H.5       PUBLIC        AD5
  B:0080H.6       PUBLIC        AD6
  B:0080H.7       PUBLIC        AD7
  B:00A0H.0       PUBLIC        AD8
  B:00A0H.1       PUBLIC        AD9
  B:0088H.1       PUBLIC        IE0
  B:00A0H.7       PUBLIC        AMBERLED
  B:0088H.3       PUBLIC        IE1
  B:00B0H.7       PUBLIC        E
  B:00A0H.5       PUBLIC        GREENLED
  B:00A8H.1       PUBLIC        ET0
  B:00A8H.3       PUBLIC        ET1
  B:0088H.5       PUBLIC        TF0
  B:00A8H.5       PUBLIC        ET2
  B:0088H.7       PUBLIC        TF1
  B:00C8H.7       PUBLIC        TF2
  B:0098H.2       PUBLIC        RB8
  D:0017H         PUBLIC        Drive_p
  B:00A8H.0       PUBLIC        EX0
  B:0088H.0       PUBLIC        IT0
  I:0046H         PUBLIC        cluster_g
  B:0098H.3       PUBLIC        TB8
  B:00A8H.2       PUBLIC        EX1
  B:0088H.2       PUBLIC        IT1
  B:00D0H.0       PUBLIC        P
  B:0098H.7       PUBLIC        SM0
  B:0090H.2       PUBLIC        ECI
  B:0098H.6       PUBLIC        SM1
  B:0098H.5       PUBLIC        SM2
  B:0090H.3       PUBLIC        BIT_EN
  B:00D0H.3       PUBLIC        RS0
  B:0088H.4       PUBLIC        TR0
  B:00D0H.4       PUBLIC        RS1
  B:0090H.6       PUBLIC        per_SCLK
  B:0088H.6       PUBLIC        TR1
  B:00C8H.2       PUBLIC        TR2
  I:004AH         PUBLIC        sector_g
BL51 BANKED LINKER/LOCATER V4.02                                                      12/08/2019  19:04:45  PAGE 71


  B:00A0H.0       PUBLIC        SW1
  B:00A0H.1       PUBLIC        SW2
  B:00A0H.2       PUBLIC        SW3
  B:00A0H.3       PUBLIC        SW4
  B:0090H.6       PUBLIC        SCK
  B:0090H.7       PUBLIC        per_MOSI
  B:0090H.5       PUBLIC        per_MISO
  B:00C8H.3       PUBLIC        EXEN2
  B:0090H.2       PUBLIC        DATA_REQ
  B:0098H.4       PUBLIC        REN
  B:00A0H.2       PUBLIC        AD10
  B:00A0H.3       PUBLIC        AD11
  D:00C8H         PUBLIC        T2CON
  B:00A0H.4       PUBLIC        AD12
  B:00A0H.5       PUBLIC        AD13
  B:00A0H.6       PUBLIC        AD14
  B:00A0H.7       PUBLIC        AD15
  B:00B8H.4       PUBLIC        PLS
  C:1DD9H         PUBLIC        MP3_Player_ISR
  B:00D0H.5       PUBLIC        F0
  B:00D0H.1       PUBLIC        F1
  D:00D0H         PUBLIC        PSW
  B:00D8H.0       PUBLIC        CCF0
  B:00D8H.1       PUBLIC        CCF1
  -------         PROC          _PLAY_MP3_FILE
  D:0035H         SYMBOL        begin_cluster
  C:2E08H         LINE#         34
  C:2E10H         LINE#         35
  C:2E10H         LINE#         36
  C:2E19H         LINE#         37
  C:2E26H         LINE#         38
  C:2E36H         LINE#         39
  C:2E69H         LINE#         40
  C:2E80H         LINE#         41
  C:2E89H         LINE#         42
  C:2EBCH         LINE#         43
  C:2ED3H         LINE#         44
  C:2EDCH         LINE#         46
  C:2EE0H         LINE#         47
  C:2EE3H         LINE#         48
  C:2EE8H         LINE#         49
  C:2EE8H         LINE#         50
  C:2EE8H         LINE#         51
  C:2EEDH         LINE#         52
  C:2EEDH         LINE#         53
  C:2EEFH         LINE#         54
  C:2EF0H         LINE#         55
  C:2EF0H         LINE#         57
  C:2EF0H         LINE#         58
  C:2EF3H         LINE#         59
  C:2EF3H         LINE#         60
  C:2EF5H         LINE#         61
  -------         ENDPROC       _PLAY_MP3_FILE
  -------         PROC          MP3_PLAYER_ISR
  -------         DO            MP3_PLAYER_ISR
  D:0000H         SYMBOL        temp8
  -------         ENDDO         temp8
BL51 BANKED LINKER/LOCATER V4.02                                                      12/08/2019  19:04:45  PAGE 72


  C:1DD9H         LINE#         63
  C:1DF6H         LINE#         67
  C:1DF8H         LINE#         71
  C:1E19H         LINE#         72
  C:1E19H         LINE#         73
  C:1E19H         LINE#         74
  C:1E19H         LINE#         75
  C:1E1FH         LINE#         76
  C:1E1FH         LINE#         77
  C:1E23H         LINE#         78
  C:1E23H         LINE#         79
  C:1E26H         LINE#         80
  C:1E26H         LINE#         81
  C:1E26H         LINE#         82
  C:1E26H         LINE#         83
  C:1E32H         LINE#         84
  C:1E32H         LINE#         85
  C:1E34H         LINE#         86
  C:1E4EH         LINE#         87
  C:1E50H         LINE#         88
  C:1E67H         LINE#         89
  C:1E79H         LINE#         90
  C:1E79H         LINE#         91
  C:1E8BH         LINE#         92
  C:1E8BH         LINE#         93
  C:1EA4H         LINE#         94
  C:1EA4H         LINE#         95
  C:1EA8H         LINE#         96
  C:1EABH         LINE#         98
  C:1EABH         LINE#         99
  C:1EAFH         LINE#         100
  C:1EAFH         LINE#         101
  C:1EB2H         LINE#         103
  C:1EB2H         LINE#         104
  C:1EB6H         LINE#         105
  C:1EB6H         LINE#         107
  C:1EB6H         LINE#         108
  C:1EB9H         LINE#         109
  C:1EC7H         LINE#         110
  C:1EC7H         LINE#         111
  C:1EDBH         LINE#         112
  C:1EDBH         LINE#         113
  C:1EF4H         LINE#         114
  C:1EF4H         LINE#         115
  C:1EF8H         LINE#         116
  C:1EFBH         LINE#         118
  C:1EFBH         LINE#         119
  C:1EFFH         LINE#         120
  C:1EFFH         LINE#         121
  C:1F02H         LINE#         123
  C:1F02H         LINE#         125
  C:1F02H         LINE#         126
  C:1F02H         LINE#         127
  C:1F02H         LINE#         128
  C:1F02H         LINE#         129
  C:1F02H         LINE#         130
  C:1F02H         LINE#         131
BL51 BANKED LINKER/LOCATER V4.02                                                      12/08/2019  19:04:45  PAGE 73


  C:1F35H         LINE#         132
  C:1F4CH         LINE#         133
  C:1F55H         LINE#         134
  C:1F59H         LINE#         135
  C:1F5CH         LINE#         136
  C:1F5CH         LINE#         137
  C:1F5CH         LINE#         138
  C:1F5CH         LINE#         139
  C:1F8FH         LINE#         140
  C:1FA6H         LINE#         141
  C:1FAFH         LINE#         142
  C:1FB3H         LINE#         143
  C:1FB5H         LINE#         144
  C:1FB5H         LINE#         145
  C:1FB5H         LINE#         146
  C:1FB5H         LINE#         147
  C:1FC8H         LINE#         148
  C:1FDAH         LINE#         149
  C:1FDAH         LINE#         150
  C:1FE7H         LINE#         151
  C:1FF0H         LINE#         152
  C:1FF4H         LINE#         153
  C:1FF6H         LINE#         155
  C:1FF6H         LINE#         156
  C:1FFAH         LINE#         157
  C:1FFDH         LINE#         158
  C:1FFDH         LINE#         159
  C:1FFDH         LINE#         160
  C:1FFDH         LINE#         161
  C:1FFDH         LINE#         162
  -------         ENDPROC       MP3_PLAYER_ISR
  -------         ENDMOD        MP3

  -------         MODULE        ?C?CLDPTR
  C:174CH         PUBLIC        ?C?CLDPTR
  -------         ENDMOD        ?C?CLDPTR

  -------         MODULE        ?C?CLDOPTR
  C:1765H         PUBLIC        ?C?CLDOPTR
  -------         ENDMOD        ?C?CLDOPTR

  -------         MODULE        ?C?CSTPTR
  C:1792H         PUBLIC        ?C?CSTPTR
  -------         ENDMOD        ?C?CSTPTR

  -------         MODULE        ?C?CSTOPTR
  C:17A4H         PUBLIC        ?C?CSTOPTR
  -------         ENDMOD        ?C?CSTOPTR

  -------         MODULE        ?C?UIDIV
  C:17C6H         PUBLIC        ?C?UIDIV
  -------         ENDMOD        ?C?UIDIV

  -------         MODULE        ?C?ILDOPTR
  C:181BH         PUBLIC        ?C?ILDOPTR
  -------         ENDMOD        ?C?ILDOPTR

BL51 BANKED LINKER/LOCATER V4.02                                                      12/08/2019  19:04:45  PAGE 74


  -------         MODULE        ?C?LMUL
  C:1853H         PUBLIC        ?C?LMUL
  -------         ENDMOD        ?C?LMUL

  -------         MODULE        ?C?ULDIV
  C:18DEH         PUBLIC        ?C?ULDIV
  -------         ENDMOD        ?C?ULDIV

  -------         MODULE        ?C?SLCMP
  C:1970H         PUBLIC        ?C?SLCMP
  -------         ENDMOD        ?C?SLCMP

  -------         MODULE        ?C?ULCMP
  C:1986H         PUBLIC        ?C?ULCMP
  -------         ENDMOD        ?C?ULCMP

  -------         MODULE        ?C?ULSHR
  C:1997H         PUBLIC        ?C?ULSHR
  -------         ENDMOD        ?C?ULSHR

  -------         MODULE        ?C?LSHL
  C:19AAH         PUBLIC        ?C?LSHL
  -------         ENDMOD        ?C?LSHL

  -------         MODULE        ?C?LLDOPTR
  C:19BDH         PUBLIC        ?C?LLDOPTR
  -------         ENDMOD        ?C?LLDOPTR

  -------         MODULE        ?C?LLDIDATA
  C:19EDH         PUBLIC        ?C?LLDIDATA
  -------         ENDMOD        ?C?LLDIDATA

  -------         MODULE        ?C?LLDIDATA0
  C:19F9H         PUBLIC        ?C?LLDIDATA0
  -------         ENDMOD        ?C?LLDIDATA0

  -------         MODULE        ?C?LSTIDATA
  C:1A06H         PUBLIC        ?C?LSTIDATA
  -------         ENDMOD        ?C?LSTIDATA

  -------         MODULE        ?C?LSTXDATA
  C:1A12H         PUBLIC        ?C?LSTXDATA
  -------         ENDMOD        ?C?LSTXDATA

  -------         MODULE        ?C?LSTKIDATA
  C:1A1EH         PUBLIC        ?C?LSTKIDATA
  -------         ENDMOD        ?C?LSTKIDATA

  -------         MODULE        PUTCHAR
  C:0003H         PUBLIC        _PUTCHAR
  -------         ENDMOD        PUTCHAR

  -------         MODULE        PRINTF
  D:005AH         PUBLIC        ?_PRINTF517?BYTE
  D:005AH         PUBLIC        ?_PRINTF?BYTE
  D:005AH         PUBLIC        ?_SPRINTF517?BYTE
  D:005AH         PUBLIC        ?_SPRINTF?BYTE
BL51 BANKED LINKER/LOCATER V4.02                                                      12/08/2019  19:04:45  PAGE 75


  C:1452H         PUBLIC        _PRINTF
  C:1452H         PUBLIC        _PRINTF517
  C:144CH         PUBLIC        _SPRINTF
  C:144CH         PUBLIC        _SPRINTF517
  -------         ENDMOD        PRINTF

  -------         MODULE        ATOL
  C:2EF6H         PUBLIC        _ATOL
  -------         ENDMOD        ATOL

  -------         MODULE        ?C?LNEG
  C:1A37H         PUBLIC        ?C?LNEG
  -------         ENDMOD        ?C?LNEG

  -------         MODULE        ?C?LLDXDATA
  C:1A45H         PUBLIC        ?C?LLDXDATA
  -------         ENDMOD        ?C?LLDXDATA

  -------         MODULE        ?C?LLDPDATA
  C:1A51H         PUBLIC        ?C?LLDPDATA
  -------         ENDMOD        ?C?LLDPDATA

  -------         MODULE        ?C?LLDCODE
  C:1A5DH         PUBLIC        ?C?LLDCODE
  -------         ENDMOD        ?C?LLDCODE

  -------         MODULE        ?C?PLDIIDATA
  C:1A6DH         PUBLIC        ?C?PLDIIDATA
  -------         ENDMOD        ?C?PLDIIDATA

  -------         MODULE        ?C?CCASE
  C:1A7DH         PUBLIC        ?C?CCASE
  -------         ENDMOD        ?C?CCASE

  -------         MODULE        ISDIGIT
  C:3A25H         PUBLIC        _ISDIGIT
  -------         ENDMOD        ISDIGIT

  -------         MODULE        ISSPACE
  C:3A12H         PUBLIC        _ISSPACE
  -------         ENDMOD        ISSPACE

*** WARNING L16: UNCALLED SEGMENT, IGNORED FOR OVERLAY PROCESS
    SEGMENT: ?PR?_OPEN_FILE?DIRECTORY_FUNCTIONS_STRUCT

*** WARNING L16: UNCALLED SEGMENT, IGNORED FOR OVERLAY PROCESS
    SEGMENT: ?PR?GO_TO_SLEEP?SEOS

*** WARNING L15: MULTIPLE CALL TO SEGMENT
    SEGMENT: ?PR?_SPI_TRANSFER?SPI
    CALLER1: ?PR?MP3_PLAYER_ISR?MP3
    CALLER2: ?C_C51STARTUP

*** WARNING L15: MULTIPLE CALL TO SEGMENT
    SEGMENT: ?PR?_SEND_COMMAND?SDCARD
    CALLER1: ?PR?MP3_PLAYER_ISR?MP3
    CALLER2: ?C_C51STARTUP
BL51 BANKED LINKER/LOCATER V4.02                                                      12/08/2019  19:04:45  PAGE 76



*** WARNING L15: MULTIPLE CALL TO SEGMENT
    SEGMENT: ?PR?_READ_SECTOR?READ_SECTOR
    CALLER1: ?PR?MP3_PLAYER_ISR?MP3
    CALLER2: ?C_C51STARTUP

*** WARNING L15: MULTIPLE CALL TO SEGMENT
    SEGMENT: ?PR?_READ_BLOCK?SDCARD
    CALLER1: ?PR?MP3_PLAYER_ISR?MP3
    CALLER2: ?C_C51STARTUP

*** WARNING L15: MULTIPLE CALL TO SEGMENT
    SEGMENT: ?PR?_READ32?DIRECTORY_FUNCTIONS_STRUCT
    CALLER1: ?PR?MP3_PLAYER_ISR?MP3
    CALLER2: ?C_C51STARTUP

*** WARNING L15: MULTIPLE CALL TO SEGMENT
    SEGMENT: ?PR?_FIRST_SECTOR?DIRECTORY_FUNCTIONS_STRUCT
    CALLER1: ?PR?MP3_PLAYER_ISR?MP3
    CALLER2: ?C_C51STARTUP

*** ERROR L107: ADDRESS SPACE OVERFLOW
    SPACE:   DATA    
    SEGMENT: _DATA_GROUP_
    LENGTH:  0071H

LINK/LOCATE RUN COMPLETE.  8 WARNING(S),  1 ERROR(S)
