C51 COMPILER V6.02  STA013                                                                 12/08/2019 19:04:44 PAGE 1   


C51 COMPILER V6.02, COMPILATION OF MODULE STA013
OBJECT MODULE PLACED IN .\STA013.OBJ
COMPILER INVOKED BY: C:\Keil\C51\BIN\C51.EXE .\STA013.c DEBUG OBJECTEXTEND

stmt level    source

   1          /* Names: Tyler Andrews, Tyler Tetens, Brennan Campbell
   2           * Experiment 3
   3           */
   4          
   5          #include "Main.h"
   6          #include "STA013.h"
   7          #include "I2C.h"
   8          #include <stdio.h>
   9          #include "Timer0_hardware_delay_1ms.h"
  10          
  11          extern uint8_t code CONFIG;
  12          extern uint8_t code CONFIG2;
  13          
  14          uint8_t STA013_init(void)
  15          {
  16   1      	uint8_t return_value; // variable used for error status
  17   1      	uint8_t index = timeout_val;
  18   1      	uint8_t send_array[3];
  19   1      	uint8_t recv_array[3];
  20   1      
  21   1      	do
  22   1      	{
  23   2      		I2C_write(STA013_device_addr, 0x01, 1, 0, send_array); // setting internal address to 0x01
  24   2      		return_value = I2C_read(STA013_device_addr,0,0,1,recv_array);
  25   2      		index--;
  26   2      	}while((return_value!=no_errors)&&(index!=0));
  27   1      	printf("Received Value = %2.2bX\n\r",recv_array[0]);
  28   1      
  29   1      	printf("--------------------Config 1 Go!!!!--------------------\r\n");
  30   1      	STA013_config(0x43, &CONFIG);
  31   1          Timer0_DELAY_1ms(1000);
  32   1      	printf("--------------------Config 2 Go!!!!--------------------\r\n");
  33   1          STA013_config(0x43, &CONFIG2);
  34   1          Timer0_DELAY_1ms(1000);  
  35   1      	printf("Finished Init...\r\n");
  36   1      	return return_value;
  37   1      }
  38          
  39          
  40          uint8_t STA013_config(uint8_t device_addr, uint8_t * config_array)
  41          {
  42   1          uint8_t send_array[1];
  43   1      	uint8_t recv_array[1];
  44   1          uint8_t internal_addr; // address fro config file
  45   1      	uint8_t timeout;
  46   1      	uint8_t status; // variable to hold error
  47   1          uint16_t index = 0;
  48   1          
  49   1          do 
  50   1      	{
  51   2              timeout = 50; // simple timeout
  52   2              internal_addr = config_array[index];
  53   2              ++index;
  54   2              send_array[0] = config_array[index]; // data to set to address from config file
  55   2              ++index;
C51 COMPILER V6.02  STA013                                                                 12/08/2019 19:04:44 PAGE 2   

  56   2              do
  57   2      		{
  58   3                  status = I2C_write(device_addr, internal_addr, 1, 1, send_array);
  59   3                  --timeout;
  60   3              } while ((status != no_errors) && (timeout != 0));
  61   2      		I2C_read(device_addr, internal_addr,1,1,recv_array);
  62   2          } while ((internal_addr != 0xFF) && (timeout != 0)); // 0xFF is the end of the config file
  63   1          return status;
  64   1      }


MODULE INFORMATION:   STATIC OVERLAYABLE
   CODE SIZE        =    289    ----
   CONSTANT SIZE    =    161    ----
   XDATA SIZE       =   ----    ----
   PDATA SIZE       =   ----    ----
   DATA SIZE        =   ----      19
   IDATA SIZE       =   ----    ----
   BIT SIZE         =   ----    ----
END OF MODULE INFORMATION.


C51 COMPILATION COMPLETE.  0 WARNING(S),  0 ERROR(S)
